<?xml version="1.0" encoding="ISO-8859-1" ?>
<link_info>
   <banner>MSP430 Linker PC v21.6.1.LTS</banner>
   <copyright>Copyright (c) 2003-2018 Texas Instruments Incorporated</copyright>
   <link_time>0x65bff208</link_time>
   <link_errors>0x0</link_errors>
   <output_file>pir_testing.out</output_file>
   <entry_point>
      <name>_c_int00_noargs</name>
      <address>0xe1a2</address>
   </entry_point>
   <input_file_list>
      <input_file id="fl-2">
         <path>.\</path>
         <kind>object</kind>
         <file>pir_test.obj</file>
         <name>pir_test.obj</name>
      </input_file>
      <input_file id="fl-3">
         <path>.\</path>
         <kind>object</kind>
         <file>servo.obj</file>
         <name>servo.obj</name>
      </input_file>
      <input_file id="fl-4">
         <path>.\</path>
         <kind>object</kind>
         <file>ultrasonic.obj</file>
         <name>ultrasonic.obj</name>
      </input_file>
      <input_file id="fl-5">
         <path>.\driverlib\MSP430FR2xx_4xx\</path>
         <kind>object</kind>
         <file>adc.obj</file>
         <name>adc.obj</name>
      </input_file>
      <input_file id="fl-6">
         <path>.\driverlib\MSP430FR2xx_4xx\</path>
         <kind>object</kind>
         <file>crc.obj</file>
         <name>crc.obj</name>
      </input_file>
      <input_file id="fl-7">
         <path>.\driverlib\MSP430FR2xx_4xx\</path>
         <kind>object</kind>
         <file>cs.obj</file>
         <name>cs.obj</name>
      </input_file>
      <input_file id="fl-8">
         <path>.\driverlib\MSP430FR2xx_4xx\</path>
         <kind>object</kind>
         <file>ecomp.obj</file>
         <name>ecomp.obj</name>
      </input_file>
      <input_file id="fl-9">
         <path>.\driverlib\MSP430FR2xx_4xx\</path>
         <kind>object</kind>
         <file>eusci_a_spi.obj</file>
         <name>eusci_a_spi.obj</name>
      </input_file>
      <input_file id="fl-a">
         <path>.\driverlib\MSP430FR2xx_4xx\</path>
         <kind>object</kind>
         <file>eusci_a_uart.obj</file>
         <name>eusci_a_uart.obj</name>
      </input_file>
      <input_file id="fl-b">
         <path>.\driverlib\MSP430FR2xx_4xx\</path>
         <kind>object</kind>
         <file>eusci_b_i2c.obj</file>
         <name>eusci_b_i2c.obj</name>
      </input_file>
      <input_file id="fl-c">
         <path>.\driverlib\MSP430FR2xx_4xx\</path>
         <kind>object</kind>
         <file>eusci_b_spi.obj</file>
         <name>eusci_b_spi.obj</name>
      </input_file>
      <input_file id="fl-d">
         <path>.\driverlib\MSP430FR2xx_4xx\</path>
         <kind>object</kind>
         <file>framctl.obj</file>
         <name>framctl.obj</name>
      </input_file>
      <input_file id="fl-e">
         <path>.\driverlib\MSP430FR2xx_4xx\</path>
         <kind>object</kind>
         <file>gpio.obj</file>
         <name>gpio.obj</name>
      </input_file>
      <input_file id="fl-f">
         <path>.\driverlib\MSP430FR2xx_4xx\</path>
         <kind>object</kind>
         <file>icc.obj</file>
         <name>icc.obj</name>
      </input_file>
      <input_file id="fl-10">
         <path>.\driverlib\MSP430FR2xx_4xx\</path>
         <kind>object</kind>
         <file>lcd_e.obj</file>
         <name>lcd_e.obj</name>
      </input_file>
      <input_file id="fl-11">
         <path>.\driverlib\MSP430FR2xx_4xx\</path>
         <kind>object</kind>
         <file>mpy32.obj</file>
         <name>mpy32.obj</name>
      </input_file>
      <input_file id="fl-12">
         <path>.\driverlib\MSP430FR2xx_4xx\</path>
         <kind>object</kind>
         <file>pmm.obj</file>
         <name>pmm.obj</name>
      </input_file>
      <input_file id="fl-13">
         <path>.\driverlib\MSP430FR2xx_4xx\</path>
         <kind>object</kind>
         <file>rtc.obj</file>
         <name>rtc.obj</name>
      </input_file>
      <input_file id="fl-14">
         <path>.\driverlib\MSP430FR2xx_4xx\</path>
         <kind>object</kind>
         <file>sac.obj</file>
         <name>sac.obj</name>
      </input_file>
      <input_file id="fl-15">
         <path>.\driverlib\MSP430FR2xx_4xx\</path>
         <kind>object</kind>
         <file>sfr.obj</file>
         <name>sfr.obj</name>
      </input_file>
      <input_file id="fl-16">
         <path>.\driverlib\MSP430FR2xx_4xx\</path>
         <kind>object</kind>
         <file>sysctl.obj</file>
         <name>sysctl.obj</name>
      </input_file>
      <input_file id="fl-17">
         <path>.\driverlib\MSP430FR2xx_4xx\</path>
         <kind>object</kind>
         <file>tia.obj</file>
         <name>tia.obj</name>
      </input_file>
      <input_file id="fl-18">
         <path>.\driverlib\MSP430FR2xx_4xx\</path>
         <kind>object</kind>
         <file>timer_a.obj</file>
         <name>timer_a.obj</name>
      </input_file>
      <input_file id="fl-19">
         <path>.\driverlib\MSP430FR2xx_4xx\</path>
         <kind>object</kind>
         <file>timer_b.obj</file>
         <name>timer_b.obj</name>
      </input_file>
      <input_file id="fl-1a">
         <path>.\driverlib\MSP430FR2xx_4xx\</path>
         <kind>object</kind>
         <file>tlv.obj</file>
         <name>tlv.obj</name>
      </input_file>
      <input_file id="fl-1b">
         <path>.\driverlib\MSP430FR2xx_4xx\</path>
         <kind>object</kind>
         <file>wdt_a.obj</file>
         <name>wdt_a.obj</name>
      </input_file>
      <input_file id="fl-20">
         <kind>object</kind>
         <file>&lt;internal&gt;</file>
         <name>&lt;internal&gt;</name>
      </input_file>
      <input_file id="fl-36">
         <path>C:\ti\ccs1250\ccs\tools\compiler\ti-cgt-msp430_21.6.1.LTS\lib\</path>
         <kind>archive</kind>
         <file>rts430x_lc_sd_eabi.lib</file>
         <name>div16s.asm.obj</name>
      </input_file>
      <input_file id="fl-37">
         <path>C:\ti\ccs1250\ccs\tools\compiler\ti-cgt-msp430_21.6.1.LTS\lib\</path>
         <kind>archive</kind>
         <file>rts430x_lc_sd_eabi.lib</file>
         <name>div16u.asm.obj</name>
      </input_file>
      <input_file id="fl-38">
         <path>C:\ti\ccs1250\ccs\tools\compiler\ti-cgt-msp430_21.6.1.LTS\lib\</path>
         <kind>archive</kind>
         <file>rts430x_lc_sd_eabi.lib</file>
         <name>div32s.asm.obj</name>
      </input_file>
      <input_file id="fl-39">
         <path>C:\ti\ccs1250\ccs\tools\compiler\ti-cgt-msp430_21.6.1.LTS\lib\</path>
         <kind>archive</kind>
         <file>rts430x_lc_sd_eabi.lib</file>
         <name>div32u.asm.obj</name>
      </input_file>
      <input_file id="fl-3a">
         <path>C:\ti\ccs1250\ccs\tools\compiler\ti-cgt-msp430_21.6.1.LTS\lib\</path>
         <kind>archive</kind>
         <file>rts430x_lc_sd_eabi.lib</file>
         <name>int45.asm.obj</name>
      </input_file>
      <input_file id="fl-3b">
         <path>C:\ti\ccs1250\ccs\tools\compiler\ti-cgt-msp430_21.6.1.LTS\lib\</path>
         <kind>archive</kind>
         <file>rts430x_lc_sd_eabi.lib</file>
         <name>int46.asm.obj</name>
      </input_file>
      <input_file id="fl-3c">
         <path>C:\ti\ccs1250\ccs\tools\compiler\ti-cgt-msp430_21.6.1.LTS\lib\</path>
         <kind>archive</kind>
         <file>rts430x_lc_sd_eabi.lib</file>
         <name>int49.asm.obj</name>
      </input_file>
      <input_file id="fl-3d">
         <path>C:\ti\ccs1250\ccs\tools\compiler\ti-cgt-msp430_21.6.1.LTS\lib\</path>
         <kind>archive</kind>
         <file>rts430x_lc_sd_eabi.lib</file>
         <name>int50.asm.obj</name>
      </input_file>
      <input_file id="fl-3e">
         <path>C:\ti\ccs1250\ccs\tools\compiler\ti-cgt-msp430_21.6.1.LTS\lib\</path>
         <kind>archive</kind>
         <file>rts430x_lc_sd_eabi.lib</file>
         <name>int51.asm.obj</name>
      </input_file>
      <input_file id="fl-3f">
         <path>C:\ti\ccs1250\ccs\tools\compiler\ti-cgt-msp430_21.6.1.LTS\lib\</path>
         <kind>archive</kind>
         <file>rts430x_lc_sd_eabi.lib</file>
         <name>int52.asm.obj</name>
      </input_file>
      <input_file id="fl-40">
         <path>C:\ti\ccs1250\ccs\tools\compiler\ti-cgt-msp430_21.6.1.LTS\lib\</path>
         <kind>archive</kind>
         <file>rts430x_lc_sd_eabi.lib</file>
         <name>int53.asm.obj</name>
      </input_file>
      <input_file id="fl-41">
         <path>C:\ti\ccs1250\ccs\tools\compiler\ti-cgt-msp430_21.6.1.LTS\lib\</path>
         <kind>archive</kind>
         <file>rts430x_lc_sd_eabi.lib</file>
         <name>int54.asm.obj</name>
      </input_file>
      <input_file id="fl-42">
         <path>C:\ti\ccs1250\ccs\tools\compiler\ti-cgt-msp430_21.6.1.LTS\lib\</path>
         <kind>archive</kind>
         <file>rts430x_lc_sd_eabi.lib</file>
         <name>int56.asm.obj</name>
      </input_file>
      <input_file id="fl-43">
         <path>C:\ti\ccs1250\ccs\tools\compiler\ti-cgt-msp430_21.6.1.LTS\lib\</path>
         <kind>archive</kind>
         <file>rts430x_lc_sd_eabi.lib</file>
         <name>int57.asm.obj</name>
      </input_file>
      <input_file id="fl-44">
         <path>C:\ti\ccs1250\ccs\tools\compiler\ti-cgt-msp430_21.6.1.LTS\lib\</path>
         <kind>archive</kind>
         <file>rts430x_lc_sd_eabi.lib</file>
         <name>int58.asm.obj</name>
      </input_file>
      <input_file id="fl-45">
         <path>C:\ti\ccs1250\ccs\tools\compiler\ti-cgt-msp430_21.6.1.LTS\lib\</path>
         <kind>archive</kind>
         <file>rts430x_lc_sd_eabi.lib</file>
         <name>isr_trap.asm.obj</name>
      </input_file>
      <input_file id="fl-46">
         <path>C:\ti\ccs1250\ccs\tools\compiler\ti-cgt-msp430_21.6.1.LTS\lib\</path>
         <kind>archive</kind>
         <file>rts430x_lc_sd_eabi.lib</file>
         <name>lsl16.asm.obj</name>
      </input_file>
      <input_file id="fl-47">
         <path>C:\ti\ccs1250\ccs\tools\compiler\ti-cgt-msp430_21.6.1.LTS\lib\</path>
         <kind>archive</kind>
         <file>rts430x_lc_sd_eabi.lib</file>
         <name>lsr16.asm.obj</name>
      </input_file>
      <input_file id="fl-48">
         <path>C:\ti\ccs1250\ccs\tools\compiler\ti-cgt-msp430_21.6.1.LTS\lib\</path>
         <kind>archive</kind>
         <file>rts430x_lc_sd_eabi.lib</file>
         <name>mult32.asm.obj</name>
      </input_file>
      <input_file id="fl-49">
         <path>C:\ti\ccs1250\ccs\tools\compiler\ti-cgt-msp430_21.6.1.LTS\lib\</path>
         <kind>archive</kind>
         <file>rts430x_lc_sd_eabi.lib</file>
         <name>boot.c.obj</name>
      </input_file>
      <input_file id="fl-4a">
         <path>C:\ti\ccs1250\ccs\tools\compiler\ti-cgt-msp430_21.6.1.LTS\lib\</path>
         <kind>archive</kind>
         <file>rts430x_lc_sd_eabi.lib</file>
         <name>autoinit.c.obj</name>
      </input_file>
      <input_file id="fl-4b">
         <path>C:\ti\ccs1250\ccs\tools\compiler\ti-cgt-msp430_21.6.1.LTS\lib\</path>
         <kind>archive</kind>
         <file>rts430x_lc_sd_eabi.lib</file>
         <name>copy_zero_init.c.obj</name>
      </input_file>
      <input_file id="fl-4c">
         <path>C:\ti\ccs1250\ccs\tools\compiler\ti-cgt-msp430_21.6.1.LTS\lib\</path>
         <kind>archive</kind>
         <file>rts430x_lc_sd_eabi.lib</file>
         <name>cpy_tbl.c.obj</name>
      </input_file>
      <input_file id="fl-4d">
         <path>C:\ti\ccs1250\ccs\tools\compiler\ti-cgt-msp430_21.6.1.LTS\lib\</path>
         <kind>archive</kind>
         <file>rts430x_lc_sd_eabi.lib</file>
         <name>mpu_init.c.obj</name>
      </input_file>
      <input_file id="fl-4e">
         <path>C:\ti\ccs1250\ccs\tools\compiler\ti-cgt-msp430_21.6.1.LTS\lib\</path>
         <kind>archive</kind>
         <file>rts430x_lc_sd_eabi.lib</file>
         <name>pre_init.c.obj</name>
      </input_file>
      <input_file id="fl-4f">
         <path>C:\ti\ccs1250\ccs\tools\compiler\ti-cgt-msp430_21.6.1.LTS\lib\</path>
         <kind>archive</kind>
         <file>rts430x_lc_sd_eabi.lib</file>
         <name>startup.c.obj</name>
      </input_file>
      <input_file id="fl-50">
         <path>C:\ti\ccs1250\ccs\tools\compiler\ti-cgt-msp430_21.6.1.LTS\lib\</path>
         <kind>archive</kind>
         <file>rts430x_lc_sd_eabi.lib</file>
         <name>copy_decompress_none.c.obj</name>
      </input_file>
      <input_file id="fl-51">
         <path>C:\ti\ccs1250\ccs\tools\compiler\ti-cgt-msp430_21.6.1.LTS\lib\</path>
         <kind>archive</kind>
         <file>rts430x_lc_sd_eabi.lib</file>
         <name>copy_decompress_lzss.c.obj</name>
      </input_file>
      <input_file id="fl-52">
         <path>C:\ti\ccs1250\ccs\tools\compiler\ti-cgt-msp430_21.6.1.LTS\lib\</path>
         <kind>archive</kind>
         <file>rts430x_lc_sd_eabi.lib</file>
         <name>addd.c.obj</name>
      </input_file>
      <input_file id="fl-53">
         <path>C:\ti\ccs1250\ccs\tools\compiler\ti-cgt-msp430_21.6.1.LTS\lib\</path>
         <kind>archive</kind>
         <file>rts430x_lc_sd_eabi.lib</file>
         <name>cmpd.c.obj</name>
      </input_file>
      <input_file id="fl-54">
         <path>C:\ti\ccs1250\ccs\tools\compiler\ti-cgt-msp430_21.6.1.LTS\lib\</path>
         <kind>archive</kind>
         <file>rts430x_lc_sd_eabi.lib</file>
         <name>divd.c.obj</name>
      </input_file>
      <input_file id="fl-55">
         <path>C:\ti\ccs1250\ccs\tools\compiler\ti-cgt-msp430_21.6.1.LTS\lib\</path>
         <kind>archive</kind>
         <file>rts430x_lc_sd_eabi.lib</file>
         <name>fixdi.c.obj</name>
      </input_file>
      <input_file id="fl-56">
         <path>C:\ti\ccs1250\ccs\tools\compiler\ti-cgt-msp430_21.6.1.LTS\lib\</path>
         <kind>archive</kind>
         <file>rts430x_lc_sd_eabi.lib</file>
         <name>fixdli.c.obj</name>
      </input_file>
      <input_file id="fl-57">
         <path>C:\ti\ccs1250\ccs\tools\compiler\ti-cgt-msp430_21.6.1.LTS\lib\</path>
         <kind>archive</kind>
         <file>rts430x_lc_sd_eabi.lib</file>
         <name>fixdul.c.obj</name>
      </input_file>
      <input_file id="fl-58">
         <path>C:\ti\ccs1250\ccs\tools\compiler\ti-cgt-msp430_21.6.1.LTS\lib\</path>
         <kind>archive</kind>
         <file>rts430x_lc_sd_eabi.lib</file>
         <name>fltid.c.obj</name>
      </input_file>
      <input_file id="fl-59">
         <path>C:\ti\ccs1250\ccs\tools\compiler\ti-cgt-msp430_21.6.1.LTS\lib\</path>
         <kind>archive</kind>
         <file>rts430x_lc_sd_eabi.lib</file>
         <name>fltlid.c.obj</name>
      </input_file>
      <input_file id="fl-5a">
         <path>C:\ti\ccs1250\ccs\tools\compiler\ti-cgt-msp430_21.6.1.LTS\lib\</path>
         <kind>archive</kind>
         <file>rts430x_lc_sd_eabi.lib</file>
         <name>fltuld.c.obj</name>
      </input_file>
      <input_file id="fl-5b">
         <path>C:\ti\ccs1250\ccs\tools\compiler\ti-cgt-msp430_21.6.1.LTS\lib\</path>
         <kind>archive</kind>
         <file>rts430x_lc_sd_eabi.lib</file>
         <name>frcdivd.c.obj</name>
      </input_file>
      <input_file id="fl-5c">
         <path>C:\ti\ccs1250\ccs\tools\compiler\ti-cgt-msp430_21.6.1.LTS\lib\</path>
         <kind>archive</kind>
         <file>rts430x_lc_sd_eabi.lib</file>
         <name>mpyd.c.obj</name>
      </input_file>
      <input_file id="fl-5d">
         <path>C:\ti\ccs1250\ccs\tools\compiler\ti-cgt-msp430_21.6.1.LTS\lib\</path>
         <kind>archive</kind>
         <file>rts430x_lc_sd_eabi.lib</file>
         <name>exit.c.obj</name>
      </input_file>
      <input_file id="fl-5e">
         <path>C:\ti\ccs1250\ccs\tools\compiler\ti-cgt-msp430_21.6.1.LTS\lib\</path>
         <kind>archive</kind>
         <file>rts430x_lc_sd_eabi.lib</file>
         <name>_lock.c.obj</name>
      </input_file>
      <input_file id="fl-5f">
         <path>C:\ti\ccs1250\ccs\tools\compiler\ti-cgt-msp430_21.6.1.LTS\lib\</path>
         <kind>archive</kind>
         <file>rts430x_lc_sd_eabi.lib</file>
         <name>args_main.c.obj</name>
      </input_file>
      <input_file id="fl-60">
         <path>C:\ti\ccs1250\ccs\tools\compiler\ti-cgt-msp430_21.6.1.LTS\lib\</path>
         <kind>archive</kind>
         <file>rts430x_lc_sd_eabi.lib</file>
         <name>memcpy.c.obj</name>
      </input_file>
      <input_file id="fl-61">
         <path>C:\ti\ccs1250\ccs\tools\compiler\ti-cgt-msp430_21.6.1.LTS\lib\</path>
         <kind>archive</kind>
         <file>rts430x_lc_sd_eabi.lib</file>
         <name>asr32.asm.obj</name>
      </input_file>
      <input_file id="fl-62">
         <path>C:\ti\ccs1250\ccs\tools\compiler\ti-cgt-msp430_21.6.1.LTS\lib\</path>
         <kind>archive</kind>
         <file>rts430x_lc_sd_eabi.lib</file>
         <name>cpy_util.asm.obj</name>
      </input_file>
      <input_file id="fl-63">
         <path>C:\ti\ccs1250\ccs\tools\compiler\ti-cgt-msp430_21.6.1.LTS\lib\</path>
         <kind>archive</kind>
         <file>rts430x_lc_sd_eabi.lib</file>
         <name>lsl32.asm.obj</name>
      </input_file>
      <input_file id="fl-64">
         <path>C:\ti\ccs1250\ccs\tools\compiler\ti-cgt-msp430_21.6.1.LTS\lib\</path>
         <kind>archive</kind>
         <file>rts430x_lc_sd_eabi.lib</file>
         <name>lsr32.asm.obj</name>
      </input_file>
      <input_file id="fl-65">
         <path>C:\ti\ccs1250\ccs\tools\compiler\ti-cgt-msp430_21.6.1.LTS\lib\</path>
         <kind>archive</kind>
         <file>rts430x_lc_sd_eabi.lib</file>
         <name>mult16.asm.obj</name>
      </input_file>
      <input_file id="fl-66">
         <path>C:\ti\ccs1250\ccs\tools\compiler\ti-cgt-msp430_21.6.1.LTS\lib\</path>
         <kind>archive</kind>
         <file>rts430x_lc_sd_eabi.lib</file>
         <name>exit_gvars.c.obj</name>
      </input_file>
      <input_file id="fl-67">
         <path>C:\ti\ccs1250\ccs\tools\compiler\ti-cgt-msp430_21.6.1.LTS\lib\</path>
         <kind>archive</kind>
         <file>rts430x_lc_sd_eabi.lib</file>
         <name>asr64.c.obj</name>
      </input_file>
      <input_file id="fl-68">
         <path>C:\ti\ccs1250\ccs\tools\compiler\ti-cgt-msp430_21.6.1.LTS\lib\</path>
         <kind>archive</kind>
         <file>rts430x_lc_sd_eabi.lib</file>
         <name>lsl64.c.obj</name>
      </input_file>
      <input_file id="fl-69">
         <path>C:\ti\ccs1250\ccs\tools\compiler\ti-cgt-msp430_21.6.1.LTS\lib\</path>
         <kind>archive</kind>
         <file>rts430x_lc_sd_eabi.lib</file>
         <name>lsr64.c.obj</name>
      </input_file>
      <input_file id="fl-6a">
         <path>C:\ti\ccs1250\ccs\tools\compiler\ti-cgt-msp430_21.6.1.LTS\lib\</path>
         <kind>archive</kind>
         <file>rts430x_lc_sd_eabi.lib</file>
         <name>frcmpyd.c.obj</name>
      </input_file>
      <input_file id="fl-6b">
         <path>C:\ti\ccs1250\ccs\tools\compiler\ti-cgt-msp430_21.6.1.LTS\lib\</path>
         <kind>archive</kind>
         <file>rts430x_lc_sd_eabi.lib</file>
         <name>mult3264.asm.obj</name>
      </input_file>
      <input_file id="fl-6c">
         <path>C:\ti\ccs1250\ccs\tools\compiler\ti-cgt-msp430_21.6.1.LTS\lib\</path>
         <kind>archive</kind>
         <file>rts430x_lc_sd_eabi.lib</file>
         <name>mult64.asm.obj</name>
      </input_file>
      <input_file id="fl-6d">
         <path>C:\ti\ccs1250\ccs\tools\compiler\ti-cgt-msp430_21.6.1.LTS\lib\</path>
         <kind>archive</kind>
         <file>rts430x_lc_sd_eabi.lib</file>
         <name>mult1632.asm.obj</name>
      </input_file>
   </input_file_list>
   <object_component_list>
      <object_component id="oc-56a">
         <name>__TI_handler_table</name>
         <load_address>0xc400</load_address>
         <run_address>0xc400</run_address>
         <size>0xc</size>
      </object_component>
      <object_component id="oc-56d">
         <name>.cinit..data.load</name>
         <load_address>0xc40c</load_address>
         <run_address>0xc40c</run_address>
         <size>0xa</size>
      </object_component>
      <object_component id="oc-56c">
         <name>.cinit..bss.load</name>
         <load_address>0xc416</load_address>
         <run_address>0xc416</run_address>
         <size>0x6</size>
      </object_component>
      <object_component id="oc-56b">
         <name>__TI_cinit_table</name>
         <load_address>0xc41c</load_address>
         <run_address>0xc41c</run_address>
         <size>0x10</size>
      </object_component>
      <object_component id="oc-502">
         <name>.binit</name>
         <load_address>0xc42c</load_address>
         <run_address>0xc42c</run_address>
         <size>0x0</size>
      </object_component>
      <object_component id="oc-429">
         <name>.text:__mspabi_addd</name>
         <load_address>0xc42c</load_address>
         <run_address>0xc42c</run_address>
         <size>0x72a</size>
         <input_file_ref idref="fl-52"/>
      </object_component>
      <object_component id="oc-376">
         <name>.text:__TI_frcdivd</name>
         <load_address>0xcb56</load_address>
         <run_address>0xcb56</run_address>
         <size>0x468</size>
         <input_file_ref idref="fl-5b"/>
      </object_component>
      <object_component id="oc-423">
         <name>.text:__mspabi_mpyd</name>
         <load_address>0xcfbe</load_address>
         <run_address>0xcfbe</run_address>
         <size>0x292</size>
         <input_file_ref idref="fl-5c"/>
      </object_component>
      <object_component id="oc-30c">
         <name>.text:__mspabi_divd</name>
         <load_address>0xd250</load_address>
         <run_address>0xd250</run_address>
         <size>0x21a</size>
         <input_file_ref idref="fl-54"/>
      </object_component>
      <object_component id="oc-476">
         <name>.text:__TI_frcmpyd</name>
         <load_address>0xd46a</load_address>
         <run_address>0xd46a</run_address>
         <size>0x164</size>
         <input_file_ref idref="fl-6a"/>
      </object_component>
      <object_component id="oc-4c8">
         <name>.text:__mpyll</name>
         <load_address>0xd5ce</load_address>
         <run_address>0xd5ce</run_address>
         <size>0x108</size>
         <input_file_ref idref="fl-6c"/>
      </object_component>
      <object_component id="oc-64">
         <name>.text:decompress:lzss:__TI_decompress_lzss</name>
         <load_address>0xd6d6</load_address>
         <run_address>0xd6d6</run_address>
         <size>0xee</size>
         <input_file_ref idref="fl-51"/>
      </object_component>
      <object_component id="oc-330">
         <name>.text:main</name>
         <load_address>0xd7c4</load_address>
         <run_address>0xd7c4</run_address>
         <size>0xdc</size>
         <input_file_ref idref="fl-2"/>
      </object_component>
      <object_component id="oc-318">
         <name>.text:__mspabi_cmpd</name>
         <load_address>0xd8a0</load_address>
         <run_address>0xd8a0</run_address>
         <size>0xd8</size>
         <input_file_ref idref="fl-53"/>
      </object_component>
      <object_component id="oc-2a7">
         <name>.text:_isr:TIMERA0_ISR1</name>
         <load_address>0xd978</load_address>
         <run_address>0xd978</run_address>
         <size>0xce</size>
         <input_file_ref idref="fl-4"/>
      </object_component>
      <object_component id="oc-493">
         <name>.text:__mspabi_fltlid</name>
         <load_address>0xda46</load_address>
         <run_address>0xda46</run_address>
         <size>0x9e</size>
         <input_file_ref idref="fl-59"/>
      </object_component>
      <object_component id="oc-3ac">
         <name>.text:servo_to_angle</name>
         <load_address>0xdae4</load_address>
         <run_address>0xdae4</run_address>
         <size>0x9a</size>
         <input_file_ref idref="fl-3"/>
      </object_component>
      <object_component id="oc-306">
         <name>.text:__mspabi_fltuld</name>
         <load_address>0xdb7e</load_address>
         <run_address>0xdb7e</run_address>
         <size>0x80</size>
         <input_file_ref idref="fl-5a"/>
      </object_component>
      <object_component id="oc-3e3">
         <name>.text:__TI_auto_init_nobinit_nopinit_hold_wdt:__TI_auto_init_nobinit_nopinit_hold_wdt</name>
         <load_address>0xdbfe</load_address>
         <run_address>0xdbfe</run_address>
         <size>0x6a</size>
         <input_file_ref idref="fl-4a"/>
      </object_component>
      <object_component id="oc-312">
         <name>.text:__mspabi_fixdul</name>
         <load_address>0xdc68</load_address>
         <run_address>0xdc68</run_address>
         <size>0x68</size>
         <input_file_ref idref="fl-57"/>
      </object_component>
      <object_component id="oc-48c">
         <name>.text:__mspabi_fixdli</name>
         <load_address>0xdcd0</load_address>
         <run_address>0xdcd0</run_address>
         <size>0x66</size>
         <input_file_ref idref="fl-56"/>
      </object_component>
      <object_component id="oc-401">
         <name>.text</name>
         <load_address>0xdd36</load_address>
         <run_address>0xdd36</run_address>
         <size>0x58</size>
         <input_file_ref idref="fl-39"/>
      </object_component>
      <object_component id="oc-2a1">
         <name>.text:_isr:ADC_ISR</name>
         <load_address>0xdd8e</load_address>
         <run_address>0xdd8e</run_address>
         <size>0x56</size>
         <input_file_ref idref="fl-2"/>
      </object_component>
      <object_component id="oc-28a">
         <name>.text:__memcpy_far</name>
         <load_address>0xdde4</load_address>
         <run_address>0xdde4</run_address>
         <size>0x40</size>
         <input_file_ref idref="fl-62"/>
      </object_component>
      <object_component id="oc-47e">
         <name>.text:__mspabi_srall</name>
         <load_address>0xde24</load_address>
         <run_address>0xde24</run_address>
         <size>0x40</size>
         <input_file_ref idref="fl-67"/>
      </object_component>
      <object_component id="oc-359">
         <name>.text</name>
         <load_address>0xde64</load_address>
         <run_address>0xde64</run_address>
         <size>0x40</size>
         <input_file_ref idref="fl-38"/>
      </object_component>
      <object_component id="oc-2ad">
         <name>.text:decompress:ZI:__TI_zero_init_nomemset:__TI_zero_init_nomemset</name>
         <load_address>0xdea4</load_address>
         <run_address>0xdea4</run_address>
         <size>0x3e</size>
         <input_file_ref idref="fl-4b"/>
      </object_component>
      <object_component id="oc-410">
         <name>.text:l_asr_const</name>
         <load_address>0xdee2</load_address>
         <run_address>0xdee2</run_address>
         <size>0x3e</size>
         <input_file_ref idref="fl-61"/>
      </object_component>
      <object_component id="oc-36a">
         <name>.text:l_lsl_const</name>
         <load_address>0xdf20</load_address>
         <run_address>0xdf20</run_address>
         <size>0x3e</size>
         <input_file_ref idref="fl-63"/>
      </object_component>
      <object_component id="oc-36f">
         <name>.text:l_lsr_const</name>
         <load_address>0xdf5e</load_address>
         <run_address>0xdf5e</run_address>
         <size>0x3e</size>
         <input_file_ref idref="fl-64"/>
      </object_component>
      <object_component id="oc-2f8">
         <name>.text:map</name>
         <load_address>0xdf9c</load_address>
         <run_address>0xdf9c</run_address>
         <size>0x3e</size>
         <input_file_ref idref="fl-2"/>
      </object_component>
      <object_component id="oc-6a">
         <name>.text:decompress:none:__TI_decompress_none</name>
         <load_address>0xdfda</load_address>
         <run_address>0xdfda</run_address>
         <size>0x3c</size>
         <input_file_ref idref="fl-50"/>
      </object_component>
      <object_component id="oc-484">
         <name>.text:__mspabi_sllll</name>
         <load_address>0xe016</load_address>
         <run_address>0xe016</run_address>
         <size>0x3a</size>
         <input_file_ref idref="fl-68"/>
      </object_component>
      <object_component id="oc-4d2">
         <name>.text:__mspabi_srlll</name>
         <load_address>0xe050</load_address>
         <run_address>0xe050</run_address>
         <size>0x3a</size>
         <input_file_ref idref="fl-69"/>
      </object_component>
      <object_component id="oc-3b8">
         <name>.text:servo_cycle_gradual</name>
         <load_address>0xe08a</load_address>
         <run_address>0xe08a</run_address>
         <size>0x34</size>
         <input_file_ref idref="fl-3"/>
      </object_component>
      <object_component id="oc-42f">
         <name>.text:__mspabi_fixdi</name>
         <load_address>0xe0be</load_address>
         <run_address>0xe0be</run_address>
         <size>0x28</size>
         <input_file_ref idref="fl-55"/>
      </object_component>
      <object_component id="oc-3a0">
         <name>.text:init_adc</name>
         <load_address>0xe0e6</load_address>
         <run_address>0xe0e6</run_address>
         <size>0x28</size>
         <input_file_ref idref="fl-2"/>
      </object_component>
      <object_component id="oc-39a">
         <name>.text:init_GPIO</name>
         <load_address>0xe10e</load_address>
         <run_address>0xe10e</run_address>
         <size>0x26</size>
         <input_file_ref idref="fl-2"/>
      </object_component>
      <object_component id="oc-354">
         <name>.text</name>
         <load_address>0xe134</load_address>
         <run_address>0xe134</run_address>
         <size>0x26</size>
         <input_file_ref idref="fl-48"/>
      </object_component>
      <object_component id="oc-3a6">
         <name>.text:servo_init</name>
         <load_address>0xe15a</load_address>
         <run_address>0xe15a</run_address>
         <size>0x26</size>
         <input_file_ref idref="fl-3"/>
      </object_component>
      <object_component id="oc-4f5">
         <name>.text:__mpyul</name>
         <load_address>0xe180</load_address>
         <run_address>0xe180</run_address>
         <size>0x22</size>
         <input_file_ref idref="fl-6d"/>
      </object_component>
      <object_component id="oc-2bf">
         <name>.text:_isr:_c_int00_noargs</name>
         <load_address>0xe1a2</load_address>
         <run_address>0xe1a2</run_address>
         <size>0x1c</size>
         <input_file_ref idref="fl-49"/>
      </object_component>
      <object_component id="oc-4cd">
         <name>.text:__mpyull</name>
         <load_address>0xe1be</load_address>
         <run_address>0xe1be</run_address>
         <size>0x1a</size>
         <input_file_ref idref="fl-6b"/>
      </object_component>
      <object_component id="oc-3b2">
         <name>.text:ADC_startConversion</name>
         <load_address>0xe1d8</load_address>
         <run_address>0xe1d8</run_address>
         <size>0x16</size>
         <input_file_ref idref="fl-5"/>
      </object_component>
      <object_component id="oc-29b">
         <name>.text:_isr:P1_ISR</name>
         <load_address>0xe1ee</load_address>
         <run_address>0xe1ee</run_address>
         <size>0x16</size>
         <input_file_ref idref="fl-2"/>
      </object_component>
      <object_component id="oc-415">
         <name>.text</name>
         <load_address>0xe204</load_address>
         <run_address>0xe204</run_address>
         <size>0x14</size>
         <input_file_ref idref="fl-65"/>
      </object_component>
      <object_component id="oc-383">
         <name>.text:l_lsr</name>
         <load_address>0xe218</load_address>
         <run_address>0xe218</run_address>
         <size>0x10</size>
         <input_file_ref idref="fl-64"/>
      </object_component>
      <object_component id="oc-437">
         <name>.text:__mspabi_fltid</name>
         <load_address>0xe228</load_address>
         <run_address>0xe228</run_address>
         <size>0xc</size>
         <input_file_ref idref="fl-58"/>
      </object_component>
      <object_component id="oc-296">
         <name>.text:_isr:__TI_ISR_TRAP</name>
         <load_address>0xe234</load_address>
         <run_address>0xe234</run_address>
         <size>0x8</size>
         <input_file_ref idref="fl-45"/>
      </object_component>
      <object_component id="oc-2fe">
         <name>.text:ADC_clearInterrupt</name>
         <load_address>0xe23c</load_address>
         <run_address>0xe23c</run_address>
         <size>0x6</size>
         <input_file_ref idref="fl-5"/>
      </object_component>
      <object_component id="oc-394">
         <name>.text:PMM_unlockLPM5</name>
         <load_address>0xe242</load_address>
         <run_address>0xe242</run_address>
         <size>0x6</size>
         <input_file_ref idref="fl-12"/>
      </object_component>
      <object_component id="oc-3bf">
         <name>.text:abort</name>
         <load_address>0xe248</load_address>
         <run_address>0xe248</run_address>
         <size>0x6</size>
         <input_file_ref idref="fl-5d"/>
      </object_component>
      <object_component id="oc-32a">
         <name>.text:_system_pre_init</name>
         <load_address>0xe24e</load_address>
         <run_address>0xe24e</run_address>
         <size>0x4</size>
         <input_file_ref idref="fl-4e"/>
      </object_component>
      <object_component id="oc-450">
         <name>.text:_system_post_cinit</name>
         <load_address>0xe252</load_address>
         <run_address>0xe252</run_address>
         <size>0x2</size>
         <input_file_ref idref="fl-4f"/>
      </object_component>
      <object_component id="oc-305">
         <name>.bss</name>
         <uninitialized>true</uninitialized>
         <run_address>0x2000</run_address>
         <size>0x10</size>
         <input_file_ref idref="fl-4"/>
      </object_component>
      <object_component id="oc-2f4">
         <name>.data</name>
         <load_address>0x2010</load_address>
         <run_address>0x2010</run_address>
         <size>0xa</size>
         <input_file_ref idref="fl-2"/>
      </object_component>
      <object_component id="oc-31e">
         <name>.data</name>
         <load_address>0x201a</load_address>
         <run_address>0x201a</run_address>
         <size>0x4</size>
         <input_file_ref idref="fl-4"/>
      </object_component>
      <object_component id="oc-27b">
         <name>.stack</name>
         <uninitialized>true</uninitialized>
         <run_address>0x2760</run_address>
         <size>0x2</size>
         <input_file_ref idref="fl-49"/>
      </object_component>
      <object_component id="oc-56e">
         <name>.stack</name>
         <uninitialized>true</uninitialized>
         <run_address>0x2760</run_address>
         <size>0x0</size>
      </object_component>
      <object_component id="oc-70">
         <name>.int45</name>
         <load_address>0xffe2</load_address>
         <run_address>0xffe2</run_address>
         <size>0x2</size>
         <input_file_ref idref="fl-3a"/>
      </object_component>
      <object_component id="oc-71">
         <name>.int46</name>
         <load_address>0xffe4</load_address>
         <run_address>0xffe4</run_address>
         <size>0x2</size>
         <input_file_ref idref="fl-3b"/>
      </object_component>
      <object_component id="oc-72">
         <name>.int47</name>
         <load_address>0xffe6</load_address>
         <run_address>0xffe6</run_address>
         <size>0x2</size>
         <input_file_ref idref="fl-2"/>
      </object_component>
      <object_component id="oc-73">
         <name>.int48</name>
         <load_address>0xffe8</load_address>
         <run_address>0xffe8</run_address>
         <size>0x2</size>
         <input_file_ref idref="fl-2"/>
      </object_component>
      <object_component id="oc-74">
         <name>.int49</name>
         <load_address>0xffea</load_address>
         <run_address>0xffea</run_address>
         <size>0x2</size>
         <input_file_ref idref="fl-3c"/>
      </object_component>
      <object_component id="oc-75">
         <name>.int50</name>
         <load_address>0xffec</load_address>
         <run_address>0xffec</run_address>
         <size>0x2</size>
         <input_file_ref idref="fl-3d"/>
      </object_component>
      <object_component id="oc-76">
         <name>.int51</name>
         <load_address>0xffee</load_address>
         <run_address>0xffee</run_address>
         <size>0x2</size>
         <input_file_ref idref="fl-3e"/>
      </object_component>
      <object_component id="oc-77">
         <name>.int52</name>
         <load_address>0xfff0</load_address>
         <run_address>0xfff0</run_address>
         <size>0x2</size>
         <input_file_ref idref="fl-3f"/>
      </object_component>
      <object_component id="oc-78">
         <name>.int53</name>
         <load_address>0xfff2</load_address>
         <run_address>0xfff2</run_address>
         <size>0x2</size>
         <input_file_ref idref="fl-40"/>
      </object_component>
      <object_component id="oc-79">
         <name>.int54</name>
         <load_address>0xfff4</load_address>
         <run_address>0xfff4</run_address>
         <size>0x2</size>
         <input_file_ref idref="fl-41"/>
      </object_component>
      <object_component id="oc-7a">
         <name>.int55</name>
         <load_address>0xfff6</load_address>
         <run_address>0xfff6</run_address>
         <size>0x2</size>
         <input_file_ref idref="fl-4"/>
      </object_component>
      <object_component id="oc-7b">
         <name>.int56</name>
         <load_address>0xfff8</load_address>
         <run_address>0xfff8</run_address>
         <size>0x2</size>
         <input_file_ref idref="fl-42"/>
      </object_component>
      <object_component id="oc-7c">
         <name>.int57</name>
         <load_address>0xfffa</load_address>
         <run_address>0xfffa</run_address>
         <size>0x2</size>
         <input_file_ref idref="fl-43"/>
      </object_component>
      <object_component id="oc-7d">
         <name>.int58</name>
         <load_address>0xfffc</load_address>
         <run_address>0xfffc</run_address>
         <size>0x2</size>
         <input_file_ref idref="fl-44"/>
      </object_component>
      <object_component id="oc-27e">
         <name>.reset</name>
         <load_address>0xfffe</load_address>
         <run_address>0xfffe</run_address>
         <size>0x2</size>
         <input_file_ref idref="fl-49"/>
      </object_component>
      <object_component id="oc-353">
         <name>.debug_info</name>
         <load_address>0x0</load_address>
         <run_address>0x0</run_address>
         <size>0x46a</size>
         <input_file_ref idref="fl-2"/>
      </object_component>
      <object_component id="oc-2f5">
         <name>.debug_info</name>
         <load_address>0x46a</load_address>
         <run_address>0x46a</run_address>
         <size>0x1ce</size>
         <input_file_ref idref="fl-2"/>
      </object_component>
      <object_component id="oc-2f9">
         <name>.debug_info</name>
         <load_address>0x638</load_address>
         <run_address>0x638</run_address>
         <size>0x21c</size>
         <input_file_ref idref="fl-2"/>
      </object_component>
      <object_component id="oc-39b">
         <name>.debug_info</name>
         <load_address>0x854</load_address>
         <run_address>0x854</run_address>
         <size>0x11f</size>
         <input_file_ref idref="fl-2"/>
      </object_component>
      <object_component id="oc-3a1">
         <name>.debug_info</name>
         <load_address>0x973</load_address>
         <run_address>0x973</run_address>
         <size>0x11d</size>
         <input_file_ref idref="fl-2"/>
      </object_component>
      <object_component id="oc-331">
         <name>.debug_info</name>
         <load_address>0xa90</load_address>
         <run_address>0xa90</run_address>
         <size>0x1bb</size>
         <input_file_ref idref="fl-2"/>
      </object_component>
      <object_component id="oc-29c">
         <name>.debug_info</name>
         <load_address>0xc4b</load_address>
         <run_address>0xc4b</run_address>
         <size>0x11a</size>
         <input_file_ref idref="fl-2"/>
      </object_component>
      <object_component id="oc-2a2">
         <name>.debug_info</name>
         <load_address>0xd65</load_address>
         <run_address>0xd65</run_address>
         <size>0x13f</size>
         <input_file_ref idref="fl-2"/>
      </object_component>
      <object_component id="oc-38e">
         <name>.debug_info</name>
         <load_address>0xea4</load_address>
         <run_address>0xea4</run_address>
         <size>0x26b</size>
         <input_file_ref idref="fl-2"/>
      </object_component>
      <object_component id="oc-35f">
         <name>.debug_info</name>
         <load_address>0x110f</load_address>
         <run_address>0x110f</run_address>
         <size>0x8b</size>
         <input_file_ref idref="fl-2"/>
      </object_component>
      <object_component id="oc-407">
         <name>.debug_info</name>
         <load_address>0x119a</load_address>
         <run_address>0x119a</run_address>
         <size>0x282</size>
         <input_file_ref idref="fl-2"/>
      </object_component>
      <object_component id="oc-365">
         <name>.debug_info</name>
         <load_address>0x141c</load_address>
         <run_address>0x141c</run_address>
         <size>0xbb</size>
         <input_file_ref idref="fl-2"/>
      </object_component>
      <object_component id="oc-3ad">
         <name>.debug_info</name>
         <load_address>0x14d7</load_address>
         <run_address>0x14d7</run_address>
         <size>0x1d5</size>
         <input_file_ref idref="fl-3"/>
      </object_component>
      <object_component id="oc-3a7">
         <name>.debug_info</name>
         <load_address>0x16ac</load_address>
         <run_address>0x16ac</run_address>
         <size>0x118</size>
         <input_file_ref idref="fl-3"/>
      </object_component>
      <object_component id="oc-3ba">
         <name>.debug_info</name>
         <load_address>0x17c4</load_address>
         <run_address>0x17c4</run_address>
         <size>0x1eb</size>
         <input_file_ref idref="fl-3"/>
      </object_component>
      <object_component id="oc-322">
         <name>.debug_info</name>
         <load_address>0x19af</load_address>
         <run_address>0x19af</run_address>
         <size>0x222</size>
         <input_file_ref idref="fl-4"/>
      </object_component>
      <object_component id="oc-31f">
         <name>.debug_info</name>
         <load_address>0x1bd1</load_address>
         <run_address>0x1bd1</run_address>
         <size>0xf8</size>
         <input_file_ref idref="fl-4"/>
      </object_component>
      <object_component id="oc-2a8">
         <name>.debug_info</name>
         <load_address>0x1cc9</load_address>
         <run_address>0x1cc9</run_address>
         <size>0x244</size>
         <input_file_ref idref="fl-4"/>
      </object_component>
      <object_component id="oc-3b5">
         <name>.debug_info</name>
         <load_address>0x1f0d</load_address>
         <run_address>0x1f0d</run_address>
         <size>0x232</size>
         <input_file_ref idref="fl-5"/>
      </object_component>
      <object_component id="oc-301">
         <name>.debug_info</name>
         <load_address>0x213f</load_address>
         <run_address>0x213f</run_address>
         <size>0x204</size>
         <input_file_ref idref="fl-5"/>
      </object_component>
      <object_component id="oc-285">
         <name>.debug_info</name>
         <load_address>0x2343</load_address>
         <run_address>0x2343</run_address>
         <size>0x84</size>
         <input_file_ref idref="fl-6"/>
      </object_component>
      <object_component id="oc-396">
         <name>.debug_info</name>
         <load_address>0x23c7</load_address>
         <run_address>0x23c7</run_address>
         <size>0x168</size>
         <input_file_ref idref="fl-12"/>
      </object_component>
      <object_component id="oc-35c">
         <name>.debug_info</name>
         <load_address>0x252f</load_address>
         <run_address>0x252f</run_address>
         <size>0x138</size>
         <input_file_ref idref="fl-38"/>
      </object_component>
      <object_component id="oc-403">
         <name>.debug_info</name>
         <load_address>0x2667</load_address>
         <run_address>0x2667</run_address>
         <size>0x123</size>
         <input_file_ref idref="fl-39"/>
      </object_component>
      <object_component id="oc-298">
         <name>.debug_info</name>
         <load_address>0x278a</load_address>
         <run_address>0x278a</run_address>
         <size>0x10f</size>
         <input_file_ref idref="fl-45"/>
      </object_component>
      <object_component id="oc-355">
         <name>.debug_info</name>
         <load_address>0x2899</load_address>
         <run_address>0x2899</run_address>
         <size>0x121</size>
         <input_file_ref idref="fl-48"/>
      </object_component>
      <object_component id="oc-27c">
         <name>.debug_info</name>
         <load_address>0x29ba</load_address>
         <run_address>0x29ba</run_address>
         <size>0x100</size>
         <input_file_ref idref="fl-49"/>
      </object_component>
      <object_component id="oc-2c2">
         <name>.debug_info</name>
         <load_address>0x2aba</load_address>
         <run_address>0x2aba</run_address>
         <size>0x17a</size>
         <input_file_ref idref="fl-49"/>
      </object_component>
      <object_component id="oc-457">
         <name>.debug_info</name>
         <load_address>0x2c34</load_address>
         <run_address>0x2c34</run_address>
         <size>0x409</size>
         <input_file_ref idref="fl-4a"/>
      </object_component>
      <object_component id="oc-3e4">
         <name>.debug_info</name>
         <load_address>0x303d</load_address>
         <run_address>0x303d</run_address>
         <size>0x216</size>
         <input_file_ref idref="fl-4a"/>
      </object_component>
      <object_component id="oc-4b1">
         <name>.debug_info</name>
         <load_address>0x3253</load_address>
         <run_address>0x3253</run_address>
         <size>0x39</size>
         <input_file_ref idref="fl-4a"/>
      </object_component>
      <object_component id="oc-4c3">
         <name>.debug_info</name>
         <load_address>0x328c</load_address>
         <run_address>0x328c</run_address>
         <size>0x2c</size>
         <input_file_ref idref="fl-4a"/>
      </object_component>
      <object_component id="oc-462">
         <name>.debug_info</name>
         <load_address>0x32b8</load_address>
         <run_address>0x32b8</run_address>
         <size>0x2c</size>
         <input_file_ref idref="fl-4a"/>
      </object_component>
      <object_component id="oc-4b6">
         <name>.debug_info</name>
         <load_address>0x32e4</load_address>
         <run_address>0x32e4</run_address>
         <size>0xcd</size>
         <input_file_ref idref="fl-4a"/>
      </object_component>
      <object_component id="oc-2b0">
         <name>.debug_info</name>
         <load_address>0x33b1</load_address>
         <run_address>0x33b1</run_address>
         <size>0x1d3</size>
         <input_file_ref idref="fl-4b"/>
      </object_component>
      <object_component id="oc-324">
         <name>.debug_info</name>
         <load_address>0x3584</load_address>
         <run_address>0x3584</run_address>
         <size>0x46</size>
         <input_file_ref idref="fl-4b"/>
      </object_component>
      <object_component id="oc-32b">
         <name>.debug_info</name>
         <load_address>0x35ca</load_address>
         <run_address>0x35ca</run_address>
         <size>0x153</size>
         <input_file_ref idref="fl-4e"/>
      </object_component>
      <object_component id="oc-451">
         <name>.debug_info</name>
         <load_address>0x371d</load_address>
         <run_address>0x371d</run_address>
         <size>0x150</size>
         <input_file_ref idref="fl-4f"/>
      </object_component>
      <object_component id="oc-295">
         <name>.debug_info</name>
         <load_address>0x386d</load_address>
         <run_address>0x386d</run_address>
         <size>0x1da</size>
         <input_file_ref idref="fl-50"/>
      </object_component>
      <object_component id="oc-6e">
         <name>.debug_info</name>
         <load_address>0x3a47</load_address>
         <run_address>0x3a47</run_address>
         <size>0x1f2</size>
         <input_file_ref idref="fl-50"/>
      </object_component>
      <object_component id="oc-290">
         <name>.debug_info</name>
         <load_address>0x3c39</load_address>
         <run_address>0x3c39</run_address>
         <size>0x46</size>
         <input_file_ref idref="fl-50"/>
      </object_component>
      <object_component id="oc-65">
         <name>.debug_info</name>
         <load_address>0x3c7f</load_address>
         <run_address>0x3c7f</run_address>
         <size>0x2b8</size>
         <input_file_ref idref="fl-51"/>
      </object_component>
      <object_component id="oc-34c">
         <name>.debug_info</name>
         <load_address>0x3f37</load_address>
         <run_address>0x3f37</run_address>
         <size>0x46</size>
         <input_file_ref idref="fl-51"/>
      </object_component>
      <object_component id="oc-2eb">
         <name>.debug_info</name>
         <load_address>0x3f7d</load_address>
         <run_address>0x3f7d</run_address>
         <size>0x39</size>
         <input_file_ref idref="fl-51"/>
      </object_component>
      <object_component id="oc-280">
         <name>.debug_info</name>
         <load_address>0x3fb6</load_address>
         <run_address>0x3fb6</run_address>
         <size>0x60</size>
         <input_file_ref idref="fl-51"/>
      </object_component>
      <object_component id="oc-48b">
         <name>.debug_info</name>
         <load_address>0x4016</load_address>
         <run_address>0x4016</run_address>
         <size>0x15f</size>
         <input_file_ref idref="fl-52"/>
      </object_component>
      <object_component id="oc-42b">
         <name>.debug_info</name>
         <load_address>0x4175</load_address>
         <run_address>0x4175</run_address>
         <size>0x3a0</size>
         <input_file_ref idref="fl-52"/>
      </object_component>
      <object_component id="oc-31b">
         <name>.debug_info</name>
         <load_address>0x4515</load_address>
         <run_address>0x4515</run_address>
         <size>0x1cf</size>
         <input_file_ref idref="fl-53"/>
      </object_component>
      <object_component id="oc-37d">
         <name>.debug_info</name>
         <load_address>0x46e4</load_address>
         <run_address>0x46e4</run_address>
         <size>0x94</size>
         <input_file_ref idref="fl-53"/>
      </object_component>
      <object_component id="oc-382">
         <name>.debug_info</name>
         <load_address>0x4778</load_address>
         <run_address>0x4778</run_address>
         <size>0x19d</size>
         <input_file_ref idref="fl-54"/>
      </object_component>
      <object_component id="oc-30e">
         <name>.debug_info</name>
         <load_address>0x4915</load_address>
         <run_address>0x4915</run_address>
         <size>0x252</size>
         <input_file_ref idref="fl-54"/>
      </object_component>
      <object_component id="oc-430">
         <name>.debug_info</name>
         <load_address>0x4b67</load_address>
         <run_address>0x4b67</run_address>
         <size>0x17c</size>
         <input_file_ref idref="fl-55"/>
      </object_component>
      <object_component id="oc-490">
         <name>.debug_info</name>
         <load_address>0x4ce3</load_address>
         <run_address>0x4ce3</run_address>
         <size>0x1b0</size>
         <input_file_ref idref="fl-56"/>
      </object_component>
      <object_component id="oc-313">
         <name>.debug_info</name>
         <load_address>0x4e93</load_address>
         <run_address>0x4e93</run_address>
         <size>0x1b0</size>
         <input_file_ref idref="fl-57"/>
      </object_component>
      <object_component id="oc-43a">
         <name>.debug_info</name>
         <load_address>0x5043</load_address>
         <run_address>0x5043</run_address>
         <size>0x166</size>
         <input_file_ref idref="fl-58"/>
      </object_component>
      <object_component id="oc-4e1">
         <name>.debug_info</name>
         <load_address>0x51a9</load_address>
         <run_address>0x51a9</run_address>
         <size>0x166</size>
         <input_file_ref idref="fl-59"/>
      </object_component>
      <object_component id="oc-494">
         <name>.debug_info</name>
         <load_address>0x530f</load_address>
         <run_address>0x530f</run_address>
         <size>0x1f3</size>
         <input_file_ref idref="fl-59"/>
      </object_component>
      <object_component id="oc-375">
         <name>.debug_info</name>
         <load_address>0x5502</load_address>
         <run_address>0x5502</run_address>
         <size>0x166</size>
         <input_file_ref idref="fl-5a"/>
      </object_component>
      <object_component id="oc-309">
         <name>.debug_info</name>
         <load_address>0x5668</load_address>
         <run_address>0x5668</run_address>
         <size>0x1c1</size>
         <input_file_ref idref="fl-5a"/>
      </object_component>
      <object_component id="oc-41b">
         <name>.debug_info</name>
         <load_address>0x5829</load_address>
         <run_address>0x5829</run_address>
         <size>0x16d</size>
         <input_file_ref idref="fl-5b"/>
      </object_component>
      <object_component id="oc-378">
         <name>.debug_info</name>
         <load_address>0x5996</load_address>
         <run_address>0x5996</run_address>
         <size>0x5bd</size>
         <input_file_ref idref="fl-5b"/>
      </object_component>
      <object_component id="oc-47d">
         <name>.debug_info</name>
         <load_address>0x5f53</load_address>
         <run_address>0x5f53</run_address>
         <size>0x192</size>
         <input_file_ref idref="fl-5c"/>
      </object_component>
      <object_component id="oc-426">
         <name>.debug_info</name>
         <load_address>0x60e5</load_address>
         <run_address>0x60e5</run_address>
         <size>0x295</size>
         <input_file_ref idref="fl-5c"/>
      </object_component>
      <object_component id="oc-3c0">
         <name>.debug_info</name>
         <load_address>0x637a</load_address>
         <run_address>0x637a</run_address>
         <size>0x122</size>
         <input_file_ref idref="fl-5d"/>
      </object_component>
      <object_component id="oc-412">
         <name>.debug_info</name>
         <load_address>0x649c</load_address>
         <run_address>0x649c</run_address>
         <size>0x126</size>
         <input_file_ref idref="fl-61"/>
      </object_component>
      <object_component id="oc-28c">
         <name>.debug_info</name>
         <load_address>0x65c2</load_address>
         <run_address>0x65c2</run_address>
         <size>0x121</size>
         <input_file_ref idref="fl-62"/>
      </object_component>
      <object_component id="oc-36b">
         <name>.debug_info</name>
         <load_address>0x66e3</load_address>
         <run_address>0x66e3</run_address>
         <size>0x126</size>
         <input_file_ref idref="fl-63"/>
      </object_component>
      <object_component id="oc-384">
         <name>.debug_info</name>
         <load_address>0x6809</load_address>
         <run_address>0x6809</run_address>
         <size>0x120</size>
         <input_file_ref idref="fl-64"/>
      </object_component>
      <object_component id="oc-370">
         <name>.debug_info</name>
         <load_address>0x6929</load_address>
         <run_address>0x6929</run_address>
         <size>0x126</size>
         <input_file_ref idref="fl-64"/>
      </object_component>
      <object_component id="oc-416">
         <name>.debug_info</name>
         <load_address>0x6a4f</load_address>
         <run_address>0x6a4f</run_address>
         <size>0x121</size>
         <input_file_ref idref="fl-65"/>
      </object_component>
      <object_component id="oc-47f">
         <name>.debug_info</name>
         <load_address>0x6b70</load_address>
         <run_address>0x6b70</run_address>
         <size>0x188</size>
         <input_file_ref idref="fl-67"/>
      </object_component>
      <object_component id="oc-488">
         <name>.debug_info</name>
         <load_address>0x6cf8</load_address>
         <run_address>0x6cf8</run_address>
         <size>0x188</size>
         <input_file_ref idref="fl-68"/>
      </object_component>
      <object_component id="oc-4d3">
         <name>.debug_info</name>
         <load_address>0x6e80</load_address>
         <run_address>0x6e80</run_address>
         <size>0x188</size>
         <input_file_ref idref="fl-69"/>
      </object_component>
      <object_component id="oc-479">
         <name>.debug_info</name>
         <load_address>0x7008</load_address>
         <run_address>0x7008</run_address>
         <size>0x244</size>
         <input_file_ref idref="fl-6a"/>
      </object_component>
      <object_component id="oc-4ce">
         <name>.debug_info</name>
         <load_address>0x724c</load_address>
         <run_address>0x724c</run_address>
         <size>0x13f</size>
         <input_file_ref idref="fl-6b"/>
      </object_component>
      <object_component id="oc-4c9">
         <name>.debug_info</name>
         <load_address>0x738b</load_address>
         <run_address>0x738b</run_address>
         <size>0x211</size>
         <input_file_ref idref="fl-6c"/>
      </object_component>
      <object_component id="oc-4f7">
         <name>.debug_info</name>
         <load_address>0x759c</load_address>
         <run_address>0x759c</run_address>
         <size>0x125</size>
         <input_file_ref idref="fl-6d"/>
      </object_component>
      <object_component id="oc-56f">
         <name>.debug_info</name>
         <load_address>0x76c1</load_address>
         <run_address>0x76c1</run_address>
         <size>0xb6</size>
      </object_component>
      <object_component id="oc-3ff">
         <name>.debug_line</name>
         <load_address>0x0</load_address>
         <run_address>0x0</run_address>
         <size>0x134</size>
         <input_file_ref idref="fl-2"/>
      </object_component>
      <object_component id="oc-352">
         <name>.debug_line</name>
         <load_address>0x134</load_address>
         <run_address>0x134</run_address>
         <size>0x31</size>
         <input_file_ref idref="fl-2"/>
      </object_component>
      <object_component id="oc-2fc">
         <name>.debug_line</name>
         <load_address>0x165</load_address>
         <run_address>0x165</run_address>
         <size>0x46</size>
         <input_file_ref idref="fl-2"/>
      </object_component>
      <object_component id="oc-39e">
         <name>.debug_line</name>
         <load_address>0x1ab</load_address>
         <run_address>0x1ab</run_address>
         <size>0x4b</size>
         <input_file_ref idref="fl-2"/>
      </object_component>
      <object_component id="oc-3a5">
         <name>.debug_line</name>
         <load_address>0x1f6</load_address>
         <run_address>0x1f6</run_address>
         <size>0x4a</size>
         <input_file_ref idref="fl-2"/>
      </object_component>
      <object_component id="oc-335">
         <name>.debug_line</name>
         <load_address>0x240</load_address>
         <run_address>0x240</run_address>
         <size>0x7c</size>
         <input_file_ref idref="fl-2"/>
      </object_component>
      <object_component id="oc-2a0">
         <name>.debug_line</name>
         <load_address>0x2bc</load_address>
         <run_address>0x2bc</run_address>
         <size>0x4a</size>
         <input_file_ref idref="fl-2"/>
      </object_component>
      <object_component id="oc-2a5">
         <name>.debug_line</name>
         <load_address>0x306</load_address>
         <run_address>0x306</run_address>
         <size>0x4c</size>
         <input_file_ref idref="fl-2"/>
      </object_component>
      <object_component id="oc-391">
         <name>.debug_line</name>
         <load_address>0x352</load_address>
         <run_address>0x352</run_address>
         <size>0x72</size>
         <input_file_ref idref="fl-2"/>
      </object_component>
      <object_component id="oc-362">
         <name>.debug_line</name>
         <load_address>0x3c4</load_address>
         <run_address>0x3c4</run_address>
         <size>0x20</size>
         <input_file_ref idref="fl-2"/>
      </object_component>
      <object_component id="oc-40a">
         <name>.debug_line</name>
         <load_address>0x3e4</load_address>
         <run_address>0x3e4</run_address>
         <size>0x76</size>
         <input_file_ref idref="fl-2"/>
      </object_component>
      <object_component id="oc-368">
         <name>.debug_line</name>
         <load_address>0x45a</load_address>
         <run_address>0x45a</run_address>
         <size>0x73</size>
         <input_file_ref idref="fl-2"/>
      </object_component>
      <object_component id="oc-3b1">
         <name>.debug_line</name>
         <load_address>0x4cd</load_address>
         <run_address>0x4cd</run_address>
         <size>0x4f</size>
         <input_file_ref idref="fl-3"/>
      </object_component>
      <object_component id="oc-3aa">
         <name>.debug_line</name>
         <load_address>0x51c</load_address>
         <run_address>0x51c</run_address>
         <size>0x46</size>
         <input_file_ref idref="fl-3"/>
      </object_component>
      <object_component id="oc-3b9">
         <name>.debug_line</name>
         <load_address>0x562</load_address>
         <run_address>0x562</run_address>
         <size>0x4e</size>
         <input_file_ref idref="fl-3"/>
      </object_component>
      <object_component id="oc-38d">
         <name>.debug_line</name>
         <load_address>0x5b0</load_address>
         <run_address>0x5b0</run_address>
         <size>0x5c</size>
         <input_file_ref idref="fl-4"/>
      </object_component>
      <object_component id="oc-38b">
         <name>.debug_line</name>
         <load_address>0x60c</load_address>
         <run_address>0x60c</run_address>
         <size>0x33</size>
         <input_file_ref idref="fl-4"/>
      </object_component>
      <object_component id="oc-2ab">
         <name>.debug_line</name>
         <load_address>0x63f</load_address>
         <run_address>0x63f</run_address>
         <size>0x61</size>
         <input_file_ref idref="fl-4"/>
      </object_component>
      <object_component id="oc-3b3">
         <name>.debug_line</name>
         <load_address>0x6a0</load_address>
         <run_address>0x6a0</run_address>
         <size>0x5f</size>
         <input_file_ref idref="fl-5"/>
      </object_component>
      <object_component id="oc-2ff">
         <name>.debug_line</name>
         <load_address>0x6ff</load_address>
         <run_address>0x6ff</run_address>
         <size>0x5c</size>
         <input_file_ref idref="fl-5"/>
      </object_component>
      <object_component id="oc-288">
         <name>.debug_line</name>
         <load_address>0x75b</load_address>
         <run_address>0x75b</run_address>
         <size>0x20</size>
         <input_file_ref idref="fl-6"/>
      </object_component>
      <object_component id="oc-399">
         <name>.debug_line</name>
         <load_address>0x77b</load_address>
         <run_address>0x77b</run_address>
         <size>0x5c</size>
         <input_file_ref idref="fl-12"/>
      </object_component>
      <object_component id="oc-35b">
         <name>.debug_line</name>
         <load_address>0x7d7</load_address>
         <run_address>0x7d7</run_address>
         <size>0x5a</size>
         <input_file_ref idref="fl-38"/>
      </object_component>
      <object_component id="oc-405">
         <name>.debug_line</name>
         <load_address>0x831</load_address>
         <run_address>0x831</run_address>
         <size>0x64</size>
         <input_file_ref idref="fl-39"/>
      </object_component>
      <object_component id="oc-297">
         <name>.debug_line</name>
         <load_address>0x895</load_address>
         <run_address>0x895</run_address>
         <size>0x3d</size>
         <input_file_ref idref="fl-45"/>
      </object_component>
      <object_component id="oc-358">
         <name>.debug_line</name>
         <load_address>0x8d2</load_address>
         <run_address>0x8d2</run_address>
         <size>0x4b</size>
         <input_file_ref idref="fl-48"/>
      </object_component>
      <object_component id="oc-2ea">
         <name>.debug_line</name>
         <load_address>0x91d</load_address>
         <run_address>0x91d</run_address>
         <size>0x2a</size>
         <input_file_ref idref="fl-49"/>
      </object_component>
      <object_component id="oc-2c1">
         <name>.debug_line</name>
         <load_address>0x947</load_address>
         <run_address>0x947</run_address>
         <size>0x46</size>
         <input_file_ref idref="fl-49"/>
      </object_component>
      <object_component id="oc-4b0">
         <name>.debug_line</name>
         <load_address>0x98d</load_address>
         <run_address>0x98d</run_address>
         <size>0xbf</size>
         <input_file_ref idref="fl-4a"/>
      </object_component>
      <object_component id="oc-3e7">
         <name>.debug_line</name>
         <load_address>0xa4c</load_address>
         <run_address>0xa4c</run_address>
         <size>0x84</size>
         <input_file_ref idref="fl-4a"/>
      </object_component>
      <object_component id="oc-4b4">
         <name>.debug_line</name>
         <load_address>0xad0</load_address>
         <run_address>0xad0</run_address>
         <size>0x2e</size>
         <input_file_ref idref="fl-4a"/>
      </object_component>
      <object_component id="oc-4c6">
         <name>.debug_line</name>
         <load_address>0xafe</load_address>
         <run_address>0xafe</run_address>
         <size>0x9a</size>
         <input_file_ref idref="fl-4a"/>
      </object_component>
      <object_component id="oc-465">
         <name>.debug_line</name>
         <load_address>0xb98</load_address>
         <run_address>0xb98</run_address>
         <size>0x97</size>
         <input_file_ref idref="fl-4a"/>
      </object_component>
      <object_component id="oc-4b9">
         <name>.debug_line</name>
         <load_address>0xc2f</load_address>
         <run_address>0xc2f</run_address>
         <size>0x93</size>
         <input_file_ref idref="fl-4a"/>
      </object_component>
      <object_component id="oc-2b2">
         <name>.debug_line</name>
         <load_address>0xcc2</load_address>
         <run_address>0xcc2</run_address>
         <size>0x4e</size>
         <input_file_ref idref="fl-4b"/>
      </object_component>
      <object_component id="oc-327">
         <name>.debug_line</name>
         <load_address>0xd10</load_address>
         <run_address>0xd10</run_address>
         <size>0x34</size>
         <input_file_ref idref="fl-4b"/>
      </object_component>
      <object_component id="oc-32e">
         <name>.debug_line</name>
         <load_address>0xd44</load_address>
         <run_address>0xd44</run_address>
         <size>0x3e</size>
         <input_file_ref idref="fl-4e"/>
      </object_component>
      <object_component id="oc-454">
         <name>.debug_line</name>
         <load_address>0xd82</load_address>
         <run_address>0xd82</run_address>
         <size>0x3a</size>
         <input_file_ref idref="fl-4f"/>
      </object_component>
      <object_component id="oc-2f2">
         <name>.debug_line</name>
         <load_address>0xdbc</load_address>
         <run_address>0xdbc</run_address>
         <size>0x3a</size>
         <input_file_ref idref="fl-50"/>
      </object_component>
      <object_component id="oc-6d">
         <name>.debug_line</name>
         <load_address>0xdf6</load_address>
         <run_address>0xdf6</run_address>
         <size>0x50</size>
         <input_file_ref idref="fl-50"/>
      </object_component>
      <object_component id="oc-293">
         <name>.debug_line</name>
         <load_address>0xe46</load_address>
         <run_address>0xe46</run_address>
         <size>0x3a</size>
         <input_file_ref idref="fl-50"/>
      </object_component>
      <object_component id="oc-68">
         <name>.debug_line</name>
         <load_address>0xe80</load_address>
         <run_address>0xe80</run_address>
         <size>0x9d</size>
         <input_file_ref idref="fl-51"/>
      </object_component>
      <object_component id="oc-34f">
         <name>.debug_line</name>
         <load_address>0xf1d</load_address>
         <run_address>0xf1d</run_address>
         <size>0x9a</size>
         <input_file_ref idref="fl-51"/>
      </object_component>
      <object_component id="oc-2ee">
         <name>.debug_line</name>
         <load_address>0xfb7</load_address>
         <run_address>0xfb7</run_address>
         <size>0x96</size>
         <input_file_ref idref="fl-51"/>
      </object_component>
      <object_component id="oc-283">
         <name>.debug_line</name>
         <load_address>0x104d</load_address>
         <run_address>0x104d</run_address>
         <size>0x3a</size>
         <input_file_ref idref="fl-51"/>
      </object_component>
      <object_component id="oc-4de">
         <name>.debug_line</name>
         <load_address>0x1087</load_address>
         <run_address>0x1087</run_address>
         <size>0x20</size>
         <input_file_ref idref="fl-52"/>
      </object_component>
      <object_component id="oc-42d">
         <name>.debug_line</name>
         <load_address>0x10a7</load_address>
         <run_address>0x10a7</run_address>
         <size>0x17f</size>
         <input_file_ref idref="fl-52"/>
      </object_component>
      <object_component id="oc-31d">
         <name>.debug_line</name>
         <load_address>0x1226</load_address>
         <run_address>0x1226</run_address>
         <size>0x75</size>
         <input_file_ref idref="fl-53"/>
      </object_component>
      <object_component id="oc-380">
         <name>.debug_line</name>
         <load_address>0x129b</load_address>
         <run_address>0x129b</run_address>
         <size>0x2e</size>
         <input_file_ref idref="fl-53"/>
      </object_component>
      <object_component id="oc-41d">
         <name>.debug_line</name>
         <load_address>0x12c9</load_address>
         <run_address>0x12c9</run_address>
         <size>0x2d</size>
         <input_file_ref idref="fl-54"/>
      </object_component>
      <object_component id="oc-30d">
         <name>.debug_line</name>
         <load_address>0x12f6</load_address>
         <run_address>0x12f6</run_address>
         <size>0xe9</size>
         <input_file_ref idref="fl-54"/>
      </object_component>
      <object_component id="oc-433">
         <name>.debug_line</name>
         <load_address>0x13df</load_address>
         <run_address>0x13df</run_address>
         <size>0x3d</size>
         <input_file_ref idref="fl-55"/>
      </object_component>
      <object_component id="oc-48f">
         <name>.debug_line</name>
         <load_address>0x141c</load_address>
         <run_address>0x141c</run_address>
         <size>0x59</size>
         <input_file_ref idref="fl-56"/>
      </object_component>
      <object_component id="oc-316">
         <name>.debug_line</name>
         <load_address>0x1475</load_address>
         <run_address>0x1475</run_address>
         <size>0x5a</size>
         <input_file_ref idref="fl-57"/>
      </object_component>
      <object_component id="oc-43c">
         <name>.debug_line</name>
         <load_address>0x14cf</load_address>
         <run_address>0x14cf</run_address>
         <size>0x3d</size>
         <input_file_ref idref="fl-58"/>
      </object_component>
      <object_component id="oc-4fe">
         <name>.debug_line</name>
         <load_address>0x150c</load_address>
         <run_address>0x150c</run_address>
         <size>0x20</size>
         <input_file_ref idref="fl-59"/>
      </object_component>
      <object_component id="oc-497">
         <name>.debug_line</name>
         <load_address>0x152c</load_address>
         <run_address>0x152c</run_address>
         <size>0x7c</size>
         <input_file_ref idref="fl-59"/>
      </object_component>
      <object_component id="oc-40f">
         <name>.debug_line</name>
         <load_address>0x15a8</load_address>
         <run_address>0x15a8</run_address>
         <size>0x20</size>
         <input_file_ref idref="fl-5a"/>
      </object_component>
      <object_component id="oc-307">
         <name>.debug_line</name>
         <load_address>0x15c8</load_address>
         <run_address>0x15c8</run_address>
         <size>0x71</size>
         <input_file_ref idref="fl-5a"/>
      </object_component>
      <object_component id="oc-475">
         <name>.debug_line</name>
         <load_address>0x1639</load_address>
         <run_address>0x1639</run_address>
         <size>0x20</size>
         <input_file_ref idref="fl-5b"/>
      </object_component>
      <object_component id="oc-37a">
         <name>.debug_line</name>
         <load_address>0x1659</load_address>
         <run_address>0x1659</run_address>
         <size>0xd8</size>
         <input_file_ref idref="fl-5b"/>
      </object_component>
      <object_component id="oc-4da">
         <name>.debug_line</name>
         <load_address>0x1731</load_address>
         <run_address>0x1731</run_address>
         <size>0x2d</size>
         <input_file_ref idref="fl-5c"/>
      </object_component>
      <object_component id="oc-425">
         <name>.debug_line</name>
         <load_address>0x175e</load_address>
         <run_address>0x175e</run_address>
         <size>0xc6</size>
         <input_file_ref idref="fl-5c"/>
      </object_component>
      <object_component id="oc-3c3">
         <name>.debug_line</name>
         <load_address>0x1824</load_address>
         <run_address>0x1824</run_address>
         <size>0x3d</size>
         <input_file_ref idref="fl-5d"/>
      </object_component>
      <object_component id="oc-411">
         <name>.debug_line</name>
         <load_address>0x1861</load_address>
         <run_address>0x1861</run_address>
         <size>0x56</size>
         <input_file_ref idref="fl-61"/>
      </object_component>
      <object_component id="oc-28b">
         <name>.debug_line</name>
         <load_address>0x18b7</load_address>
         <run_address>0x18b7</run_address>
         <size>0x52</size>
         <input_file_ref idref="fl-62"/>
      </object_component>
      <object_component id="oc-36e">
         <name>.debug_line</name>
         <load_address>0x1909</load_address>
         <run_address>0x1909</run_address>
         <size>0x56</size>
         <input_file_ref idref="fl-63"/>
      </object_component>
      <object_component id="oc-387">
         <name>.debug_line</name>
         <load_address>0x195f</load_address>
         <run_address>0x195f</run_address>
         <size>0x41</size>
         <input_file_ref idref="fl-64"/>
      </object_component>
      <object_component id="oc-373">
         <name>.debug_line</name>
         <load_address>0x19a0</load_address>
         <run_address>0x19a0</run_address>
         <size>0x56</size>
         <input_file_ref idref="fl-64"/>
      </object_component>
      <object_component id="oc-419">
         <name>.debug_line</name>
         <load_address>0x19f6</load_address>
         <run_address>0x19f6</run_address>
         <size>0x42</size>
         <input_file_ref idref="fl-65"/>
      </object_component>
      <object_component id="oc-482">
         <name>.debug_line</name>
         <load_address>0x1a38</load_address>
         <run_address>0x1a38</run_address>
         <size>0x53</size>
         <input_file_ref idref="fl-67"/>
      </object_component>
      <object_component id="oc-485">
         <name>.debug_line</name>
         <load_address>0x1a8b</load_address>
         <run_address>0x1a8b</run_address>
         <size>0x53</size>
         <input_file_ref idref="fl-68"/>
      </object_component>
      <object_component id="oc-4d7">
         <name>.debug_line</name>
         <load_address>0x1ade</load_address>
         <run_address>0x1ade</run_address>
         <size>0x53</size>
         <input_file_ref idref="fl-69"/>
      </object_component>
      <object_component id="oc-477">
         <name>.debug_line</name>
         <load_address>0x1b31</load_address>
         <run_address>0x1b31</run_address>
         <size>0x65</size>
         <input_file_ref idref="fl-6a"/>
      </object_component>
      <object_component id="oc-4d1">
         <name>.debug_line</name>
         <load_address>0x1b96</load_address>
         <run_address>0x1b96</run_address>
         <size>0x49</size>
         <input_file_ref idref="fl-6b"/>
      </object_component>
      <object_component id="oc-4cc">
         <name>.debug_line</name>
         <load_address>0x1bdf</load_address>
         <run_address>0x1bdf</run_address>
         <size>0x9e</size>
         <input_file_ref idref="fl-6c"/>
      </object_component>
      <object_component id="oc-4f6">
         <name>.debug_line</name>
         <load_address>0x1c7d</load_address>
         <run_address>0x1c7d</run_address>
         <size>0x4b</size>
         <input_file_ref idref="fl-6d"/>
      </object_component>
      <object_component id="oc-2fd">
         <name>.debug_frame</name>
         <load_address>0x0</load_address>
         <run_address>0x0</run_address>
         <size>0x54</size>
         <input_file_ref idref="fl-2"/>
      </object_component>
      <object_component id="oc-39f">
         <name>.debug_frame</name>
         <load_address>0x54</load_address>
         <run_address>0x54</run_address>
         <size>0x3c</size>
         <input_file_ref idref="fl-2"/>
      </object_component>
      <object_component id="oc-3a4">
         <name>.debug_frame</name>
         <load_address>0x90</load_address>
         <run_address>0x90</run_address>
         <size>0x3c</size>
         <input_file_ref idref="fl-2"/>
      </object_component>
      <object_component id="oc-334">
         <name>.debug_frame</name>
         <load_address>0xcc</load_address>
         <run_address>0xcc</run_address>
         <size>0x40</size>
         <input_file_ref idref="fl-2"/>
      </object_component>
      <object_component id="oc-29f">
         <name>.debug_frame</name>
         <load_address>0x10c</load_address>
         <run_address>0x10c</run_address>
         <size>0x44</size>
         <input_file_ref idref="fl-2"/>
      </object_component>
      <object_component id="oc-2a6">
         <name>.debug_frame</name>
         <load_address>0x150</load_address>
         <run_address>0x150</run_address>
         <size>0x50</size>
         <input_file_ref idref="fl-2"/>
      </object_component>
      <object_component id="oc-3b0">
         <name>.debug_frame</name>
         <load_address>0x1a0</load_address>
         <run_address>0x1a0</run_address>
         <size>0x58</size>
         <input_file_ref idref="fl-3"/>
      </object_component>
      <object_component id="oc-3ab">
         <name>.debug_frame</name>
         <load_address>0x1f8</load_address>
         <run_address>0x1f8</run_address>
         <size>0x3c</size>
         <input_file_ref idref="fl-3"/>
      </object_component>
      <object_component id="oc-3bd">
         <name>.debug_frame</name>
         <load_address>0x234</load_address>
         <run_address>0x234</run_address>
         <size>0x48</size>
         <input_file_ref idref="fl-3"/>
      </object_component>
      <object_component id="oc-2ac">
         <name>.debug_frame</name>
         <load_address>0x27c</load_address>
         <run_address>0x27c</run_address>
         <size>0x54</size>
         <input_file_ref idref="fl-4"/>
      </object_component>
      <object_component id="oc-3b4">
         <name>.debug_frame</name>
         <load_address>0x2d0</load_address>
         <run_address>0x2d0</run_address>
         <size>0x3c</size>
[...]
      </symbol>
      <symbol id="sm-201">
         <name>__STACK_SIZE</name>
         <value>0xa0</value>
      </symbol>
      <symbol id="sm-202">
         <name>__STACK_END</name>
         <value>0x2800</value>
      </symbol>
      <symbol id="sm-203">
         <name>__c_args__</name>
         <value>0xffffffff</value>
      </symbol>
      <symbol id="sm-204">
         <name>__TI_pprof_out_hndl</name>
         <value>0xffffffff</value>
      </symbol>
      <symbol id="sm-205">
         <name>__TI_prof_data_start</name>
         <value>0xffffffff</value>
      </symbol>
      <symbol id="sm-206">
         <name>__TI_prof_data_size</name>
         <value>0xffffffff</value>
      </symbol>
      <symbol id="sm-2b0">
         <name>init_GPIO</name>
         <value>0xe10e</value>
         <object_component_ref idref="oc-39a"/>
      </symbol>
      <symbol id="sm-2b1">
         <name>ADC_ISR</name>
         <value>0xdd8e</value>
         <object_component_ref idref="oc-2a1"/>
      </symbol>
      <symbol id="sm-2b2">
         <name>adc_angle</name>
         <value>0x2016</value>
         <object_component_ref idref="oc-2f4"/>
      </symbol>
      <symbol id="sm-2b3">
         <name>mid_pir_activated</name>
         <value>0x2011</value>
         <object_component_ref idref="oc-2f4"/>
      </symbol>
      <symbol id="sm-2b4">
         <name>P1_ISR</name>
         <value>0xe1ee</value>
         <object_component_ref idref="oc-29b"/>
      </symbol>
      <symbol id="sm-2b5">
         <name>__TI_int48</name>
         <value>0xffe8</value>
         <object_component_ref idref="oc-73"/>
      </symbol>
      <symbol id="sm-2b6">
         <name>__TI_int47</name>
         <value>0xffe6</value>
         <object_component_ref idref="oc-72"/>
      </symbol>
      <symbol id="sm-2b7">
         <name>ADCValue_</name>
         <value>0x2014</value>
         <object_component_ref idref="oc-2f4"/>
      </symbol>
      <symbol id="sm-2b8">
         <name>cur_ang</name>
         <value>0x2018</value>
         <object_component_ref idref="oc-2f4"/>
      </symbol>
      <symbol id="sm-2b9">
         <name>init_adc</name>
         <value>0xe0e6</value>
         <object_component_ref idref="oc-3a0"/>
      </symbol>
      <symbol id="sm-2ba">
         <name>main</name>
         <value>0xd7c4</value>
         <object_component_ref idref="oc-330"/>
      </symbol>
      <symbol id="sm-2bb">
         <name>left_pir_activated</name>
         <value>0x2010</value>
         <object_component_ref idref="oc-2f4"/>
      </symbol>
      <symbol id="sm-2bc">
         <name>right_pir_activated</name>
         <value>0x2012</value>
         <object_component_ref idref="oc-2f4"/>
      </symbol>
      <symbol id="sm-2bd">
         <name>map</name>
         <value>0xdf9c</value>
         <object_component_ref idref="oc-2f8"/>
      </symbol>
      <symbol id="sm-2db">
         <name>servo_cycle_gradual</name>
         <value>0xe08a</value>
         <object_component_ref idref="oc-3b8"/>
      </symbol>
      <symbol id="sm-2dc">
         <name>servo_init</name>
         <value>0xe15a</value>
         <object_component_ref idref="oc-3a6"/>
      </symbol>
      <symbol id="sm-2dd">
         <name>servo_to_angle</name>
         <value>0xdae4</value>
         <object_component_ref idref="oc-3ac"/>
      </symbol>
      <symbol id="sm-2f8">
         <name>__TI_int55</name>
         <value>0xfff6</value>
         <object_component_ref idref="oc-7a"/>
      </symbol>
      <symbol id="sm-2f9">
         <name>TIMERA0_ISR1</name>
         <value>0xd978</value>
         <object_component_ref idref="oc-2a7"/>
      </symbol>
      <symbol id="sm-309">
         <name>ADC_startConversion</name>
         <value>0xe1d8</value>
         <object_component_ref idref="oc-3b2"/>
      </symbol>
      <symbol id="sm-30a">
         <name>ADC_clearInterrupt</name>
         <value>0xe23c</value>
         <object_component_ref idref="oc-2fe"/>
      </symbol>
      <symbol id="sm-324">
         <name>PMM_unlockLPM5</name>
         <value>0xe242</value>
         <object_component_ref idref="oc-394"/>
      </symbol>
      <symbol id="sm-33b">
         <name>__mspabi_remli</name>
         <value>0xde64</value>
         <object_component_ref idref="oc-359"/>
      </symbol>
      <symbol id="sm-33c">
         <name>__mspabi_divli</name>
         <value>0xde64</value>
         <object_component_ref idref="oc-359"/>
      </symbol>
      <symbol id="sm-34a">
         <name>__mspabi_remul</name>
         <value>0xdd36</value>
         <object_component_ref idref="oc-401"/>
      </symbol>
      <symbol id="sm-34b">
         <name>__mspabi_divul</name>
         <value>0xdd36</value>
         <object_component_ref idref="oc-401"/>
      </symbol>
      <symbol id="sm-34e">
         <name>__TI_int45</name>
         <value>0xffe2</value>
         <object_component_ref idref="oc-70"/>
      </symbol>
      <symbol id="sm-351">
         <name>__TI_int46</name>
         <value>0xffe4</value>
         <object_component_ref idref="oc-71"/>
      </symbol>
      <symbol id="sm-354">
         <name>__TI_int49</name>
         <value>0xffea</value>
         <object_component_ref idref="oc-74"/>
      </symbol>
      <symbol id="sm-357">
         <name>__TI_int50</name>
         <value>0xffec</value>
         <object_component_ref idref="oc-75"/>
      </symbol>
      <symbol id="sm-35a">
         <name>__TI_int51</name>
         <value>0xffee</value>
         <object_component_ref idref="oc-76"/>
      </symbol>
      <symbol id="sm-35d">
         <name>__TI_int52</name>
         <value>0xfff0</value>
         <object_component_ref idref="oc-77"/>
      </symbol>
      <symbol id="sm-360">
         <name>__TI_int53</name>
         <value>0xfff2</value>
         <object_component_ref idref="oc-78"/>
      </symbol>
      <symbol id="sm-363">
         <name>__TI_int54</name>
         <value>0xfff4</value>
         <object_component_ref idref="oc-79"/>
      </symbol>
      <symbol id="sm-366">
         <name>__TI_int56</name>
         <value>0xfff8</value>
         <object_component_ref idref="oc-7b"/>
      </symbol>
      <symbol id="sm-369">
         <name>__TI_int57</name>
         <value>0xfffa</value>
         <object_component_ref idref="oc-7c"/>
      </symbol>
      <symbol id="sm-36c">
         <name>__TI_int58</name>
         <value>0xfffc</value>
         <object_component_ref idref="oc-7d"/>
      </symbol>
      <symbol id="sm-374">
         <name>__TI_ISR_TRAP</name>
         <value>0xe234</value>
         <object_component_ref idref="oc-296"/>
      </symbol>
      <symbol id="sm-380">
         <name>__mspabi_mpyl_sw</name>
         <value>0xe134</value>
         <object_component_ref idref="oc-354"/>
      </symbol>
      <symbol id="sm-381">
         <name>__mspabi_mpyl</name>
         <value>0xe134</value>
         <object_component_ref idref="oc-354"/>
      </symbol>
      <symbol id="sm-391">
         <name>_stack</name>
         <value>0x2760</value>
         <object_component_ref idref="oc-27b"/>
      </symbol>
      <symbol id="sm-392">
         <name>_c_int00_noargs</name>
         <value>0xe1a2</value>
         <object_component_ref idref="oc-2bf"/>
      </symbol>
      <symbol id="sm-393">
         <name>_reset_vector</name>
         <value>0xfffe</value>
         <object_component_ref idref="oc-27e"/>
      </symbol>
      <symbol id="sm-3b5">
         <name>__TI_auto_init_nobinit_nopinit_hold_wdt</name>
         <value>0xdbfe</value>
         <object_component_ref idref="oc-3e3"/>
      </symbol>
      <symbol id="sm-3c5">
         <name>__TI_zero_init_nomemset</name>
         <value>0xdea4</value>
         <object_component_ref idref="oc-2ad"/>
      </symbol>
      <symbol id="sm-3d0">
         <name>_system_pre_init</name>
         <value>0xe24e</value>
         <object_component_ref idref="oc-32a"/>
      </symbol>
      <symbol id="sm-3d9">
         <name>_system_post_cinit</name>
         <value>0xe252</value>
         <object_component_ref idref="oc-450"/>
      </symbol>
      <symbol id="sm-3ea">
         <name>__TI_decompress_none</name>
         <value>0xdfda</value>
         <object_component_ref idref="oc-6a"/>
      </symbol>
      <symbol id="sm-40b">
         <name>__TI_decompress_lzss</name>
         <value>0xd6d6</value>
         <object_component_ref idref="oc-64"/>
      </symbol>
      <symbol id="sm-445">
         <name>__mspabi_addd</name>
         <value>0xc42c</value>
         <object_component_ref idref="oc-429"/>
      </symbol>
      <symbol id="sm-464">
         <name>__mspabi_cmpd</name>
         <value>0xd8a0</value>
         <object_component_ref idref="oc-318"/>
      </symbol>
      <symbol id="sm-485">
         <name>__mspabi_divd</name>
         <value>0xd250</value>
         <object_component_ref idref="oc-30c"/>
      </symbol>
      <symbol id="sm-492">
         <name>__mspabi_fixdi</name>
         <value>0xe0be</value>
         <object_component_ref idref="oc-42f"/>
      </symbol>
      <symbol id="sm-4a1">
         <name>__mspabi_fixdli</name>
         <value>0xdcd0</value>
         <object_component_ref idref="oc-48c"/>
      </symbol>
      <symbol id="sm-4b1">
         <name>__mspabi_fixdul</name>
         <value>0xdc68</value>
         <object_component_ref idref="oc-312"/>
      </symbol>
      <symbol id="sm-4ba">
         <name>__mspabi_fltid</name>
         <value>0xe228</value>
         <object_component_ref idref="oc-437"/>
      </symbol>
      <symbol id="sm-4d2">
         <name>__mspabi_fltlid</name>
         <value>0xda46</value>
         <object_component_ref idref="oc-493"/>
      </symbol>
      <symbol id="sm-4e7">
         <name>__mspabi_fltuld</name>
         <value>0xdb7e</value>
         <object_component_ref idref="oc-306"/>
      </symbol>
      <symbol id="sm-502">
         <name>__TI_frcdivd</name>
         <value>0xcb56</value>
         <object_component_ref idref="oc-376"/>
      </symbol>
      <symbol id="sm-527">
         <name>__mspabi_mpyd</name>
         <value>0xcfbe</value>
         <object_component_ref idref="oc-423"/>
      </symbol>
      <symbol id="sm-531">
         <name>C$$EXIT</name>
         <value>0xe248</value>
         <object_component_ref idref="oc-3bf"/>
      </symbol>
      <symbol id="sm-532">
         <name>abort</name>
         <value>0xe248</value>
         <object_component_ref idref="oc-3bf"/>
      </symbol>
      <symbol id="sm-53d">
         <name>__mspabi_sral_15</name>
         <value>0xdee2</value>
         <object_component_ref idref="oc-410"/>
      </symbol>
      <symbol id="sm-53e">
         <name>__mspabi_sral_14</name>
         <value>0xdee6</value>
         <object_component_ref idref="oc-410"/>
      </symbol>
      <symbol id="sm-53f">
         <name>__mspabi_sral_13</name>
         <value>0xdeea</value>
         <object_component_ref idref="oc-410"/>
      </symbol>
      <symbol id="sm-540">
         <name>__mspabi_sral_12</name>
         <value>0xdeee</value>
         <object_component_ref idref="oc-410"/>
      </symbol>
      <symbol id="sm-541">
         <name>__mspabi_sral_11</name>
         <value>0xdef2</value>
         <object_component_ref idref="oc-410"/>
      </symbol>
      <symbol id="sm-542">
         <name>__mspabi_sral_10</name>
         <value>0xdef6</value>
         <object_component_ref idref="oc-410"/>
      </symbol>
      <symbol id="sm-543">
         <name>__mspabi_sral_8</name>
         <value>0xdefe</value>
         <object_component_ref idref="oc-410"/>
      </symbol>
      <symbol id="sm-544">
         <name>__mspabi_sral_9</name>
         <value>0xdefa</value>
         <object_component_ref idref="oc-410"/>
      </symbol>
      <symbol id="sm-545">
         <name>__mspabi_sral_6</name>
         <value>0xdf06</value>
         <object_component_ref idref="oc-410"/>
      </symbol>
      <symbol id="sm-546">
         <name>__mspabi_sral_7</name>
         <value>0xdf02</value>
         <object_component_ref idref="oc-410"/>
      </symbol>
      <symbol id="sm-547">
         <name>__mspabi_sral_4</name>
         <value>0xdf0e</value>
         <object_component_ref idref="oc-410"/>
      </symbol>
      <symbol id="sm-548">
         <name>__mspabi_sral_5</name>
         <value>0xdf0a</value>
         <object_component_ref idref="oc-410"/>
      </symbol>
      <symbol id="sm-549">
         <name>__mspabi_sral_2</name>
         <value>0xdf16</value>
         <object_component_ref idref="oc-410"/>
      </symbol>
      <symbol id="sm-54a">
         <name>__mspabi_sral_3</name>
         <value>0xdf12</value>
         <object_component_ref idref="oc-410"/>
      </symbol>
      <symbol id="sm-54b">
         <name>__mspabi_sral_1</name>
         <value>0xdf1a</value>
         <object_component_ref idref="oc-410"/>
      </symbol>
      <symbol id="sm-556">
         <name>__memcpy_far</name>
         <value>0xdde4</value>
         <object_component_ref idref="oc-28a"/>
      </symbol>
      <symbol id="sm-55e">
         <name>__mspabi_slll_9</name>
         <value>0xdf38</value>
         <object_component_ref idref="oc-36a"/>
      </symbol>
      <symbol id="sm-55f">
         <name>__mspabi_slll_8</name>
         <value>0xdf3c</value>
         <object_component_ref idref="oc-36a"/>
      </symbol>
      <symbol id="sm-560">
         <name>__mspabi_slll_7</name>
         <value>0xdf40</value>
         <object_component_ref idref="oc-36a"/>
      </symbol>
      <symbol id="sm-561">
         <name>__mspabi_slll_6</name>
         <value>0xdf44</value>
         <object_component_ref idref="oc-36a"/>
      </symbol>
      <symbol id="sm-562">
         <name>__mspabi_slll_5</name>
         <value>0xdf48</value>
         <object_component_ref idref="oc-36a"/>
      </symbol>
      <symbol id="sm-563">
         <name>__mspabi_slll_4</name>
         <value>0xdf4c</value>
         <object_component_ref idref="oc-36a"/>
      </symbol>
      <symbol id="sm-564">
         <name>__mspabi_slll_3</name>
         <value>0xdf50</value>
         <object_component_ref idref="oc-36a"/>
      </symbol>
      <symbol id="sm-565">
         <name>__mspabi_slll_2</name>
         <value>0xdf54</value>
         <object_component_ref idref="oc-36a"/>
      </symbol>
      <symbol id="sm-566">
         <name>__mspabi_slll_1</name>
         <value>0xdf58</value>
         <object_component_ref idref="oc-36a"/>
      </symbol>
      <symbol id="sm-567">
         <name>__mspabi_slll_15</name>
         <value>0xdf20</value>
         <object_component_ref idref="oc-36a"/>
      </symbol>
      <symbol id="sm-568">
         <name>__mspabi_slll_14</name>
         <value>0xdf24</value>
         <object_component_ref idref="oc-36a"/>
      </symbol>
      <symbol id="sm-569">
         <name>__mspabi_slll_13</name>
         <value>0xdf28</value>
         <object_component_ref idref="oc-36a"/>
      </symbol>
      <symbol id="sm-56a">
         <name>__mspabi_slll_12</name>
         <value>0xdf2c</value>
         <object_component_ref idref="oc-36a"/>
      </symbol>
      <symbol id="sm-56b">
         <name>__mspabi_slll_11</name>
         <value>0xdf30</value>
         <object_component_ref idref="oc-36a"/>
      </symbol>
      <symbol id="sm-56c">
         <name>__mspabi_slll_10</name>
         <value>0xdf34</value>
         <object_component_ref idref="oc-36a"/>
      </symbol>
      <symbol id="sm-57c">
         <name>__mspabi_srll_8</name>
         <value>0xdf7a</value>
         <object_component_ref idref="oc-36f"/>
      </symbol>
      <symbol id="sm-57d">
         <name>__mspabi_srll_9</name>
         <value>0xdf76</value>
         <object_component_ref idref="oc-36f"/>
      </symbol>
      <symbol id="sm-57e">
         <name>__mspabi_srll_6</name>
         <value>0xdf82</value>
         <object_component_ref idref="oc-36f"/>
      </symbol>
      <symbol id="sm-57f">
         <name>__mspabi_srll_7</name>
         <value>0xdf7e</value>
         <object_component_ref idref="oc-36f"/>
      </symbol>
      <symbol id="sm-580">
         <name>__mspabi_srll_4</name>
         <value>0xdf8a</value>
         <object_component_ref idref="oc-36f"/>
      </symbol>
      <symbol id="sm-581">
         <name>__mspabi_srll_5</name>
         <value>0xdf86</value>
         <object_component_ref idref="oc-36f"/>
      </symbol>
      <symbol id="sm-582">
         <name>__mspabi_srll_2</name>
         <value>0xdf92</value>
         <object_component_ref idref="oc-36f"/>
      </symbol>
      <symbol id="sm-583">
         <name>__mspabi_srll_3</name>
         <value>0xdf8e</value>
         <object_component_ref idref="oc-36f"/>
      </symbol>
      <symbol id="sm-584">
         <name>__mspabi_srll_1</name>
         <value>0xdf96</value>
         <object_component_ref idref="oc-36f"/>
      </symbol>
      <symbol id="sm-585">
         <name>__mspabi_srll_15</name>
         <value>0xdf5e</value>
         <object_component_ref idref="oc-36f"/>
      </symbol>
      <symbol id="sm-586">
         <name>__mspabi_srll_14</name>
         <value>0xdf62</value>
         <object_component_ref idref="oc-36f"/>
      </symbol>
      <symbol id="sm-587">
         <name>__mspabi_srll_13</name>
         <value>0xdf66</value>
         <object_component_ref idref="oc-36f"/>
      </symbol>
      <symbol id="sm-588">
         <name>__mspabi_srll_12</name>
         <value>0xdf6a</value>
         <object_component_ref idref="oc-36f"/>
      </symbol>
      <symbol id="sm-589">
         <name>__mspabi_srll_11</name>
         <value>0xdf6e</value>
         <object_component_ref idref="oc-36f"/>
      </symbol>
      <symbol id="sm-58a">
         <name>__mspabi_srll_10</name>
         <value>0xdf72</value>
         <object_component_ref idref="oc-36f"/>
      </symbol>
      <symbol id="sm-58b">
         <name>__mspabi_srll</name>
         <value>0xe218</value>
         <object_component_ref idref="oc-383"/>
      </symbol>
      <symbol id="sm-595">
         <name>__mspabi_mpyi_sw</name>
         <value>0xe204</value>
         <object_component_ref idref="oc-415"/>
      </symbol>
      <symbol id="sm-596">
         <name>__mspabi_mpyi</name>
         <value>0xe204</value>
         <object_component_ref idref="oc-415"/>
      </symbol>
      <symbol id="sm-5a4">
         <name>__mspabi_srall</name>
         <value>0xde24</value>
         <object_component_ref idref="oc-47e"/>
      </symbol>
      <symbol id="sm-5b1">
         <name>__mspabi_sllll</name>
         <value>0xe016</value>
         <object_component_ref idref="oc-484"/>
      </symbol>
      <symbol id="sm-5be">
         <name>__mspabi_srlll</name>
         <value>0xe050</value>
         <object_component_ref idref="oc-4d2"/>
      </symbol>
      <symbol id="sm-5c9">
         <name>__TI_frcmpyd</name>
         <value>0xd46a</value>
         <object_component_ref idref="oc-476"/>
      </symbol>
      <symbol id="sm-5d1">
         <name>__mspabi_mpyull_sw</name>
         <value>0xe1be</value>
         <object_component_ref idref="oc-4cd"/>
      </symbol>
      <symbol id="sm-5d2">
         <name>__mspabi_mpyull</name>
         <value>0xe1be</value>
         <object_component_ref idref="oc-4cd"/>
      </symbol>
      <symbol id="sm-5da">
         <name>__mspabi_mpyll</name>
         <value>0xd5ce</value>
         <object_component_ref idref="oc-4c8"/>
      </symbol>
      <symbol id="sm-5db">
         <name>__mspabi_mpyll_sw</name>
         <value>0xd5ce</value>
         <object_component_ref idref="oc-4c8"/>
      </symbol>
      <symbol id="sm-5e6">
         <name>__mspabi_mpyul_sw</name>
         <value>0xe180</value>
         <object_component_ref idref="oc-4f5"/>
      </symbol>
      <symbol id="sm-5e7">
         <name>__mspabi_mpyul</name>
         <value>0xe180</value>
         <object_component_ref idref="oc-4f5"/>
      </symbol>
   </symbol_table>
   <title>Link successful</title>
</link_info>
