Warning[w6]: Type conflict for external/entry "strlen", in module adc against external/entry in module ?strlen; prototyped function vs K&R function
  /* In module adc: */
  /* K&R Function, args 0, attr 0 */
  int (__cc_version2 strlen)();
  /* In module ?strlen: */
  /* Function, args 1, attr 0 */
  size_t (__cc_version2 strlen)(char const *);
    typedef _Sizet size_t;
    typedef unsigned int _Sizet;
################################################################################
#                                                                              #
#      IAR Universal Linker V6.5.4.100                                         #
#                                                                              #
#           Link time     =  06/Mar/2024  13:09:53                             #
#           Target CPU    =  MSP430                                            #
#           List file     =  "C:\Users\qsb23163\Desktop\examples-SCREEN\Driver #
#                            Lib Examples\SCREEN\gpio\Debug\List\gpio_ex4_writ #
#                            eToPort1.map"                                     #
#           Output file 1 =  "C:\Users\qsb23163\Desktop\examples-SCREEN\Driver #
#                            Lib Examples\SCREEN\gpio\Debug\Exe\gpio_ex4_write #
#                            ToPort1.d43"                                      #
#                            Format: ubrof10                                   #
#                            UBROF version 10.0.6                              #
#                            Using library modules for C-SPY (-rt)             #
#           Command line  =  -f                                                #
#                            C:\Users\qsb23163\AppData\Local\Temp\EWAD86.tmp   #
#                            ("C:\Users\qsb23163\Desktop\examples-SCREEN\Drive #
#                            rLib Examples\SCREEN\gpio\Debug\Obj\adc.r43"      #
#                            "C:\Users\qsb23163\Desktop\examples-SCREEN\Driver #
#                            Lib Examples\SCREEN\gpio\Debug\Obj\crc.r43"       #
#                            "C:\Users\qsb23163\Desktop\examples-SCREEN\Driver #
#                            Lib Examples\SCREEN\gpio\Debug\Obj\cs.r43"        #
#                            "C:\Users\qsb23163\Desktop\examples-SCREEN\Driver #
#                            Lib Examples\SCREEN\gpio\Debug\Obj\ecomp.r43"     #
#                            "C:\Users\qsb23163\Desktop\examples-SCREEN\Driver #
#                            Lib Examples\SCREEN\gpio\Debug\Obj\eusci_a_spi.r4 #
#                            3"                                                #
#                            "C:\Users\qsb23163\Desktop\examples-SCREEN\Driver #
#                            Lib Examples\SCREEN\gpio\Debug\Obj\eusci_a_uart.r #
#                            43"                                               #
#                            "C:\Users\qsb23163\Desktop\examples-SCREEN\Driver #
#                            Lib Examples\SCREEN\gpio\Debug\Obj\eusci_b_i2c.r4 #
#                            3"                                                #
#                            "C:\Users\qsb23163\Desktop\examples-SCREEN\Driver #
#                            Lib Examples\SCREEN\gpio\Debug\Obj\eusci_b_spi.r4 #
#                            3"                                                #
#                            "C:\Users\qsb23163\Desktop\examples-SCREEN\Driver #
#                            Lib Examples\SCREEN\gpio\Debug\Obj\framctl.r43"   #
#                            "C:\Users\qsb23163\Desktop\examples-SCREEN\Driver #
#                            Lib Examples\SCREEN\gpio\Debug\Obj\gpio.r43"      #
#                            "C:\Users\qsb23163\Desktop\examples-SCREEN\Driver #
#                            Lib Examples\SCREEN\gpio\Debug\Obj\gpio_ex4_write #
#                            ToPort1.r43"                                      #
#                            "C:\Users\qsb23163\Desktop\examples-SCREEN\Driver #
#                            Lib Examples\SCREEN\gpio\Debug\Obj\lcd_e.r43"     #
#                            "C:\Users\qsb23163\Desktop\examples-SCREEN\Driver #
#                            Lib Examples\SCREEN\gpio\Debug\Obj\mpy32.r43"     #
#                            "C:\Users\qsb23163\Desktop\examples-SCREEN\Driver #
#                            Lib Examples\SCREEN\gpio\Debug\Obj\oled.r43"      #
#                            "C:\Users\qsb23163\Desktop\examples-SCREEN\Driver #
#                            Lib Examples\SCREEN\gpio\Debug\Obj\pmm.r43"       #
#                            "C:\Users\qsb23163\Desktop\examples-SCREEN\Driver #
#                            Lib Examples\SCREEN\gpio\Debug\Obj\rtc.r43"       #
#                            "C:\Users\qsb23163\Desktop\examples-SCREEN\Driver #
#                            Lib Examples\SCREEN\gpio\Debug\Obj\sac.r43"       #
#                            "C:\Users\qsb23163\Desktop\examples-SCREEN\Driver #
#                            Lib Examples\SCREEN\gpio\Debug\Obj\sfr.r43"       #
#                            "C:\Users\qsb23163\Desktop\examples-SCREEN\Driver #
#                            Lib Examples\SCREEN\gpio\Debug\Obj\sysctl.r43"    #
#                            "C:\Users\qsb23163\Desktop\examples-SCREEN\Driver #
#                            Lib Examples\SCREEN\gpio\Debug\Obj\tia.r43"       #
#                            "C:\Users\qsb23163\Desktop\examples-SCREEN\Driver #
#                            Lib Examples\SCREEN\gpio\Debug\Obj\timer_a.r43"   #
#                            "C:\Users\qsb23163\Desktop\examples-SCREEN\Driver #
#                            Lib Examples\SCREEN\gpio\Debug\Obj\timer_b.r43"   #
#                            "C:\Users\qsb23163\Desktop\examples-SCREEN\Driver #
#                            Lib Examples\SCREEN\gpio\Debug\Obj\tlv.r43"       #
#                            "C:\Users\qsb23163\Desktop\examples-SCREEN\Driver #
#                            Lib Examples\SCREEN\gpio\Debug\Obj\wdt_a.r43"     #
#                            -o                                                #
#                            "C:\Users\qsb23163\Desktop\examples-SCREEN\Driver #
#                            Lib Examples\SCREEN\gpio\Debug\Exe\gpio_ex4_write #
#                            ToPort1.d43"                                      #
#                            -l                                                #
#                            "C:\Users\qsb23163\Desktop\examples-SCREEN\Driver #
#                            Lib Examples\SCREEN\gpio\Debug\List\gpio_ex4_writ #
#                            eToPort1.map"                                     #
#                            -xms                                              #
#                            "-IC:\Program Files (x86)\IAR Systems\Embedded Wo #
#                            rkbench 8.0\430\LIB\"                             #
#                            -f                                                #
#                            "C:\Program Files (x86)\IAR Systems\Embedded Work #
#                            bench 8.0\430\config\linker\lnk430fr4133.xcl"     #
#                            (-cmsp430 -QCODE_I=CODE_ID -QTLS16_I=TLS16_ID     #
#                            -Z(CONST)INFO=1800-19FF                           #
#                            -Z(CONST)INFOA=1800-19FF                          #
#                            -Z(DATA)DATA16_I,DATA16_Z,DATA16_N,TLS16_I=2000-2 #
#                            7FF                                               #
#                            -Z(DATA)CODE_I                                    #
#                            -Z(DATA)DATA20_I,DATA20_Z,DATA20_N                #
#                            -Z(DATA)CSTACK+_STACK_SIZE#                       #
#                            -Z(CONST)DATA16_P,DATA20_P=C400-FF7F              #
#                            -Z(DATA)DATA16_HEAP+_DATA16_HEAP_SIZE,DATA20_HEAP #
#                            +_DATA20_HEAP_SIZE                                #
#                            -Z(CONST)DATA16_C,DATA16_ID,TLS16_ID,DIFUNCT,CHEC #
#                            KSUM=C400-FF7F                                    #
#                            -Z(CONST)DATA20_C,DATA20_ID                       #
#                            -Z(CODE)CSTART,ISR_CODE,CODE_ID=C400-FF7F         #
#                            -P(CODE)CODE,CODE16=C400-FF7F                     #
#                            -Z(CONST)SIGNATURE=FF80-FF87                      #
#                            -Z(CODE)INTVEC=FF88-FFFF                          #
#                            -Z(CODE)RESET=FFFE-FFFF) -D_STACK_SIZE=A0 -rt     #
#                            "C:\Program Files (x86)\IAR Systems\Embedded Work #
#                            bench 8.0\430\lib\dlib\dl430xlsfn.r43"            #
#                            -e_PrintfLarge=_Printf -e_ScanfLarge=_Scanf       #
#                            -D_DATA16_HEAP_SIZE=A0 -s __program_start         #
#                            -D_DATA20_HEAP_SIZE=50)                           #
#                                                                              #
#                           Copyright (C) 1987-2018 IAR Systems AB.            #
################################################################################





                ****************************************
                *                                      *
                *           CROSS REFERENCE            *
                *                                      *
                ****************************************

       Program entry at :           C68A  Relocatable, from module : ?cstart




                ****************************************
                *                                      *
                *            RUNTIME MODEL             *
                *                                      *
                ****************************************

  __Heap_Handler             = Basic
  __SystemLibrary            = DLib
  __code_model               = large
  __core                     = 430X
  __data_model               = small
  __dlib_file_descriptor     = 0
  __dlib_full_locale_support = 0
  __double_size              = 32
  __pic                      = no
  __reg_r4                   = free
  __reg_r5                   = free
  __rt_version               = 3

                ****************************************
                *                                      *
                *    AUTOMATIC SYMBOL REDIRECTIONS     *
                *                                      *
                ****************************************

                  There are no automatic symbol redirections.



                ****************************************
                *                                      *
                *              MODULE MAP              *
                *                                      *
                ****************************************


  DEFINED ABSOLUTE ENTRIES
    *************************************************************************

  DEFINED ABSOLUTE ENTRIES
  PROGRAM MODULE, NAME : ?ABS_ENTRY_MOD

Absolute parts
           ENTRY                   ADDRESS         REF BY
           =====                   =======         ======
           _DATA20_HEAP_SIZE       0050 
           _DATA16_HEAP_SIZE       00A0 
           _STACK_SIZE             00A0 
    *************************************************************************

  FILE NAME : C:\Users\qsb23163\Desktop\examples-SCREEN\DriverLib Examples\SCREEN\gpio\Debug\Obj\adc.r43
  PROGRAM MODULE, NAME : adc

  SEGMENTS IN THE MODULE
  ======================
DATA16_AN
  Relative segment, address: 0130 - 0131 (0x2 bytes), align: 0
  Segment part 1. ROOT 
           ENTRY                   ADDRESS         REF BY
           =====                   =======         ======
           _A_PM5CTL0_L            0130 
           LOCAL                   ADDRESS         
           =====                   =======         
           PM5CTL0                 0130 
           PM5CTL0_H               0131 
           PM5CTL0_L               0130 
    -------------------------------------------------------------------------
DATA16_C
  Relative segment, address: C400 - C45C (0x5d bytes), align: 0
  Segment part 3.             Intra module refs:   main
    -------------------------------------------------------------------------
DATA16_C
  Relative segment, address: C45D - C468 (0xc bytes), align: 0
  Segment part 4.             Intra module refs:   main
    -------------------------------------------------------------------------
DATA16_C
  Relative segment, address: C469 - C46F (0x7 bytes), align: 0
  Segment part 5.             Intra module refs:   main
    -------------------------------------------------------------------------
DATA16_C
  Relative segment, address: C470 - C476 (0x7 bytes), align: 0
  Segment part 6.             Intra module refs:   main
    -------------------------------------------------------------------------
DATA16_C
  Relative segment, address: C477 - C47D (0x7 bytes), align: 0
  Segment part 7.             Intra module refs:   main
    -------------------------------------------------------------------------
DATA16_C
  Relative segment, address: C47E - C484 (0x7 bytes), align: 0
  Segment part 8.             Intra module refs:   main
    -------------------------------------------------------------------------
DATA16_C
  Relative segment, address: C485 - C48B (0x7 bytes), align: 0
  Segment part 9.             Intra module refs:   main
    -------------------------------------------------------------------------
DATA16_C
  Relative segment, address: C48C - C492 (0x7 bytes), align: 0
  Segment part 10.            Intra module refs:   main
    -------------------------------------------------------------------------
DATA16_C
  Relative segment, address: C493 - C495 (0x3 bytes), align: 0
  Segment part 11.            Intra module refs:   main
    -------------------------------------------------------------------------
DATA16_C
  Relative segment, address: C496 - C498 (0x3 bytes), align: 0
  Segment part 12.            Intra module refs:   main
    -------------------------------------------------------------------------
DATA16_C
  Relative segment, address: C499 - C49B (0x3 bytes), align: 0
  Segment part 13.            Intra module refs:   main
    -------------------------------------------------------------------------
DATA16_C
  Relative segment, address: C49C - C49E (0x3 bytes), align: 0
  Segment part 14.            Intra module refs:   main
    -------------------------------------------------------------------------
DATA16_C
  Relative segment, address: C49F - C4A1 (0x3 bytes), align: 0
  Segment part 15.            Intra module refs:   main
    -------------------------------------------------------------------------
DATA16_C
  Relative segment, address: C4A2 - C4A4 (0x3 bytes), align: 0
  Segment part 16.            Intra module refs:   main
    -------------------------------------------------------------------------
DATA16_C
  Relative segment, address: C4A5 - C4A8 (0x4 bytes), align: 0
  Segment part 17.            Intra module refs:   main
    -------------------------------------------------------------------------
DATA16_C
  Relative segment, address: C4A9 - C688 (0x1e0 bytes), align: 0
  Segment part 25.            Intra module refs:   ssd1306_printText
                                                   ssd1306_printTextBlock
           ENTRY                   ADDRESS         REF BY
           =====                   =======         ======
           font_5x7n               C4A9 
    -------------------------------------------------------------------------
DATA16_Z
  Relative segment, address: 2000 - 2010 (0x11 bytes), align: 0
  Segment part 27.            Intra module refs:   ?Subroutine88
                                                   ssd1306_clearDisplay
                                                   ssd1306_printText
                                                   ssd1306_printTextBlock
           ENTRY                   ADDRESS         REF BY
           =====                   =======         ======
           buffer                  2000 
    -------------------------------------------------------------------------
<CODE> 1 (was CODE)
  Relative segment, address: C6A2 - C6C5 (0x24 bytes), align: 1
  Segment part 275.           Intra module refs:   Segment part 281
           ENTRY                   ADDRESS         REF BY
           =====                   =======         ======
           Write_IIC_Byte          C6A2 
    -------------------------------------------------------------------------
<CODE> 1 (was CODE)
  Relative segment, address: C6C6 - C6D7 (0x12 bytes), align: 1
  Segment part 276.           Intra module refs:   ?Subroutine88
                                                   ssd1306_clearDisplay
           ENTRY                   ADDRESS         REF BY
           =====                   =======         ======
           Write_IIC_Data          C6C6 
               calls direct
    -------------------------------------------------------------------------
<CODE> 1 (was CODE)
  Relative segment, address: C6D8 - C6E5 (0xe bytes), align: 1
  Segment part 277.           Intra module refs:   Write_IIC_Command
                                                   Write_IIC_Data
           LOCAL                   ADDRESS         
           =====                   =======         
           ?Subroutine0            C6D8 
    -------------------------------------------------------------------------
<CODE> 1 (was CODE)
  Relative segment, address: C6E6 - C6EB (0x6 bytes), align: 1
  Segment part 278.           Intra module refs:   Write_IIC_Command
           ENTRY                   ADDRESS         REF BY
           =====                   =======         ======
           OLED_IIC_Start          C6E6 
    -------------------------------------------------------------------------
<CODE> 1 (was CODE)
  Relative segment, address: C6EC - C6FD (0x12 bytes), align: 1
  Segment part 279.           Intra module refs:   OLED_IIC_Start
                                                   Write_IIC_Data
           LOCAL                   ADDRESS         
           =====                   =======         
           ?Subroutine82           C6EC 
    -------------------------------------------------------------------------
<CODE> 1 (was CODE)
  Relative segment, address: C6FE - C701 (0x4 bytes), align: 1
  Segment part 280.           Intra module refs:   Write_IIC_Command
                                                   Write_IIC_Data
           LOCAL                   ADDRESS         
           =====                   =======         
           ?Subroutine81           C6FE 
    -------------------------------------------------------------------------
<CODE> 1 (was CODE)
  Relative segment, address: C702 - C705 (0x4 bytes), align: 1
  Segment part 281.           Intra module refs:   ?Subroutine0
                                                   ?Subroutine81
    -------------------------------------------------------------------------
<CODE> 1 (was CODE)
  Relative segment, address: C706 - C709 (0x4 bytes), align: 1
  Segment part 282.           Intra module refs:   Segment part 281
                                                   Write_IIC_Byte
    -------------------------------------------------------------------------
<CODE> 1 (was CODE)
  Relative segment, address: C70A - C711 (0x8 bytes), align: 1
  Segment part 283.           Intra module refs:   ?Subroutine81
                                                   OLED_IIC_Start
                                                   Segment part 281
                                                   Segment part 282
                                                   Write_IIC_Byte
                                                   Write_IIC_Data
                                                   main
           LOCAL                   ADDRESS         
           =====                   =======         
           ?Subroutine106          C70A 
    -------------------------------------------------------------------------
<CODE> 1 (was CODE)
  Relative segment, address: C712 - C721 (0x10 bytes), align: 1
  Segment part 284.           Intra module refs:   ?Subroutine100
                                                   ?Subroutine102
                                                   ?Subroutine103
                                                   ?Subroutine105
                                                   ?Subroutine15
                                                   ?Subroutine37
                                                   ?Subroutine69
                                                   ?Subroutine83
                                                   ?Subroutine84
                                                   ?Subroutine85
                                                   ?Subroutine86
                                                   ?Subroutine87
                                                   ?Subroutine89
                                                   Segment part 368
                                                   Segment part 369
                                                   Segment part 379
                                                   ssd1306_clearDisplay
                                                   ssd1306_init
                                                   ssd1306_setPosition
           ENTRY                   ADDRESS         REF BY
           =====                   =======         ======
           Write_IIC_Command       C712 
               calls direct
    -------------------------------------------------------------------------
<CODE> 1 (was CODE)
  Relative segment, address: C722 - C745 (0x24 bytes), align: 1
  Segment part 285.           Intra module refs:   ssd1306_printText
           ENTRY                   ADDRESS         REF BY
           =====                   =======         ======
           ssd1306_setPosition     C722 
               calls direct
    -------------------------------------------------------------------------
<CODE> 1 (was CODE)
  Relative segment, address: C746 - C74D (0x8 bytes), align: 1
  Segment part 286.           Intra module refs:   ssd1306_setPosition
           LOCAL                   ADDRESS         
           =====                   =======         
           ?Subroutine15           C746 
    -------------------------------------------------------------------------
<CODE> 1 (was CODE)
  Relative segment, address: C74E - C7BB (0x6e bytes), align: 1
  Segment part 287.           Intra module refs:   ?Subroutine68
                                                   main
                                                   ssd1306_printTextBlock
           ENTRY                   ADDRESS         REF BY
           =====                   =======         ======
           ssd1306_printText       C74E 
               calls direct
    -------------------------------------------------------------------------
<CODE> 1 (was CODE)
  Relative segment, address: C7BC - C7BF (0x4 bytes), align: 1
  Segment part 288.           Intra module refs:   ssd1306_printText
                                                   ssd1306_setPosition
           LOCAL                   ADDRESS         
           =====                   =======         
           ?Subroutine56           C7BC 
    -------------------------------------------------------------------------
<CODE> 1 (was CODE)
  Relative segment, address: C7C0 - C7C7 (0x8 bytes), align: 1
  Segment part 289.           Intra module refs:   ?Subroutine53
                                                   ?Subroutine56
                                                   ssd1306_clearDisplay
           LOCAL                   ADDRESS         
           =====                   =======         
           ?Subroutine102          C7C0 
    -------------------------------------------------------------------------
<CODE> 1 (was CODE)
  Relative segment, address: C7C8 - C88F (0xc8 bytes), align: 1
  Segment part 290.           Intra module refs:   main
           ENTRY                   ADDRESS         REF BY
           =====                   =======         ======
           ssd1306_printTextBlock
                                   C7C8 
               calls direct
    -------------------------------------------------------------------------
<CODE> 1 (was CODE)
  Relative segment, address: C890 - C8CB (0x3c bytes), align: 1
  Segment part 291.           Intra module refs:   ssd1306_printText
                                                   ssd1306_printTextBlock
           LOCAL                   ADDRESS         
           =====                   =======         
           ?Subroutine88           C890 
    -------------------------------------------------------------------------
<CODE> 1 (was CODE)
  Relative segment, address: C8CC - C8D9 (0xe bytes), align: 1
  Segment part 292.           Intra module refs:   ssd1306_printTextBlock
           LOCAL                   ADDRESS         
           =====                   =======         
           ?Subroutine53           C8CC 
    -------------------------------------------------------------------------
<CODE> 1 (was CODE)
  Relative segment, address: C8DA - C8E5 (0xc bytes), align: 1
  Segment part 293.           Intra module refs:   ?Subroutine53
                                                   ssd1306_printText
           LOCAL                   ADDRESS         
           =====                   =======         
           ?Subroutine100          C8DA 
    -------------------------------------------------------------------------
<CODE> 1 (was CODE)
  Relative segment, address: C8E6 - C937 (0x52 bytes), align: 1
  Segment part 294.           Intra module refs:   main
           ENTRY                   ADDRESS         REF BY
           =====                   =======         ======
           ssd1306_clearDisplay    C8E6 
               calls direct
    -------------------------------------------------------------------------
<CODE> 1 (was CODE)
  Relative segment, address: C938 - C939 (0x2 bytes), align: 1
  Segment part 295.           Intra module refs:   ?Subroutine53
                                                   ssd1306_clearDisplay
                                                   ssd1306_printText
           LOCAL                   ADDRESS         
           =====                   =======         
           ?Subroutine94           C938 
    -------------------------------------------------------------------------
<CODE> 1 (was CODE)
  Relative segment, address: C93A - C94D (0x14 bytes), align: 1
  Segment part 296.           Intra module refs:   ?Subroutine94
                                                   ssd1306_setPosition
           LOCAL                   ADDRESS         
           =====                   =======         
           ?Subroutine105          C93A 
    -------------------------------------------------------------------------
<CODE> 1 (was CODE)
  Relative segment, address: C94E - C9B1 (0x64 bytes), align: 1
  Segment part 297.           Intra module refs:   main
           ENTRY                   ADDRESS         REF BY
           =====                   =======         ======
           ssd1306_init            C94E 
               calls direct
    -------------------------------------------------------------------------
<CODE> 1 (was CODE)
  Relative segment, address: C9B2 - C9BD (0xc bytes), align: 1
  Segment part 298.           Intra module refs:   ssd1306_init
           LOCAL                   ADDRESS         
           =====                   =======         
           ?Subroutine37           C9B2 
    -------------------------------------------------------------------------
<CODE> 1 (was CODE)
  Relative segment, address: C9BE - CAC7 (0x10a bytes), align: 1
  Segment part 299.
           ENTRY                   ADDRESS         REF BY
           =====                   =======         ======
           main                    C9BE            Segment part 27 (?cstart)
               calls direct
    -------------------------------------------------------------------------
<CODE> 1 (was CODE)
  Relative segment, address: CAC8 - CACD (0x6 bytes), align: 1
  Segment part 300.           Intra module refs:   main
           LOCAL                   ADDRESS         
           =====                   =======         
           ?Subroutine68           CAC8 
    -------------------------------------------------------------------------
<CODE> 1 (was CODE)
  Relative segment, address: CACE - CAD5 (0x8 bytes), align: 1
  Segment part 352.           Intra module refs:   ?Subroutine82
                                                   ?Subroutine99
                                                   Segment part 282
           LOCAL                   ADDRESS         
           =====                   =======         
           ?Subroutine104          CACE 
    -------------------------------------------------------------------------
<CODE> 1 (was CODE)
  Relative segment, address: CAD6 - CAE7 (0x12 bytes), align: 1
  Segment part 363.           Intra module refs:   ?Subroutine0
           LOCAL                   ADDRESS         
           =====                   =======         
           ?Subroutine99           CAD6 
    -------------------------------------------------------------------------
<CODE> 1 (was CODE)
  Relative segment, address: CAE8 - CAEF (0x8 bytes), align: 1
  Segment part 367.           Intra module refs:   ssd1306_init
           LOCAL                   ADDRESS         
           =====                   =======         
           ?Subroutine69           CAE8 
    -------------------------------------------------------------------------
<CODE> 1 (was CODE)
  Relative segment, address: CAF0 - CAF3 (0x4 bytes), align: 1
  Segment part 368.           Intra module refs:   ?Subroutine69
                                                   ssd1306_init
    -------------------------------------------------------------------------
<CODE> 1 (was CODE)
  Relative segment, address: CAF4 - CAF9 (0x6 bytes), align: 1
  Segment part 369.           Intra module refs:   Segment part 368
                                                   ssd1306_clearDisplay
    -------------------------------------------------------------------------
<CODE> 1 (was CODE)
  Relative segment, address: CAFA - CB07 (0xe bytes), align: 1
  Segment part 372.           Intra module refs:   ssd1306_init
           LOCAL                   ADDRESS         
           =====                   =======         
           ?Subroutine89           CAFA 
    -------------------------------------------------------------------------
<CODE> 1 (was CODE)
  Relative segment, address: CB08 - CB0F (0x8 bytes), align: 1
  Segment part 373.           Intra module refs:   ssd1306_init
           LOCAL                   ADDRESS         
           =====                   =======         
           ?Subroutine87           CB08 
    -------------------------------------------------------------------------
<CODE> 1 (was CODE)
  Relative segment, address: CB10 - CB1D (0xe bytes), align: 1
  Segment part 374.           Intra module refs:   ?Subroutine87
           LOCAL                   ADDRESS         
           =====                   =======         
           ?Subroutine103          CB10 
    -------------------------------------------------------------------------
<CODE> 1 (was CODE)
  Relative segment, address: CB1E - CB2F (0x12 bytes), align: 1
  Segment part 375.           Intra module refs:   ssd1306_init
           LOCAL                   ADDRESS         
           =====                   =======         
           ?Subroutine86           CB1E 
    -------------------------------------------------------------------------
<CODE> 1 (was CODE)
  Relative segment, address: CB30 - CB41 (0x12 bytes), align: 1
  Segment part 376.           Intra module refs:   ssd1306_init
           LOCAL                   ADDRESS         
           =====                   =======         
           ?Subroutine85           CB30 
    -------------------------------------------------------------------------
<CODE> 1 (was CODE)
  Relative segment, address: CB42 - CB55 (0x14 bytes), align: 1
  Segment part 377.           Intra module refs:   ssd1306_init
           LOCAL                   ADDRESS         
           =====                   =======         
           ?Subroutine84           CB42 
    -------------------------------------------------------------------------
<CODE> 1 (was CODE)
  Relative segment, address: CB56 - CB59 (0x4 bytes), align: 1
  Segment part 378.           Intra module refs:   ssd1306_init
           LOCAL                   ADDRESS         
           =====                   =======         
           ?Subroutine83           CB56 
    -------------------------------------------------------------------------
<CODE> 1 (was CODE)
  Relative segment, address: CB5A - CB61 (0x8 bytes), align: 1
  Segment part 379.           Intra module refs:   ?Subroutine83
                                                   ssd1306_init

    *************************************************************************

  FILE NAME : C:\Users\qsb23163\Desktop\examples-SCREEN\DriverLib Examples\SCREEN\gpio\Debug\Obj\crc.r43
    *************************************************************************

  FILE NAME : C:\Users\qsb23163\Desktop\examples-SCREEN\DriverLib Examples\SCREEN\gpio\Debug\Obj\cs.r43
    *************************************************************************

  FILE NAME : C:\Users\qsb23163\Desktop\examples-SCREEN\DriverLib Examples\SCREEN\gpio\Debug\Obj\ecomp.r43
    *************************************************************************

  FILE NAME : C:\Users\qsb23163\Desktop\examples-SCREEN\DriverLib Examples\SCREEN\gpio\Debug\Obj\eusci_a_spi.r43
    *************************************************************************

  FILE NAME : C:\Users\qsb23163\Desktop\examples-SCREEN\DriverLib Examples\SCREEN\gpio\Debug\Obj\eusci_a_uart.r43
    *************************************************************************

  FILE NAME : C:\Users\qsb23163\Desktop\examples-SCREEN\DriverLib Examples\SCREEN\gpio\Debug\Obj\eusci_b_i2c.r43
    *************************************************************************

  FILE NAME : C:\Users\qsb23163\Desktop\examples-SCREEN\DriverLib Examples\SCREEN\gpio\Debug\Obj\eusci_b_spi.r43
    *************************************************************************

  FILE NAME : C:\Users\qsb23163\Desktop\examples-SCREEN\DriverLib Examples\SCREEN\gpio\Debug\Obj\framctl.r43
    *************************************************************************

  FILE NAME : C:\Users\qsb23163\Desktop\examples-SCREEN\DriverLib Examples\SCREEN\gpio\Debug\Obj\gpio.r43
    *************************************************************************

  FILE NAME : C:\Users\qsb23163\Desktop\examples-SCREEN\DriverLib Examples\SCREEN\gpio\Debug\Obj\gpio_ex4_writeToPort1.r43
    *************************************************************************

  FILE NAME : C:\Users\qsb23163\Desktop\examples-SCREEN\DriverLib Examples\SCREEN\gpio\Debug\Obj\lcd_e.r43
    *************************************************************************

  FILE NAME : C:\Users\qsb23163\Desktop\examples-SCREEN\DriverLib Examples\SCREEN\gpio\Debug\Obj\mpy32.r43
    *************************************************************************

  FILE NAME : C:\Users\qsb23163\Desktop\examples-SCREEN\DriverLib Examples\SCREEN\gpio\Debug\Obj\oled.r43
    *************************************************************************

  FILE NAME : C:\Users\qsb23163\Desktop\examples-SCREEN\DriverLib Examples\SCREEN\gpio\Debug\Obj\pmm.r43
    *************************************************************************

  FILE NAME : C:\Users\qsb23163\Desktop\examples-SCREEN\DriverLib Examples\SCREEN\gpio\Debug\Obj\rtc.r43
    *************************************************************************

  FILE NAME : C:\Users\qsb23163\Desktop\examples-SCREEN\DriverLib Examples\SCREEN\gpio\Debug\Obj\sac.r43
    *************************************************************************

  FILE NAME : C:\Users\qsb23163\Desktop\examples-SCREEN\DriverLib Examples\SCREEN\gpio\Debug\Obj\sfr.r43
    *************************************************************************

  FILE NAME : C:\Users\qsb23163\Desktop\examples-SCREEN\DriverLib Examples\SCREEN\gpio\Debug\Obj\sysctl.r43
    *************************************************************************

  FILE NAME : C:\Users\qsb23163\Desktop\examples-SCREEN\DriverLib Examples\SCREEN\gpio\Debug\Obj\tia.r43
    *************************************************************************

  FILE NAME : C:\Users\qsb23163\Desktop\examples-SCREEN\DriverLib Examples\SCREEN\gpio\Debug\Obj\timer_a.r43
    *************************************************************************

  FILE NAME : C:\Users\qsb23163\Desktop\examples-SCREEN\DriverLib Examples\SCREEN\gpio\Debug\Obj\timer_b.r43
    *************************************************************************

  FILE NAME : C:\Users\qsb23163\Desktop\examples-SCREEN\DriverLib Examples\SCREEN\gpio\Debug\Obj\tlv.r43
    *************************************************************************

  FILE NAME : C:\Users\qsb23163\Desktop\examples-SCREEN\DriverLib Examples\SCREEN\gpio\Debug\Obj\wdt_a.r43
    *************************************************************************

  FILE NAME : C:\Program Files (x86)\IAR Systems\Embedded Workbench 8.0\430\lib\dlib\dl430xlsfn.r43
  LIBRARY MODULE, NAME : ?__dbg_break

  SEGMENTS IN THE MODULE
  ======================
<CODE> 1 (was CODE)
  Relative segment, address: CB9E - CB9F (0x2 bytes), align: 1
  Segment part 2.
           ENTRY                   ADDRESS         REF BY
           =====                   =======         ======
           __DebugBreak            CB9E            __exit (?__exit)

    -------------------------------------------------------------------------
  LIBRARY MODULE, NAME : ?__exit

  SEGMENTS IN THE MODULE
  ======================
<CODE> 1 (was CODE)
  Relative segment, address: CB62 - CB75 (0x14 bytes), align: 1
  Segment part 2.
           ENTRY                   ADDRESS         REF BY
           =====                   =======         ======
           __exit                  CB62            Segment part 6 (?_exit)
                                                   _exit (?_exit)
               calls direct

    -------------------------------------------------------------------------
  LIBRARY MODULE, NAME : ?_exit

  SEGMENTS IN THE MODULE
  ======================
<CODE> 1 (was CODE)
  Relative segment, address: CB9A, align: 1
  Segment part 0.
           ENTRY                   ADDRESS         REF BY
           =====                   =======         ======
           _exit                   CB9A            exit (?exit)
    -------------------------------------------------------------------------
<CODE> 1 (was CODE)
  Relative segment, address: CB9A - CB9D (0x4 bytes), align: 1
  Segment part 6.             Intra module refs:   _exit

    -------------------------------------------------------------------------
  LIBRARY MODULE, NAME : ?cstart

  SEGMENTS IN THE MODULE
  ======================
CSTACK
  Relative segment, address: 2760, align: 1
  Segment part 1.
    -------------------------------------------------------------------------
DATA16_Z
  Relative segment, address: 2000, align: 1
  Segment part 2.
    -------------------------------------------------------------------------
CODE_I
  Relative segment, address: 2012, align: 1
  Segment part 5.
    -------------------------------------------------------------------------
CODE_ID
  Relative segment, address: C6A2, align: 1
  Segment part 6.
    -------------------------------------------------------------------------
DATA20_Z
  Relative segment, address: 2012, align: 1
  Segment part 7.
    -------------------------------------------------------------------------
DATA20_I
  Relative segment, address: 2012, align: 1
  Segment part 8.
    -------------------------------------------------------------------------
DATA20_ID
  Relative segment, address: C68A, align: 1
  Segment part 9.
    -------------------------------------------------------------------------
DATA20_C
  Relative segment, address: C68A, align: 1
  Segment part 10.
    -------------------------------------------------------------------------
DATA20_N
  Relative segment, address: 2012, align: 1
  Segment part 12.
    -------------------------------------------------------------------------
CSTART
  Relative segment, address: C68A - C68D (0x4 bytes), align: 1
  Segment part 15.
           ENTRY                   ADDRESS         REF BY
           =====                   =======         ======
           __program_start         C68A            ?reset_vector (?reset_vector)
                                                   Absolute parts (?ABS_ENTRY_MOD)
           ?cstart_begin           C68A 
    -------------------------------------------------------------------------
CSTART
  Relative segment, address: C68E - C699 (0xc bytes), align: 1
  Segment part 20.
           ENTRY                   ADDRESS         REF BY
           =====                   =======         ======
           ?cstart_init_zero       C68E            buffer (adc)
    -------------------------------------------------------------------------
CSTART
  Relative segment, address: C69A - C6A1 (0x8 bytes), align: 1
  Segment part 27.            Intra module refs:   Segment part 15
           ENTRY                   ADDRESS         REF BY
           =====                   =======         ======
           ?cstart_call_main       C69A 
           ?cstart_end             C6A2 
    -------------------------------------------------------------------------
CODE_ID
  Relative segment, address: C6A2, align: 1
  Segment part 28.            Intra module refs:   Segment part 5

    -------------------------------------------------------------------------
  LIBRARY MODULE, NAME : ?reset_vector

  SEGMENTS IN THE MODULE
  ======================
RESET
  Relative segment, address: FFFE - FFFF (0x2 bytes), align: 1
  Segment part 0.
           ENTRY                   ADDRESS         REF BY
           =====                   =======         ======
           ?reset_vector           FFFE            Segment part 15 (?cstart)

    -------------------------------------------------------------------------
  LIBRARY MODULE, NAME : ?exit

  SEGMENTS IN THE MODULE
  ======================
<CODE> 1 (was CODE)
  Relative segment, address: CB96 - CB99 (0x4 bytes), align: 1
  Segment part 2.
           ENTRY                   ADDRESS         REF BY
           =====                   =======         ======
           exit                    CB96            Segment part 27 (?cstart)
               calls direct

    -------------------------------------------------------------------------
  LIBRARY MODULE, NAME : ?CopyMemoryBytes

  SEGMENTS IN THE MODULE
  ======================
<CODE> 1 (was CODE)
  Relative segment, address: CB76 - CB85 (0x10 bytes), align: 1
  Segment part 0.
           ENTRY                   ADDRESS         REF BY
           =====                   =======         ======
           ?CopyMemoryBytes        CB76            main (adc)

    -------------------------------------------------------------------------
  LIBRARY MODULE, NAME : ?memzero

  SEGMENTS IN THE MODULE
  ======================
<CODE> 1 (was CODE)
  Relative segment, address: CB86 - CB95 (0x10 bytes), align: 1
  Segment part 2.
           ENTRY                   ADDRESS         REF BY
           =====                   =======         ======
           __data16_memzero        CB86            ?cstart_init_zero (?cstart)




                ****************************************
                *                                      *
                *      SEGMENTS IN ADDRESS ORDER       *
                *                                      *
                ****************************************


SEGMENT              SPACE    START ADDRESS   END ADDRESS     SIZE  TYPE  ALIGN
=======              =====    =============   ===========     ====  ====  =====
DATA16_AN                              0130 - 0131               2   rel    0
DATA16_I                                  2000                       dse    0
DATA16_Z                               2000 - 2010              11   rel    1
DATA20_Z                                  2012                       rel    1
DATA20_N                                  2012                       rel    1
DATA20_I                                  2012                       rel    1
CODE_I                                    2012                       rel    1
CSTACK                                 2760 - 27FF              A0   rel    1
DATA16_C                               C400 - C688             289   rel    0
DATA20_ID                                 C68A                       rel    1
DATA20_C                                  C68A                       rel    1
CSTART                                 C68A - C6A1              18   rel    1
CODE_ID                                   C6A2                       rel    1
ISR_CODE                                  C6A2                       dse    0
<CODE> 1                               C6A2 - CB9F             4FE   rel    1
RESET                                  FFFE - FFFF               2   rel    1

                ****************************************
                *                                      *
                *        END OF CROSS REFERENCE        *
                *                                      *
                ****************************************

 1 304 bytes of CODE  memory
   177 bytes of DATA  memory (+ 2 absolute )
   649 bytes of CONST memory

Errors: none
Warnings: 1

