Warning[w6]: Type conflict for external/entry "strlen", in module adc against external/entry in module ?strlen; prototyped function vs K&R function
  /* In module adc: */
  /* K&R Function, args 0, attr 0 */
  int (__cc_version2 strlen)();
  /* In module ?strlen: */
  /* Function, args 1, attr 0 */
  size_t (__cc_version2 strlen)(char const *);
    typedef _Sizet size_t;
    typedef unsigned int _Sizet;
################################################################################
#                                                                              #
#      IAR Universal Linker V6.5.4.100                                         #
#                                                                              #
#           Link time     =  06/Mar/2024  14:05:17                             #
#           Target CPU    =  MSP430                                            #
#           List file     =  "C:\Users\qsb23163\Desktop\examples-SCREEN\Driver #
#                            Lib Examples\SCREEN\gpio\Debug\List\gpio_ex4_writ #
#                            eToPort1.map"                                     #
#           Output file 1 =  "C:\Users\qsb23163\Desktop\examples-SCREEN\Driver #
#                            Lib Examples\SCREEN\gpio\Debug\Exe\gpio_ex4_write #
#                            ToPort1.d43"                                      #
#                            Format: ubrof10                                   #
#                            UBROF version 10.0.6                              #
#                            Using library modules for C-SPY (-rt)             #
#           Command line  =  -f                                                #
#                            C:\Users\qsb23163\AppData\Local\Temp\EW6898.tmp   #
#                            ("C:\Users\qsb23163\Desktop\examples-SCREEN\Drive #
#                            rLib Examples\SCREEN\gpio\Debug\Obj\adc.r43"      #
#                            "C:\Users\qsb23163\Desktop\examples-SCREEN\Driver #
#                            Lib Examples\SCREEN\gpio\Debug\Obj\crc.r43"       #
#                            "C:\Users\qsb23163\Desktop\examples-SCREEN\Driver #
#                            Lib Examples\SCREEN\gpio\Debug\Obj\cs.r43"        #
#                            "C:\Users\qsb23163\Desktop\examples-SCREEN\Driver #
#                            Lib Examples\SCREEN\gpio\Debug\Obj\ecomp.r43"     #
#                            "C:\Users\qsb23163\Desktop\examples-SCREEN\Driver #
#                            Lib Examples\SCREEN\gpio\Debug\Obj\eusci_a_spi.r4 #
#                            3"                                                #
#                            "C:\Users\qsb23163\Desktop\examples-SCREEN\Driver #
#                            Lib Examples\SCREEN\gpio\Debug\Obj\eusci_a_uart.r #
#                            43"                                               #
#                            "C:\Users\qsb23163\Desktop\examples-SCREEN\Driver #
#                            Lib Examples\SCREEN\gpio\Debug\Obj\eusci_b_i2c.r4 #
#                            3"                                                #
#                            "C:\Users\qsb23163\Desktop\examples-SCREEN\Driver #
#                            Lib Examples\SCREEN\gpio\Debug\Obj\eusci_b_spi.r4 #
#                            3"                                                #
#                            "C:\Users\qsb23163\Desktop\examples-SCREEN\Driver #
#                            Lib Examples\SCREEN\gpio\Debug\Obj\framctl.r43"   #
#                            "C:\Users\qsb23163\Desktop\examples-SCREEN\Driver #
#                            Lib Examples\SCREEN\gpio\Debug\Obj\gpio.r43"      #
#                            "C:\Users\qsb23163\Desktop\examples-SCREEN\Driver #
#                            Lib Examples\SCREEN\gpio\Debug\Obj\gpio_ex4_write #
#                            ToPort1.r43"                                      #
#                            "C:\Users\qsb23163\Desktop\examples-SCREEN\Driver #
#                            Lib Examples\SCREEN\gpio\Debug\Obj\lcd_e.r43"     #
#                            "C:\Users\qsb23163\Desktop\examples-SCREEN\Driver #
#                            Lib Examples\SCREEN\gpio\Debug\Obj\mpy32.r43"     #
#                            "C:\Users\qsb23163\Desktop\examples-SCREEN\Driver #
#                            Lib Examples\SCREEN\gpio\Debug\Obj\oled.r43"      #
#                            "C:\Users\qsb23163\Desktop\examples-SCREEN\Driver #
#                            Lib Examples\SCREEN\gpio\Debug\Obj\pmm.r43"       #
#                            "C:\Users\qsb23163\Desktop\examples-SCREEN\Driver #
#                            Lib Examples\SCREEN\gpio\Debug\Obj\rtc.r43"       #
#                            "C:\Users\qsb23163\Desktop\examples-SCREEN\Driver #
#                            Lib Examples\SCREEN\gpio\Debug\Obj\sac.r43"       #
#                            "C:\Users\qsb23163\Desktop\examples-SCREEN\Driver #
#                            Lib Examples\SCREEN\gpio\Debug\Obj\sfr.r43"       #
#                            "C:\Users\qsb23163\Desktop\examples-SCREEN\Driver #
#                            Lib Examples\SCREEN\gpio\Debug\Obj\sysctl.r43"    #
#                            "C:\Users\qsb23163\Desktop\examples-SCREEN\Driver #
#                            Lib Examples\SCREEN\gpio\Debug\Obj\tia.r43"       #
#                            "C:\Users\qsb23163\Desktop\examples-SCREEN\Driver #
#                            Lib Examples\SCREEN\gpio\Debug\Obj\timer_a.r43"   #
#                            "C:\Users\qsb23163\Desktop\examples-SCREEN\Driver #
#                            Lib Examples\SCREEN\gpio\Debug\Obj\timer_b.r43"   #
#                            "C:\Users\qsb23163\Desktop\examples-SCREEN\Driver #
#                            Lib Examples\SCREEN\gpio\Debug\Obj\tlv.r43"       #
#                            "C:\Users\qsb23163\Desktop\examples-SCREEN\Driver #
#                            Lib Examples\SCREEN\gpio\Debug\Obj\wdt_a.r43"     #
#                            -o                                                #
#                            "C:\Users\qsb23163\Desktop\examples-SCREEN\Driver #
#                            Lib Examples\SCREEN\gpio\Debug\Exe\gpio_ex4_write #
#                            ToPort1.d43"                                      #
#                            -l                                                #
#                            "C:\Users\qsb23163\Desktop\examples-SCREEN\Driver #
#                            Lib Examples\SCREEN\gpio\Debug\List\gpio_ex4_writ #
#                            eToPort1.map"                                     #
#                            -xms                                              #
#                            "-IC:\Program Files (x86)\IAR Systems\Embedded Wo #
#                            rkbench 8.0\430\LIB\"                             #
#                            -f                                                #
#                            "C:\Program Files (x86)\IAR Systems\Embedded Work #
#                            bench 8.0\430\config\linker\lnk430fr4133.xcl"     #
#                            (-cmsp430 -QCODE_I=CODE_ID -QTLS16_I=TLS16_ID     #
#                            -Z(CONST)INFO=1800-19FF                           #
#                            -Z(CONST)INFOA=1800-19FF                          #
#                            -Z(DATA)DATA16_I,DATA16_Z,DATA16_N,TLS16_I=2000-2 #
#                            7FF                                               #
#                            -Z(DATA)CODE_I                                    #
#                            -Z(DATA)DATA20_I,DATA20_Z,DATA20_N                #
#                            -Z(DATA)CSTACK+_STACK_SIZE#                       #
#                            -Z(CONST)DATA16_P,DATA20_P=C400-FF7F              #
#                            -Z(DATA)DATA16_HEAP+_DATA16_HEAP_SIZE,DATA20_HEAP #
#                            +_DATA20_HEAP_SIZE                                #
#                            -Z(CONST)DATA16_C,DATA16_ID,TLS16_ID,DIFUNCT,CHEC #
#                            KSUM=C400-FF7F                                    #
#                            -Z(CONST)DATA20_C,DATA20_ID                       #
#                            -Z(CODE)CSTART,ISR_CODE,CODE_ID=C400-FF7F         #
#                            -P(CODE)CODE,CODE16=C400-FF7F                     #
#                            -Z(CONST)SIGNATURE=FF80-FF87                      #
#                            -Z(CODE)INTVEC=FF88-FFFF                          #
#                            -Z(CODE)RESET=FFFE-FFFF) -D_STACK_SIZE=A0 -rt     #
#                            "C:\Program Files (x86)\IAR Systems\Embedded Work #
#                            bench 8.0\430\lib\dlib\dl430xlsfn.r43"            #
#                            -e_PrintfLarge=_Printf -e_ScanfLarge=_Scanf       #
#                            -D_DATA16_HEAP_SIZE=A0 -s __program_start         #
#                            -D_DATA20_HEAP_SIZE=50)                           #
#                                                                              #
#                           Copyright (C) 1987-2018 IAR Systems AB.            #
################################################################################





                ****************************************
                *                                      *
                *           CROSS REFERENCE            *
                *                                      *
                ****************************************

       Program entry at :           C658  Relocatable, from module : ?cstart




                ****************************************
                *                                      *
                *            RUNTIME MODEL             *
                *                                      *
                ****************************************

  __Heap_Handler             = Basic
  __SystemLibrary            = DLib
  __code_model               = large
  __core                     = 430X
  __data_model               = small
  __dlib_file_descriptor     = 0
  __dlib_full_locale_support = 0
  __double_size              = 32
  __pic                      = no
  __reg_r4                   = free
  __reg_r5                   = free
  __rt_version               = 3

                ****************************************
                *                                      *
                *    AUTOMATIC SYMBOL REDIRECTIONS     *
                *                                      *
                ****************************************

                  There are no automatic symbol redirections.



                ****************************************
                *                                      *
                *              MODULE MAP              *
                *                                      *
                ****************************************


  DEFINED ABSOLUTE ENTRIES
    *************************************************************************

  DEFINED ABSOLUTE ENTRIES
  PROGRAM MODULE, NAME : ?ABS_ENTRY_MOD

Absolute parts
           ENTRY                   ADDRESS         REF BY
           =====                   =======         ======
           _DATA20_HEAP_SIZE       0050 
           _DATA16_HEAP_SIZE       00A0 
           _STACK_SIZE             00A0 
    *************************************************************************

  FILE NAME : C:\Users\qsb23163\Desktop\examples-SCREEN\DriverLib Examples\SCREEN\gpio\Debug\Obj\adc.r43
  PROGRAM MODULE, NAME : adc

  SEGMENTS IN THE MODULE
  ======================
DATA16_AN
  Relative segment, address: 0130 - 0131 (0x2 bytes), align: 0
  Segment part 1. ROOT 
           ENTRY                   ADDRESS         REF BY
           =====                   =======         ======
           _A_PM5CTL0_L            0130 
           LOCAL                   ADDRESS         
           =====                   =======         
           PM5CTL0                 0130 
           PM5CTL0_H               0131 
           PM5CTL0_L               0130 
    -------------------------------------------------------------------------
DATA16_C
  Relative segment, address: C400 - C45C (0x5d bytes), align: 0
  Segment part 3.             Intra module refs:   main
    -------------------------------------------------------------------------
DATA16_C
  Relative segment, address: C45D - C461 (0x5 bytes), align: 0
  Segment part 4.             Intra module refs:   main
    -------------------------------------------------------------------------
DATA16_C
  Relative segment, address: C462 - C469 (0x8 bytes), align: 0
  Segment part 5.             Intra module refs:   main
    -------------------------------------------------------------------------
DATA16_C
  Relative segment, address: C46A - C470 (0x7 bytes), align: 0
  Segment part 6.             Intra module refs:   main
    -------------------------------------------------------------------------
DATA16_C
  Relative segment, address: C471 - C476 (0x6 bytes), align: 0
  Segment part 7.             Intra module refs:   main
    -------------------------------------------------------------------------
DATA16_C
  Relative segment, address: C477 - C656 (0x1e0 bytes), align: 0
  Segment part 15.            Intra module refs:   ssd1306_printText
                                                   ssd1306_printTextBlock
           ENTRY                   ADDRESS         REF BY
           =====                   =======         ======
           font_5x7n               C477 
    -------------------------------------------------------------------------
DATA16_Z
  Relative segment, address: 2000 - 2010 (0x11 bytes), align: 0
  Segment part 17.            Intra module refs:   ?Subroutine88
                                                   ssd1306_clearDisplay
                                                   ssd1306_printText
                                                   ssd1306_printTextBlock
           ENTRY                   ADDRESS         REF BY
           =====                   =======         ======
           buffer                  2000 
    -------------------------------------------------------------------------
<CODE> 1 (was CODE)
  Relative segment, address: C670 - C695 (0x26 bytes), align: 1
  Segment part 265.           Intra module refs:   ?Subroutine82
                                                   Segment part 274
           ENTRY                   ADDRESS         REF BY
           =====                   =======         ======
           Write_IIC_Byte          C670 
    -------------------------------------------------------------------------
<CODE> 1 (was CODE)
  Relative segment, address: C696 - C6A7 (0x12 bytes), align: 1
  Segment part 266.           Intra module refs:   ?Subroutine97
           ENTRY                   ADDRESS         REF BY
           =====                   =======         ======
           OLED_IIC_Start          C696 
    -------------------------------------------------------------------------
<CODE> 1 (was CODE)
  Relative segment, address: C6A8 - C6AF (0x8 bytes), align: 1
  Segment part 267.           Intra module refs:   OLED_IIC_Start
           LOCAL                   ADDRESS         
           =====                   =======         
           ?Subroutine18           C6A8 
    -------------------------------------------------------------------------
<CODE> 1 (was CODE)
  Relative segment, address: C6B0 - C6B7 (0x8 bytes), align: 1
  Segment part 268.           Intra module refs:   ?Subroutine88
                                                   ssd1306_clearDisplay
           ENTRY                   ADDRESS         REF BY
           =====                   =======         ======
           Write_IIC_Data          C6B0 
               calls direct
    -------------------------------------------------------------------------
<CODE> 1 (was CODE)
  Relative segment, address: C6B8 - C6C5 (0xe bytes), align: 1
  Segment part 269.           Intra module refs:   Write_IIC_Command
                                                   Write_IIC_Data
           LOCAL                   ADDRESS         
           =====                   =======         
           ?Subroutine0            C6B8 
    -------------------------------------------------------------------------
<CODE> 1 (was CODE)
  Relative segment, address: C6C6 - C6CB (0x6 bytes), align: 1
  Segment part 270.           Intra module refs:   ?Subroutine0
           LOCAL                   ADDRESS         
           =====                   =======         
           ?Subroutine82           C6C6 
    -------------------------------------------------------------------------
<CODE> 1 (was CODE)
  Relative segment, address: C6CC - C6D5 (0xa bytes), align: 1
  Segment part 271.           Intra module refs:   ?Subroutine101
                                                   ?Subroutine102
                                                   ?Subroutine103
                                                   ?Subroutine15
                                                   ?Subroutine37
                                                   ?Subroutine68
                                                   ?Subroutine83
                                                   ?Subroutine84
                                                   ?Subroutine85
                                                   ?Subroutine86
                                                   ?Subroutine87
                                                   ?Subroutine89
                                                   ?Subroutine99
                                                   Segment part 357
                                                   Segment part 358
                                                   Segment part 368
                                                   ssd1306_clearDisplay
                                                   ssd1306_init
                                                   ssd1306_setPosition
           ENTRY                   ADDRESS         REF BY
           =====                   =======         ======
           Write_IIC_Command       C6CC 
               calls direct
    -------------------------------------------------------------------------
<CODE> 1 (was CODE)
  Relative segment, address: C6D6 - C6D7 (0x2 bytes), align: 1
  Segment part 272.           Intra module refs:   Write_IIC_Command
                                                   Write_IIC_Data
           LOCAL                   ADDRESS         
           =====                   =======         
           ?Subroutine78           C6D6 
    -------------------------------------------------------------------------
<CODE> 1 (was CODE)
  Relative segment, address: C6D8 - C6DF (0x8 bytes), align: 1
  Segment part 273.           Intra module refs:   ?Subroutine78
           LOCAL                   ADDRESS         
           =====                   =======         
           ?Subroutine97           C6D8 
    -------------------------------------------------------------------------
<CODE> 1 (was CODE)
  Relative segment, address: C6E0 - C6E3 (0x4 bytes), align: 1
  Segment part 274.           Intra module refs:   ?Subroutine97
    -------------------------------------------------------------------------
<CODE> 1 (was CODE)
  Relative segment, address: C6E4 - C6F1 (0xe bytes), align: 1
  Segment part 275.           Intra module refs:   ?Subroutine82
                                                   Segment part 274
                                                   Write_IIC_Byte
    -------------------------------------------------------------------------
<CODE> 1 (was CODE)
  Relative segment, address: C6F2 - C715 (0x24 bytes), align: 1
  Segment part 276.           Intra module refs:   ssd1306_printText
           ENTRY                   ADDRESS         REF BY
           =====                   =======         ======
           ssd1306_setPosition     C6F2 
               calls direct
    -------------------------------------------------------------------------
<CODE> 1 (was CODE)
  Relative segment, address: C716 - C71D (0x8 bytes), align: 1
  Segment part 277.           Intra module refs:   ssd1306_setPosition
           LOCAL                   ADDRESS         
           =====                   =======         
           ?Subroutine15           C716 
    -------------------------------------------------------------------------
<CODE> 1 (was CODE)
  Relative segment, address: C71E - C78B (0x6e bytes), align: 1
  Segment part 278.           Intra module refs:   ?Subroutine71
                                                   ssd1306_printTextBlock
           ENTRY                   ADDRESS         REF BY
           =====                   =======         ======
           ssd1306_printText       C71E 
               calls direct
    -------------------------------------------------------------------------
<CODE> 1 (was CODE)
  Relative segment, address: C78C - C78F (0x4 bytes), align: 1
  Segment part 279.           Intra module refs:   ssd1306_printText
                                                   ssd1306_setPosition
           LOCAL                   ADDRESS         
           =====                   =======         
           ?Subroutine56           C78C 
    -------------------------------------------------------------------------
<CODE> 1 (was CODE)
  Relative segment, address: C790 - C797 (0x8 bytes), align: 1
  Segment part 280.           Intra module refs:   ?Subroutine53
                                                   ?Subroutine56
                                                   ssd1306_clearDisplay
           LOCAL                   ADDRESS         
           =====                   =======         
           ?Subroutine101          C790 
    -------------------------------------------------------------------------
<CODE> 1 (was CODE)
  Relative segment, address: C798 - C85F (0xc8 bytes), align: 1
  Segment part 281.           Intra module refs:   main
           ENTRY                   ADDRESS         REF BY
           =====                   =======         ======
           ssd1306_printTextBlock
                                   C798 
               calls direct
    -------------------------------------------------------------------------
<CODE> 1 (was CODE)
  Relative segment, address: C860 - C89B (0x3c bytes), align: 1
  Segment part 282.           Intra module refs:   ssd1306_printText
                                                   ssd1306_printTextBlock
           LOCAL                   ADDRESS         
           =====                   =======         
           ?Subroutine88           C860 
    -------------------------------------------------------------------------
<CODE> 1 (was CODE)
  Relative segment, address: C89C - C8A9 (0xe bytes), align: 1
  Segment part 283.           Intra module refs:   ssd1306_printTextBlock
           LOCAL                   ADDRESS         
           =====                   =======         
           ?Subroutine53           C89C 
    -------------------------------------------------------------------------
<CODE> 1 (was CODE)
  Relative segment, address: C8AA - C8B5 (0xc bytes), align: 1
  Segment part 284.           Intra module refs:   ?Subroutine53
                                                   ssd1306_printText
           LOCAL                   ADDRESS         
           =====                   =======         
           ?Subroutine99           C8AA 
    -------------------------------------------------------------------------
<CODE> 1 (was CODE)
  Relative segment, address: C8B6 - C907 (0x52 bytes), align: 1
  Segment part 285.           Intra module refs:   main
           ENTRY                   ADDRESS         REF BY
           =====                   =======         ======
           ssd1306_clearDisplay    C8B6 
               calls direct
    -------------------------------------------------------------------------
<CODE> 1 (was CODE)
  Relative segment, address: C908 - C909 (0x2 bytes), align: 1
  Segment part 286.           Intra module refs:   ?Subroutine53
                                                   ssd1306_clearDisplay
                                                   ssd1306_printText
           LOCAL                   ADDRESS         
           =====                   =======         
           ?Subroutine94           C908 
    -------------------------------------------------------------------------
<CODE> 1 (was CODE)
  Relative segment, address: C90A - C91D (0x14 bytes), align: 1
  Segment part 287.           Intra module refs:   ?Subroutine94
                                                   ssd1306_setPosition
           LOCAL                   ADDRESS         
           =====                   =======         
           ?Subroutine103          C90A 
    -------------------------------------------------------------------------
<CODE> 1 (was CODE)
  Relative segment, address: C91E - C981 (0x64 bytes), align: 1
  Segment part 288.           Intra module refs:   main
           ENTRY                   ADDRESS         REF BY
           =====                   =======         ======
           ssd1306_init            C91E 
               calls direct
    -------------------------------------------------------------------------
<CODE> 1 (was CODE)
  Relative segment, address: C982 - C98D (0xc bytes), align: 1
  Segment part 289.           Intra module refs:   ssd1306_init
           LOCAL                   ADDRESS         
           =====                   =======         
           ?Subroutine37           C982 
    -------------------------------------------------------------------------
<CODE> 1 (was CODE)
  Relative segment, address: C98E - CA19 (0x8c bytes), align: 1
  Segment part 290.
           ENTRY                   ADDRESS         REF BY
           =====                   =======         ======
           main                    C98E            Segment part 27 (?cstart)
               calls direct
    -------------------------------------------------------------------------
<CODE> 1 (was CODE)
  Relative segment, address: CA1A - CA1F (0x6 bytes), align: 1
  Segment part 291.           Intra module refs:   main
           LOCAL                   ADDRESS         
           =====                   =======         
           ?Subroutine71           CA1A 
    -------------------------------------------------------------------------
<CODE> 1 (was CODE)
  Relative segment, address: CA20 - CA33 (0x14 bytes), align: 1
  Segment part 335.           Intra module refs:   ?Subroutine0
    -------------------------------------------------------------------------
<CODE> 1 (was CODE)
  Relative segment, address: CA34 - CA3B (0x8 bytes), align: 1
  Segment part 356.           Intra module refs:   ssd1306_init
           LOCAL                   ADDRESS         
           =====                   =======         
           ?Subroutine68           CA34 
    -------------------------------------------------------------------------
<CODE> 1 (was CODE)
  Relative segment, address: CA3C - CA3F (0x4 bytes), align: 1
  Segment part 357.           Intra module refs:   ?Subroutine68
                                                   ssd1306_init
    -------------------------------------------------------------------------
<CODE> 1 (was CODE)
  Relative segment, address: CA40 - CA45 (0x6 bytes), align: 1
  Segment part 358.           Intra module refs:   Segment part 357
                                                   ssd1306_clearDisplay
    -------------------------------------------------------------------------
<CODE> 1 (was CODE)
  Relative segment, address: CA46 - CA53 (0xe bytes), align: 1
  Segment part 361.           Intra module refs:   ssd1306_init
           LOCAL                   ADDRESS         
           =====                   =======         
           ?Subroutine89           CA46 
    -------------------------------------------------------------------------
<CODE> 1 (was CODE)
  Relative segment, address: CA54 - CA5B (0x8 bytes), align: 1
  Segment part 362.           Intra module refs:   ssd1306_init
           LOCAL                   ADDRESS         
           =====                   =======         
           ?Subroutine87           CA54 
    -------------------------------------------------------------------------
<CODE> 1 (was CODE)
  Relative segment, address: CA5C - CA69 (0xe bytes), align: 1
  Segment part 363.           Intra module refs:   ?Subroutine87
           LOCAL                   ADDRESS         
           =====                   =======         
           ?Subroutine102          CA5C 
    -------------------------------------------------------------------------
<CODE> 1 (was CODE)
  Relative segment, address: CA6A - CA7B (0x12 bytes), align: 1
  Segment part 364.           Intra module refs:   ssd1306_init
           LOCAL                   ADDRESS         
           =====                   =======         
           ?Subroutine86           CA6A 
    -------------------------------------------------------------------------
<CODE> 1 (was CODE)
  Relative segment, address: CA7C - CA8D (0x12 bytes), align: 1
  Segment part 365.           Intra module refs:   ssd1306_init
           LOCAL                   ADDRESS         
           =====                   =======         
           ?Subroutine85           CA7C 
    -------------------------------------------------------------------------
<CODE> 1 (was CODE)
  Relative segment, address: CA8E - CAA1 (0x14 bytes), align: 1
  Segment part 366.           Intra module refs:   ssd1306_init
           LOCAL                   ADDRESS         
           =====                   =======         
           ?Subroutine84           CA8E 
    -------------------------------------------------------------------------
<CODE> 1 (was CODE)
  Relative segment, address: CAA2 - CAA5 (0x4 bytes), align: 1
  Segment part 367.           Intra module refs:   ssd1306_init
           LOCAL                   ADDRESS         
           =====                   =======         
           ?Subroutine83           CAA2 
    -------------------------------------------------------------------------
<CODE> 1 (was CODE)
  Relative segment, address: CAA6 - CAAD (0x8 bytes), align: 1
  Segment part 368.           Intra module refs:   ?Subroutine83
                                                   ssd1306_init

    *************************************************************************

  FILE NAME : C:\Users\qsb23163\Desktop\examples-SCREEN\DriverLib Examples\SCREEN\gpio\Debug\Obj\crc.r43
    *************************************************************************

  FILE NAME : C:\Users\qsb23163\Desktop\examples-SCREEN\DriverLib Examples\SCREEN\gpio\Debug\Obj\cs.r43
    *************************************************************************

  FILE NAME : C:\Users\qsb23163\Desktop\examples-SCREEN\DriverLib Examples\SCREEN\gpio\Debug\Obj\ecomp.r43
    *************************************************************************

  FILE NAME : C:\Users\qsb23163\Desktop\examples-SCREEN\DriverLib Examples\SCREEN\gpio\Debug\Obj\eusci_a_spi.r43
    *************************************************************************

  FILE NAME : C:\Users\qsb23163\Desktop\examples-SCREEN\DriverLib Examples\SCREEN\gpio\Debug\Obj\eusci_a_uart.r43
    *************************************************************************

  FILE NAME : C:\Users\qsb23163\Desktop\examples-SCREEN\DriverLib Examples\SCREEN\gpio\Debug\Obj\eusci_b_i2c.r43
    *************************************************************************

  FILE NAME : C:\Users\qsb23163\Desktop\examples-SCREEN\DriverLib Examples\SCREEN\gpio\Debug\Obj\eusci_b_spi.r43
    *************************************************************************

  FILE NAME : C:\Users\qsb23163\Desktop\examples-SCREEN\DriverLib Examples\SCREEN\gpio\Debug\Obj\framctl.r43
    *************************************************************************

  FILE NAME : C:\Users\qsb23163\Desktop\examples-SCREEN\DriverLib Examples\SCREEN\gpio\Debug\Obj\gpio.r43
    *************************************************************************

  FILE NAME : C:\Users\qsb23163\Desktop\examples-SCREEN\DriverLib Examples\SCREEN\gpio\Debug\Obj\gpio_ex4_writeToPort1.r43
    *************************************************************************

  FILE NAME : C:\Users\qsb23163\Desktop\examples-SCREEN\DriverLib Examples\SCREEN\gpio\Debug\Obj\lcd_e.r43
    *************************************************************************

  FILE NAME : C:\Users\qsb23163\Desktop\examples-SCREEN\DriverLib Examples\SCREEN\gpio\Debug\Obj\mpy32.r43
    *************************************************************************

  FILE NAME : C:\Users\qsb23163\Desktop\examples-SCREEN\DriverLib Examples\SCREEN\gpio\Debug\Obj\oled.r43
    *************************************************************************

  FILE NAME : C:\Users\qsb23163\Desktop\examples-SCREEN\DriverLib Examples\SCREEN\gpio\Debug\Obj\pmm.r43
    *************************************************************************

  FILE NAME : C:\Users\qsb23163\Desktop\examples-SCREEN\DriverLib Examples\SCREEN\gpio\Debug\Obj\rtc.r43
    *************************************************************************

  FILE NAME : C:\Users\qsb23163\Desktop\examples-SCREEN\DriverLib Examples\SCREEN\gpio\Debug\Obj\sac.r43
    *************************************************************************

  FILE NAME : C:\Users\qsb23163\Desktop\examples-SCREEN\DriverLib Examples\SCREEN\gpio\Debug\Obj\sfr.r43
    *************************************************************************

  FILE NAME : C:\Users\qsb23163\Desktop\examples-SCREEN\DriverLib Examples\SCREEN\gpio\Debug\Obj\sysctl.r43
    *************************************************************************

  FILE NAME : C:\Users\qsb23163\Desktop\examples-SCREEN\DriverLib Examples\SCREEN\gpio\Debug\Obj\tia.r43
    *************************************************************************

  FILE NAME : C:\Users\qsb23163\Desktop\examples-SCREEN\DriverLib Examples\SCREEN\gpio\Debug\Obj\timer_a.r43
    *************************************************************************

  FILE NAME : C:\Users\qsb23163\Desktop\examples-SCREEN\DriverLib Examples\SCREEN\gpio\Debug\Obj\timer_b.r43
    *************************************************************************

  FILE NAME : C:\Users\qsb23163\Desktop\examples-SCREEN\DriverLib Examples\SCREEN\gpio\Debug\Obj\tlv.r43
    *************************************************************************

  FILE NAME : C:\Users\qsb23163\Desktop\examples-SCREEN\DriverLib Examples\SCREEN\gpio\Debug\Obj\wdt_a.r43
    *************************************************************************

  FILE NAME : C:\Program Files (x86)\IAR Systems\Embedded Workbench 8.0\430\lib\dlib\dl430xlsfn.r43
  LIBRARY MODULE, NAME : ?__dbg_break

  SEGMENTS IN THE MODULE
  ======================
<CODE> 1 (was CODE)
  Relative segment, address: CAEA - CAEB (0x2 bytes), align: 1
  Segment part 2.
           ENTRY                   ADDRESS         REF BY
           =====                   =======         ======
           __DebugBreak            CAEA            __exit (?__exit)

    -------------------------------------------------------------------------
  LIBRARY MODULE, NAME : ?__exit

  SEGMENTS IN THE MODULE
  ======================
<CODE> 1 (was CODE)
  Relative segment, address: CAAE - CAC1 (0x14 bytes), align: 1
  Segment part 2.
           ENTRY                   ADDRESS         REF BY
           =====                   =======         ======
           __exit                  CAAE            Segment part 6 (?_exit)
                                                   _exit (?_exit)
               calls direct

    -------------------------------------------------------------------------
  LIBRARY MODULE, NAME : ?_exit

  SEGMENTS IN THE MODULE
  ======================
<CODE> 1 (was CODE)
  Relative segment, address: CAE6, align: 1
  Segment part 0.
           ENTRY                   ADDRESS         REF BY
           =====                   =======         ======
           _exit                   CAE6            exit (?exit)
    -------------------------------------------------------------------------
<CODE> 1 (was CODE)
  Relative segment, address: CAE6 - CAE9 (0x4 bytes), align: 1
  Segment part 6.             Intra module refs:   _exit

    -------------------------------------------------------------------------
  LIBRARY MODULE, NAME : ?cstart

  SEGMENTS IN THE MODULE
  ======================
CSTACK
  Relative segment, address: 2760, align: 1
  Segment part 1.
    -------------------------------------------------------------------------
DATA16_Z
  Relative segment, address: 2000, align: 1
  Segment part 2.
    -------------------------------------------------------------------------
CODE_I
  Relative segment, address: 2012, align: 1
  Segment part 5.
    -------------------------------------------------------------------------
CODE_ID
  Relative segment, address: C670, align: 1
  Segment part 6.
    -------------------------------------------------------------------------
DATA20_Z
  Relative segment, address: 2012, align: 1
  Segment part 7.
    -------------------------------------------------------------------------
DATA20_I
  Relative segment, address: 2012, align: 1
  Segment part 8.
    -------------------------------------------------------------------------
DATA20_ID
  Relative segment, address: C658, align: 1
  Segment part 9.
    -------------------------------------------------------------------------
DATA20_C
  Relative segment, address: C658, align: 1
  Segment part 10.
    -------------------------------------------------------------------------
DATA20_N
  Relative segment, address: 2012, align: 1
  Segment part 12.
    -------------------------------------------------------------------------
CSTART
  Relative segment, address: C658 - C65B (0x4 bytes), align: 1
  Segment part 15.
           ENTRY                   ADDRESS         REF BY
           =====                   =======         ======
           __program_start         C658            ?reset_vector (?reset_vector)
                                                   Absolute parts (?ABS_ENTRY_MOD)
           ?cstart_begin           C658 
    -------------------------------------------------------------------------
CSTART
  Relative segment, address: C65C - C667 (0xc bytes), align: 1
  Segment part 20.
           ENTRY                   ADDRESS         REF BY
           =====                   =======         ======
           ?cstart_init_zero       C65C            buffer (adc)
    -------------------------------------------------------------------------
CSTART
  Relative segment, address: C668 - C66F (0x8 bytes), align: 1
  Segment part 27.            Intra module refs:   Segment part 15
           ENTRY                   ADDRESS         REF BY
           =====                   =======         ======
           ?cstart_call_main       C668 
           ?cstart_end             C670 
    -------------------------------------------------------------------------
CODE_ID
  Relative segment, address: C670, align: 1
  Segment part 28.            Intra module refs:   Segment part 5

    -------------------------------------------------------------------------
  LIBRARY MODULE, NAME : ?reset_vector

  SEGMENTS IN THE MODULE
  ======================
RESET
  Relative segment, address: FFFE - FFFF (0x2 bytes), align: 1
  Segment part 0.
           ENTRY                   ADDRESS         REF BY
           =====                   =======         ======
           ?reset_vector           FFFE            Segment part 15 (?cstart)

    -------------------------------------------------------------------------
  LIBRARY MODULE, NAME : ?exit

  SEGMENTS IN THE MODULE
  ======================
<CODE> 1 (was CODE)
  Relative segment, address: CAE2 - CAE5 (0x4 bytes), align: 1
  Segment part 2.
           ENTRY                   ADDRESS         REF BY
           =====                   =======         ======
           exit                    CAE2            Segment part 27 (?cstart)
               calls direct

    -------------------------------------------------------------------------
  LIBRARY MODULE, NAME : ?CopyMemoryBytes

  SEGMENTS IN THE MODULE
  ======================
<CODE> 1 (was CODE)
  Relative segment, address: CAC2 - CAD1 (0x10 bytes), align: 1
  Segment part 0.
           ENTRY                   ADDRESS         REF BY
           =====                   =======         ======
           ?CopyMemoryBytes        CAC2            main (adc)

    -------------------------------------------------------------------------
  LIBRARY MODULE, NAME : ?memzero

  SEGMENTS IN THE MODULE
  ======================
<CODE> 1 (was CODE)
  Relative segment, address: CAD2 - CAE1 (0x10 bytes), align: 1
  Segment part 2.
           ENTRY                   ADDRESS         REF BY
           =====                   =======         ======
           __data16_memzero        CAD2            ?cstart_init_zero (?cstart)




                ****************************************
                *                                      *
                *      SEGMENTS IN ADDRESS ORDER       *
                *                                      *
                ****************************************


SEGMENT              SPACE    START ADDRESS   END ADDRESS     SIZE  TYPE  ALIGN
=======              =====    =============   ===========     ====  ====  =====
DATA16_AN                              0130 - 0131               2   rel    0
DATA16_I                                  2000                       dse    0
DATA16_Z                               2000 - 2010              11   rel    1
DATA20_Z                                  2012                       rel    1
DATA20_N                                  2012                       rel    1
DATA20_I                                  2012                       rel    1
CODE_I                                    2012                       rel    1
CSTACK                                 2760 - 27FF              A0   rel    1
DATA16_C                               C400 - C656             257   rel    0
DATA20_ID                                 C658                       rel    1
DATA20_C                                  C658                       rel    1
CSTART                                 C658 - C66F              18   rel    1
CODE_ID                                   C670                       rel    1
ISR_CODE                                  C670                       dse    0
<CODE> 1                               C670 - CAEB             47C   rel    1
RESET                                  FFFE - FFFF               2   rel    1

                ****************************************
                *                                      *
                *        END OF CROSS REFERENCE        *
                *                                      *
                ****************************************

 1 174 bytes of CODE  memory
   177 bytes of DATA  memory (+ 2 absolute )
   599 bytes of CONST memory

Errors: none
Warnings: 1

