################################################################################
#                                                                              #
#      IAR Universal Linker V6.4.6.89                                          #
#                                                                              #
#           Link time     =  24/Feb/2024  23:21:02                             #
#           Target CPU    =  MSP430                                            #
#           List file     =  "C:\Users\Administrator\Desktop\临时文件\430\exam #
#                            ples\DriverLib Examples\MSP430FR2xx_4xx\gpio\Debu #
#                            g\List\gpio_ex1_outputHi.map"                     #
#           Output file 1 =  "C:\Users\Administrator\Desktop\临时文件\430\exam #
#                            ples\DriverLib Examples\MSP430FR2xx_4xx\gpio\Debu #
#                            g\Exe\gpio_ex1_outputHi.d43"                      #
#                            Format: ubrof10                                   #
#                            UBROF version 10.0.6                              #
#                            Using library modules for C-SPY (-rt)             #
#           Command line  =  -f                                                #
#                            C:\Users\ADMINI~1\AppData\Local\Temp\EWDE30.tmp   #
#                            ("C:\Users\Administrator\Desktop\临时文件\430\exa #
#                            mples\DriverLib Examples\MSP430FR2xx_4xx\gpio\Deb #
#                            ug\Obj\adc.r43"                                   #
#                            "C:\Users\Administrator\Desktop\临时文件\430\exam #
#                            ples\DriverLib Examples\MSP430FR2xx_4xx\gpio\Debu #
#                            g\Obj\crc.r43"                                    #
#                            "C:\Users\Administrator\Desktop\临时文件\430\exam #
#                            ples\DriverLib Examples\MSP430FR2xx_4xx\gpio\Debu #
#                            g\Obj\cs.r43"                                     #
#                            "C:\Users\Administrator\Desktop\临时文件\430\exam #
#                            ples\DriverLib Examples\MSP430FR2xx_4xx\gpio\Debu #
#                            g\Obj\ecomp.r43"                                  #
#                            "C:\Users\Administrator\Desktop\临时文件\430\exam #
#                            ples\DriverLib Examples\MSP430FR2xx_4xx\gpio\Debu #
#                            g\Obj\eusci_a_spi.r43"                            #
#                            "C:\Users\Administrator\Desktop\临时文件\430\exam #
#                            ples\DriverLib Examples\MSP430FR2xx_4xx\gpio\Debu #
#                            g\Obj\eusci_a_uart.r43"                           #
#                            "C:\Users\Administrator\Desktop\临时文件\430\exam #
#                            ples\DriverLib Examples\MSP430FR2xx_4xx\gpio\Debu #
#                            g\Obj\eusci_b_i2c.r43"                            #
#                            "C:\Users\Administrator\Desktop\临时文件\430\exam #
#                            ples\DriverLib Examples\MSP430FR2xx_4xx\gpio\Debu #
#                            g\Obj\eusci_b_spi.r43"                            #
#                            "C:\Users\Administrator\Desktop\临时文件\430\exam #
#                            ples\DriverLib Examples\MSP430FR2xx_4xx\gpio\Debu #
#                            g\Obj\framctl.r43"                                #
#                            "C:\Users\Administrator\Desktop\临时文件\430\exam #
#                            ples\DriverLib Examples\MSP430FR2xx_4xx\gpio\Debu #
#                            g\Obj\gpio.r43"                                   #
#                            "C:\Users\Administrator\Desktop\临时文件\430\exam #
#                            ples\DriverLib Examples\MSP430FR2xx_4xx\gpio\Debu #
#                            g\Obj\gpio_ex1_outputHi.r43"                      #
#                            "C:\Users\Administrator\Desktop\临时文件\430\exam #
#                            ples\DriverLib Examples\MSP430FR2xx_4xx\gpio\Debu #
#                            g\Obj\lcd_e.r43"                                  #
#                            "C:\Users\Administrator\Desktop\临时文件\430\exam #
#                            ples\DriverLib Examples\MSP430FR2xx_4xx\gpio\Debu #
#                            g\Obj\mpy32.r43"                                  #
#                            "C:\Users\Administrator\Desktop\临时文件\430\exam #
#                            ples\DriverLib Examples\MSP430FR2xx_4xx\gpio\Debu #
#                            g\Obj\pmm.r43"                                    #
#                            "C:\Users\Administrator\Desktop\临时文件\430\exam #
#                            ples\DriverLib Examples\MSP430FR2xx_4xx\gpio\Debu #
#                            g\Obj\rtc.r43"                                    #
#                            "C:\Users\Administrator\Desktop\临时文件\430\exam #
#                            ples\DriverLib Examples\MSP430FR2xx_4xx\gpio\Debu #
#                            g\Obj\sac.r43"                                    #
#                            "C:\Users\Administrator\Desktop\临时文件\430\exam #
#                            ples\DriverLib Examples\MSP430FR2xx_4xx\gpio\Debu #
#                            g\Obj\sfr.r43"                                    #
#                            "C:\Users\Administrator\Desktop\临时文件\430\exam #
#                            ples\DriverLib Examples\MSP430FR2xx_4xx\gpio\Debu #
#                            g\Obj\sysctl.r43"                                 #
#                            "C:\Users\Administrator\Desktop\临时文件\430\exam #
#                            ples\DriverLib Examples\MSP430FR2xx_4xx\gpio\Debu #
#                            g\Obj\tia.r43"                                    #
#                            "C:\Users\Administrator\Desktop\临时文件\430\exam #
#                            ples\DriverLib Examples\MSP430FR2xx_4xx\gpio\Debu #
#                            g\Obj\timer_a.r43"                                #
#                            "C:\Users\Administrator\Desktop\临时文件\430\exam #
#                            ples\DriverLib Examples\MSP430FR2xx_4xx\gpio\Debu #
#                            g\Obj\timer_b.r43"                                #
#                            "C:\Users\Administrator\Desktop\临时文件\430\exam #
#                            ples\DriverLib Examples\MSP430FR2xx_4xx\gpio\Debu #
#                            g\Obj\tlv.r43"                                    #
#                            "C:\Users\Administrator\Desktop\临时文件\430\exam #
#                            ples\DriverLib Examples\MSP430FR2xx_4xx\gpio\Debu #
#                            g\Obj\wdt_a.r43"                                  #
#                            -o                                                #
#                            "C:\Users\Administrator\Desktop\临时文件\430\exam #
#                            ples\DriverLib Examples\MSP430FR2xx_4xx\gpio\Debu #
#                            g\Exe\gpio_ex1_outputHi.d43"                      #
#                            -l                                                #
#                            "C:\Users\Administrator\Desktop\临时文件\430\exam #
#                            ples\DriverLib Examples\MSP430FR2xx_4xx\gpio\Debu #
#                            g\List\gpio_ex1_outputHi.map"                     #
#                            -xms                                              #
#                            "-IC:\Program Files (x86)\IAR Systems\Embedded Wo #
#                            rkbench 8.0\430\LIB\"                             #
#                            -f                                                #
#                            "C:\Program Files (x86)\IAR Systems\Embedded Work #
#                            bench 8.0\430\config\linker\lnk430fr4133.xcl"     #
#                            (-cmsp430 -QCODE_I=CODE_ID -QTLS16_I=TLS16_ID     #
#                            -Z(CONST)INFO=1800-19FF                           #
#                            -Z(CONST)INFOA=1800-19FF                          #
#                            -Z(DATA)DATA16_I,DATA16_Z,DATA16_N,TLS16_I=2000-2 #
#                            7FF                                               #
#                            -Z(DATA)CODE_I                                    #
#                            -Z(DATA)DATA20_I,DATA20_Z,DATA20_N                #
#                            -Z(DATA)CSTACK+_STACK_SIZE#                       #
#                            -Z(CONST)DATA16_P,DATA20_P=C400-FF7F              #
#                            -Z(DATA)DATA16_HEAP+_DATA16_HEAP_SIZE,DATA20_HEAP #
#                            +_DATA20_HEAP_SIZE                                #
#                            -Z(CONST)DATA16_C,DATA16_ID,TLS16_ID,DIFUNCT,CHEC #
#                            KSUM=C400-FF7F                                    #
#                            -Z(CONST)DATA20_C,DATA20_ID                       #
#                            -Z(CODE)CSTART,ISR_CODE,CODE_ID=C400-FF7F         #
#                            -P(CODE)CODE,CODE16=C400-FF7F                     #
#                            -Z(CONST)SIGNATURE=FF80-FF87                      #
#                            -Z(CODE)INTVEC=FF88-FFFF                          #
#                            -Z(CODE)RESET=FFFE-FFFF) -D_STACK_SIZE=A0 -rt     #
#                            "C:\Program Files (x86)\IAR Systems\Embedded Work #
#                            bench 8.0\430\lib\dlib\dl430xlsfn.r43"            #
#                            -e_PrintfLarge=_Printf -e_ScanfLarge=_Scanf       #
#                            -D_DATA16_HEAP_SIZE=A0 -s __program_start         #
#                            -D_DATA20_HEAP_SIZE=50)                           #
#                                                                              #
#                           Copyright (C) 1987-2016 IAR Systems AB.            #
################################################################################





                ****************************************
                *                                      *
                *           CROSS REFERENCE            *
                *                                      *
                ****************************************

       Program entry at :           C41C  Relocatable, from module : ?cstart




                ****************************************
                *                                      *
                *            RUNTIME MODEL             *
                *                                      *
                ****************************************

  __Heap_Handler             = Basic
  __SystemLibrary            = DLib
  __code_model               = large
  __core                     = 430X
  __data_model               = small
  __dlib_file_descriptor     = 0
  __dlib_full_locale_support = 0
  __double_size              = 32
  __pic                      = no
  __reg_r4                   = free
  __reg_r5                   = free
  __rt_version               = 3

                ****************************************
                *                                      *
                *    AUTOMATIC SYMBOL REDIRECTIONS     *
                *                                      *
                ****************************************

                  There are no automatic symbol redirections.



                ****************************************
                *                                      *
                *              MODULE MAP              *
                *                                      *
                ****************************************


  DEFINED ABSOLUTE ENTRIES
    *************************************************************************

  DEFINED ABSOLUTE ENTRIES
  PROGRAM MODULE, NAME : ?ABS_ENTRY_MOD

Absolute parts
           ENTRY                   ADDRESS         REF BY
           =====                   =======         ======
           _DATA20_HEAP_SIZE       0050 
           _DATA16_HEAP_SIZE       00A0 
           _STACK_SIZE             00A0 
    *************************************************************************

  FILE NAME : C:\Users\Administrator\Desktop\临时文件\430\examples\DriverLib Examples\MSP430FR2xx_4xx\gpio\Debug\Obj\adc.r43
  PROGRAM MODULE, NAME : adc

  SEGMENTS IN THE MODULE
  ======================
DATA16_AN
  Relative segment, address: 0130 - 0131 (0x2 bytes), align: 0
  Segment part 1. ROOT        Intra module refs:   PMM_unlockLPM5
           ENTRY                   ADDRESS         REF BY
           =====                   =======         ======
           _A_PM5CTL0_L            0130 
           LOCAL                   ADDRESS         
           =====                   =======         
           PM5CTL0                 0130 
           PM5CTL0_H               0131 
           PM5CTL0_L               0130 
    -------------------------------------------------------------------------
DATA16_C
  Relative segment, address: C400 - C41B (0x1c bytes), align: 1
  Segment part 4.             Intra module refs:   GPIO_setAsOutputPin
                                                   GPIO_setOutputHighOnPin
           LOCAL                   ADDRESS         
           =====                   =======         
           GPIO_PORT_TO_BASE       C400 
    -------------------------------------------------------------------------
<CODE> 1 (was CODE)
  Relative segment, address: C428 - C451 (0x2a bytes), align: 1
  Segment part 167.           Intra module refs:   main
           ENTRY                   ADDRESS         REF BY
           =====                   =======         ======
           GPIO_setAsOutputPin     C428 
    -------------------------------------------------------------------------
<CODE> 1 (was CODE)
  Relative segment, address: C478 - C497 (0x20 bytes), align: 1
  Segment part 171.           Intra module refs:   main
           ENTRY                   ADDRESS         REF BY
           =====                   =======         ======
           GPIO_setOutputHighOnPin
                                   C478 
    -------------------------------------------------------------------------
<CODE> 1 (was CODE)
  Relative segment, address: C452 - C477 (0x26 bytes), align: 1
  Segment part 184.
           ENTRY                   ADDRESS         REF BY
           =====                   =======         ======
           main                    C452            Segment part 26 (?cstart)
               calls direct
    -------------------------------------------------------------------------
<CODE> 1 (was CODE)
  Relative segment, address: C4BE - C4C3 (0x6 bytes), align: 1
  Segment part 182.           Intra module refs:   main
           ENTRY                   ADDRESS         REF BY
           =====                   =======         ======
           PMM_unlockLPM5          C4BE 
    -------------------------------------------------------------------------
<CODE> 1 (was CODE)
  Relative segment, address: C4AC - C4BD (0x12 bytes), align: 1
  Segment part 183.           Intra module refs:   main
           ENTRY                   ADDRESS         REF BY
           =====                   =======         ======
           WDT_A_hold              C4AC 

    *************************************************************************

  FILE NAME : C:\Users\Administrator\Desktop\临时文件\430\examples\DriverLib Examples\MSP430FR2xx_4xx\gpio\Debug\Obj\crc.r43
    *************************************************************************

  FILE NAME : C:\Users\Administrator\Desktop\临时文件\430\examples\DriverLib Examples\MSP430FR2xx_4xx\gpio\Debug\Obj\cs.r43
    *************************************************************************

  FILE NAME : C:\Users\Administrator\Desktop\临时文件\430\examples\DriverLib Examples\MSP430FR2xx_4xx\gpio\Debug\Obj\ecomp.r43
    *************************************************************************

  FILE NAME : C:\Users\Administrator\Desktop\临时文件\430\examples\DriverLib Examples\MSP430FR2xx_4xx\gpio\Debug\Obj\eusci_a_spi.r43
    *************************************************************************

  FILE NAME : C:\Users\Administrator\Desktop\临时文件\430\examples\DriverLib Examples\MSP430FR2xx_4xx\gpio\Debug\Obj\eusci_a_uart.r43
    *************************************************************************

  FILE NAME : C:\Users\Administrator\Desktop\临时文件\430\examples\DriverLib Examples\MSP430FR2xx_4xx\gpio\Debug\Obj\eusci_b_i2c.r43
    *************************************************************************

  FILE NAME : C:\Users\Administrator\Desktop\临时文件\430\examples\DriverLib Examples\MSP430FR2xx_4xx\gpio\Debug\Obj\eusci_b_spi.r43
    *************************************************************************

  FILE NAME : C:\Users\Administrator\Desktop\临时文件\430\examples\DriverLib Examples\MSP430FR2xx_4xx\gpio\Debug\Obj\framctl.r43
    *************************************************************************

  FILE NAME : C:\Users\Administrator\Desktop\临时文件\430\examples\DriverLib Examples\MSP430FR2xx_4xx\gpio\Debug\Obj\gpio.r43
    *************************************************************************

  FILE NAME : C:\Users\Administrator\Desktop\临时文件\430\examples\DriverLib Examples\MSP430FR2xx_4xx\gpio\Debug\Obj\gpio_ex1_outputHi.r43
    *************************************************************************

  FILE NAME : C:\Users\Administrator\Desktop\临时文件\430\examples\DriverLib Examples\MSP430FR2xx_4xx\gpio\Debug\Obj\lcd_e.r43
    *************************************************************************

  FILE NAME : C:\Users\Administrator\Desktop\临时文件\430\examples\DriverLib Examples\MSP430FR2xx_4xx\gpio\Debug\Obj\mpy32.r43
    *************************************************************************

  FILE NAME : C:\Users\Administrator\Desktop\临时文件\430\examples\DriverLib Examples\MSP430FR2xx_4xx\gpio\Debug\Obj\pmm.r43
    *************************************************************************

  FILE NAME : C:\Users\Administrator\Desktop\临时文件\430\examples\DriverLib Examples\MSP430FR2xx_4xx\gpio\Debug\Obj\rtc.r43
    *************************************************************************

  FILE NAME : C:\Users\Administrator\Desktop\临时文件\430\examples\DriverLib Examples\MSP430FR2xx_4xx\gpio\Debug\Obj\sac.r43
    *************************************************************************

  FILE NAME : C:\Users\Administrator\Desktop\临时文件\430\examples\DriverLib Examples\MSP430FR2xx_4xx\gpio\Debug\Obj\sfr.r43
    *************************************************************************

  FILE NAME : C:\Users\Administrator\Desktop\临时文件\430\examples\DriverLib Examples\MSP430FR2xx_4xx\gpio\Debug\Obj\sysctl.r43
    *************************************************************************

  FILE NAME : C:\Users\Administrator\Desktop\临时文件\430\examples\DriverLib Examples\MSP430FR2xx_4xx\gpio\Debug\Obj\tia.r43
    *************************************************************************

  FILE NAME : C:\Users\Administrator\Desktop\临时文件\430\examples\DriverLib Examples\MSP430FR2xx_4xx\gpio\Debug\Obj\timer_a.r43
    *************************************************************************

  FILE NAME : C:\Users\Administrator\Desktop\临时文件\430\examples\DriverLib Examples\MSP430FR2xx_4xx\gpio\Debug\Obj\timer_b.r43
    *************************************************************************

  FILE NAME : C:\Users\Administrator\Desktop\临时文件\430\examples\DriverLib Examples\MSP430FR2xx_4xx\gpio\Debug\Obj\tlv.r43
    *************************************************************************

  FILE NAME : C:\Users\Administrator\Desktop\临时文件\430\examples\DriverLib Examples\MSP430FR2xx_4xx\gpio\Debug\Obj\wdt_a.r43
    *************************************************************************

  FILE NAME : C:\Program Files (x86)\IAR Systems\Embedded Workbench 8.0\430\lib\dlib\dl430xlsfn.r43
  LIBRARY MODULE, NAME : ?__dbg_break

  SEGMENTS IN THE MODULE
  ======================
<CODE> 1 (was CODE)
  Relative segment, address: C4CC - C4CD (0x2 bytes), align: 1
  Segment part 2.
           ENTRY                   ADDRESS         REF BY
           =====                   =======         ======
           __DebugBreak            C4CC            __exit (?__exit)

    -------------------------------------------------------------------------
  LIBRARY MODULE, NAME : ?__exit

  SEGMENTS IN THE MODULE
  ======================
<CODE> 1 (was CODE)
  Relative segment, address: C498 - C4AB (0x14 bytes), align: 1
  Segment part 2.
           ENTRY                   ADDRESS         REF BY
           =====                   =======         ======
           __exit                  C498            Segment part 6 (?_exit)
                                                   _exit (?_exit)
               calls direct

    -------------------------------------------------------------------------
  LIBRARY MODULE, NAME : ?_exit

  SEGMENTS IN THE MODULE
  ======================
<CODE> 1 (was CODE)
  Relative segment, address: C4C4, align: 1
  Segment part 0.
           ENTRY                   ADDRESS         REF BY
           =====                   =======         ======
           _exit                   C4C4            exit (?exit)
    -------------------------------------------------------------------------
<CODE> 1 (was CODE)
  Relative segment, address: C4C4 - C4C7 (0x4 bytes), align: 1
  Segment part 6.             Intra module refs:   _exit

    -------------------------------------------------------------------------
  LIBRARY MODULE, NAME : ?cstart

  SEGMENTS IN THE MODULE
  ======================
CSTACK
  Relative segment, address: 2760, align: 1
  Segment part 1.
    -------------------------------------------------------------------------
CODE_I
  Relative segment, address: 2000, align: 1
  Segment part 5.
    -------------------------------------------------------------------------
CODE_ID
  Relative segment, address: C428, align: 1
  Segment part 6.
    -------------------------------------------------------------------------
DATA20_Z
  Relative segment, address: 2000, align: 1
  Segment part 7.
    -------------------------------------------------------------------------
DATA20_I
  Relative segment, address: 2000, align: 1
  Segment part 8.
    -------------------------------------------------------------------------
DATA20_ID
  Relative segment, address: C41C, align: 1
  Segment part 9.
    -------------------------------------------------------------------------
DATA20_C
  Relative segment, address: C41C, align: 1
  Segment part 10.
    -------------------------------------------------------------------------
DATA20_N
  Relative segment, address: 2000, align: 1
  Segment part 12.
    -------------------------------------------------------------------------
CSTART
  Relative segment, address: C41C - C41F (0x4 bytes), align: 1
  Segment part 15.
           ENTRY                   ADDRESS         REF BY
           =====                   =======         ======
           __program_start         C41C            ?reset_vector (?reset_vector)
                                                   Absolute parts (?ABS_ENTRY_MOD)
           ?cstart_begin           C41C 
    -------------------------------------------------------------------------
CSTART
  Relative segment, address: C420 - C427 (0x8 bytes), align: 1
  Segment part 26.            Intra module refs:   Segment part 15
           ENTRY                   ADDRESS         REF BY
           =====                   =======         ======
           ?cstart_call_main       C420 
           ?cstart_end             C428 
    -------------------------------------------------------------------------
CODE_ID
  Relative segment, address: C428, align: 1
  Segment part 27.            Intra module refs:   Segment part 5

    -------------------------------------------------------------------------
  LIBRARY MODULE, NAME : ?reset_vector

  SEGMENTS IN THE MODULE
  ======================
RESET
  Relative segment, address: FFFE - FFFF (0x2 bytes), align: 1
  Segment part 0.
           ENTRY                   ADDRESS         REF BY
           =====                   =======         ======
           ?reset_vector           FFFE            Segment part 15 (?cstart)

    -------------------------------------------------------------------------
  LIBRARY MODULE, NAME : ?exit

  SEGMENTS IN THE MODULE
  ======================
<CODE> 1 (was CODE)
  Relative segment, address: C4C8 - C4CB (0x4 bytes), align: 1
  Segment part 2.
           ENTRY                   ADDRESS         REF BY
           =====                   =======         ======
           exit                    C4C8            Segment part 26 (?cstart)
               calls direct




                ****************************************
                *                                      *
                *      SEGMENTS IN ADDRESS ORDER       *
                *                                      *
                ****************************************


SEGMENT              SPACE    START ADDRESS   END ADDRESS     SIZE  TYPE  ALIGN
=======              =====    =============   ===========     ====  ====  =====
DATA16_AN                              0130 - 0131               2   rel    0
DATA20_I                                  2000                       rel    1
DATA20_Z                                  2000                       rel    1
DATA20_N                                  2000                       rel    1
CODE_I                                    2000                       rel    1
CSTACK                                 2760 - 27FF              A0   rel    1
DATA16_C                               C400 - C41B              1C   rel    1
DATA20_C                                  C41C                       rel    1
DATA20_ID                                 C41C                       rel    1
CSTART                                 C41C - C427               C   rel    1
ISR_CODE                                  C428                       dse    0
CODE_ID                                   C428                       rel    1
<CODE> 1                               C428 - C4CD              A6   rel    1
RESET                                  FFFE - FFFF               2   rel    1

                ****************************************
                *                                      *
                *        END OF CROSS REFERENCE        *
                *                                      *
                ****************************************

 180 bytes of CODE  memory
 160 bytes of DATA  memory (+ 2 absolute )
  28 bytes of CONST memory

Errors: none
Warnings: none

