################################################################################
#                                                                              #
#      IAR Universal Linker V6.4.6.89                                          #
#                                                                              #
#           Link time     =  28/Feb/2024  23:09:38                             #
#           Target CPU    =  MSP430                                            #
#           List file     =  "D:\examples\DriverLib Examples\MSP430FR2xx_4xx\g #
#                            pio\Debug\List\gpio_ex2_inputCapture.map"         #
#           Output file 1 =  "D:\examples\DriverLib Examples\MSP430FR2xx_4xx\g #
#                            pio\Debug\Exe\gpio_ex2_inputCapture.d43"          #
#                            Format: ubrof10                                   #
#                            UBROF version 10.0.6                              #
#                            Using library modules for C-SPY (-rt)             #
#           Command line  =  -f                                                #
#                            C:\Users\ADMINI~1\AppData\Local\Temp\EW3058.tmp   #
#                            ("D:\examples\DriverLib Examples\MSP430FR2xx_4xx\ #
#                            gpio\Debug\Obj\adc.r43"                           #
#                            "D:\examples\DriverLib Examples\MSP430FR2xx_4xx\g #
#                            pio\Debug\Obj\crc.r43"                            #
#                            "D:\examples\DriverLib Examples\MSP430FR2xx_4xx\g #
#                            pio\Debug\Obj\cs.r43"                             #
#                            "D:\examples\DriverLib Examples\MSP430FR2xx_4xx\g #
#                            pio\Debug\Obj\ecomp.r43"                          #
#                            "D:\examples\DriverLib Examples\MSP430FR2xx_4xx\g #
#                            pio\Debug\Obj\eusci_a_spi.r43"                    #
#                            "D:\examples\DriverLib Examples\MSP430FR2xx_4xx\g #
#                            pio\Debug\Obj\eusci_a_uart.r43"                   #
#                            "D:\examples\DriverLib Examples\MSP430FR2xx_4xx\g #
#                            pio\Debug\Obj\eusci_b_i2c.r43"                    #
#                            "D:\examples\DriverLib Examples\MSP430FR2xx_4xx\g #
#                            pio\Debug\Obj\eusci_b_spi.r43"                    #
#                            "D:\examples\DriverLib Examples\MSP430FR2xx_4xx\g #
#                            pio\Debug\Obj\framctl.r43"                        #
#                            "D:\examples\DriverLib Examples\MSP430FR2xx_4xx\g #
#                            pio\Debug\Obj\gpio.r43"                           #
#                            "D:\examples\DriverLib Examples\MSP430FR2xx_4xx\g #
#                            pio\Debug\Obj\gpio_ex2_inputCapture.r43"          #
#                            "D:\examples\DriverLib Examples\MSP430FR2xx_4xx\g #
#                            pio\Debug\Obj\lcd_e.r43"                          #
#                            "D:\examples\DriverLib Examples\MSP430FR2xx_4xx\g #
#                            pio\Debug\Obj\mpy32.r43"                          #
#                            "D:\examples\DriverLib Examples\MSP430FR2xx_4xx\g #
#                            pio\Debug\Obj\pmm.r43"                            #
#                            "D:\examples\DriverLib Examples\MSP430FR2xx_4xx\g #
#                            pio\Debug\Obj\rtc.r43"                            #
#                            "D:\examples\DriverLib Examples\MSP430FR2xx_4xx\g #
#                            pio\Debug\Obj\sac.r43"                            #
#                            "D:\examples\DriverLib Examples\MSP430FR2xx_4xx\g #
#                            pio\Debug\Obj\sfr.r43"                            #
#                            "D:\examples\DriverLib Examples\MSP430FR2xx_4xx\g #
#                            pio\Debug\Obj\sysctl.r43"                         #
#                            "D:\examples\DriverLib Examples\MSP430FR2xx_4xx\g #
#                            pio\Debug\Obj\tia.r43"                            #
#                            "D:\examples\DriverLib Examples\MSP430FR2xx_4xx\g #
#                            pio\Debug\Obj\timer_a.r43"                        #
#                            "D:\examples\DriverLib Examples\MSP430FR2xx_4xx\g #
#                            pio\Debug\Obj\timer_b.r43"                        #
#                            "D:\examples\DriverLib Examples\MSP430FR2xx_4xx\g #
#                            pio\Debug\Obj\tlv.r43"                            #
#                            "D:\examples\DriverLib Examples\MSP430FR2xx_4xx\g #
#                            pio\Debug\Obj\wdt_a.r43"                          #
#                            -o                                                #
#                            "D:\examples\DriverLib Examples\MSP430FR2xx_4xx\g #
#                            pio\Debug\Exe\gpio_ex2_inputCapture.d43"          #
#                            -l                                                #
#                            "D:\examples\DriverLib Examples\MSP430FR2xx_4xx\g #
#                            pio\Debug\List\gpio_ex2_inputCapture.map"         #
#                            -xms                                              #
#                            "-IC:\Program Files (x86)\IAR Systems\Embedded Wo #
#                            rkbench 8.0\430\LIB\"                             #
#                            -f                                                #
#                            "C:\Program Files (x86)\IAR Systems\Embedded Work #
#                            bench 8.0\430\config\linker\lnk430fr4133.xcl"     #
#                            (-cmsp430 -QCODE_I=CODE_ID -QTLS16_I=TLS16_ID     #
#                            -Z(CONST)INFO=1800-19FF                           #
#                            -Z(CONST)INFOA=1800-19FF                          #
#                            -Z(DATA)DATA16_I,DATA16_Z,DATA16_N,TLS16_I=2000-2 #
#                            7FF                                               #
#                            -Z(DATA)CODE_I                                    #
#                            -Z(DATA)DATA20_I,DATA20_Z,DATA20_N                #
#                            -Z(DATA)CSTACK+_STACK_SIZE#                       #
#                            -Z(CONST)DATA16_P,DATA20_P=C400-FF7F              #
#                            -Z(DATA)DATA16_HEAP+_DATA16_HEAP_SIZE,DATA20_HEAP #
#                            +_DATA20_HEAP_SIZE                                #
#                            -Z(CONST)DATA16_C,DATA16_ID,TLS16_ID,DIFUNCT,CHEC #
#                            KSUM=C400-FF7F                                    #
#                            -Z(CONST)DATA20_C,DATA20_ID                       #
#                            -Z(CODE)CSTART,ISR_CODE,CODE_ID=C400-FF7F         #
#                            -P(CODE)CODE,CODE16=C400-FF7F                     #
#                            -Z(CONST)SIGNATURE=FF80-FF87                      #
#                            -Z(CODE)INTVEC=FF88-FFFF                          #
#                            -Z(CODE)RESET=FFFE-FFFF) -D_STACK_SIZE=A0 -rt     #
#                            "C:\Program Files (x86)\IAR Systems\Embedded Work #
#                            bench 8.0\430\lib\dlib\dl430xlsfn.r43"            #
#                            -e_PrintfLarge=_Printf -e_ScanfLarge=_Scanf       #
#                            -D_DATA16_HEAP_SIZE=A0 -s __program_start         #
#                            -D_DATA20_HEAP_SIZE=50)                           #
#                                                                              #
#                           Copyright (C) 1987-2016 IAR Systems AB.            #
################################################################################





                ****************************************
                *                                      *
                *           CROSS REFERENCE            *
                *                                      *
                ****************************************

       Program entry at :           C41C  Relocatable, from module : ?cstart




                ****************************************
                *                                      *
                *            RUNTIME MODEL             *
                *                                      *
                ****************************************

  __Heap_Handler             = Basic
  __SystemLibrary            = DLib
  __code_model               = large
  __core                     = 430X
  __data_model               = small
  __dlib_file_descriptor     = 0
  __dlib_full_locale_support = 0
  __double_size              = 32
  __pic                      = no
  __reg_r4                   = free
  __reg_r5                   = free
  __rt_version               = 3

                ****************************************
                *                                      *
                *    AUTOMATIC SYMBOL REDIRECTIONS     *
                *                                      *
                ****************************************

                  There are no automatic symbol redirections.



                ****************************************
                *                                      *
                *              MODULE MAP              *
                *                                      *
                ****************************************


  DEFINED ABSOLUTE ENTRIES
    *************************************************************************

  DEFINED ABSOLUTE ENTRIES
  PROGRAM MODULE, NAME : ?ABS_ENTRY_MOD

Absolute parts
           ENTRY                   ADDRESS         REF BY
           =====                   =======         ======
           _DATA20_HEAP_SIZE       0050 
           _DATA16_HEAP_SIZE       00A0 
           _STACK_SIZE             00A0 
    *************************************************************************

  FILE NAME : D:\examples\DriverLib Examples\MSP430FR2xx_4xx\gpio\Debug\Obj\adc.r43
  PROGRAM MODULE, NAME : adc

  SEGMENTS IN THE MODULE
  ======================
DATA16_AN
  Relative segment, address: 0130 - 0131 (0x2 bytes), align: 0
  Segment part 1. ROOT        Intra module refs:   PMM_unlockLPM5
           ENTRY                   ADDRESS         REF BY
           =====                   =======         ======
           _A_PM5CTL0_L            0130 
           LOCAL                   ADDRESS         
           =====                   =======         
           PM5CTL0                 0130 
           PM5CTL0_H               0131 
           PM5CTL0_L               0130 
    -------------------------------------------------------------------------
DATA16_C
  Relative segment, address: C400 - C41B (0x1c bytes), align: 1
  Segment part 5.             Intra module refs:   GPIO_clearInterrupt
                                                   GPIO_enableInterrupt
                                                   GPIO_selectInterruptEdge
                                                   GPIO_setAsInputPinWithPullUpResistor
                                                   GPIO_setAsOutputPin
                                                   GPIO_toggleOutputOnPin
           LOCAL                   ADDRESS         
           =====                   =======         
           GPIO_PORT_TO_BASE       C400 
    -------------------------------------------------------------------------
<CODE> 1 (was CODE)
  Relative segment, address: C4F8 - C521 (0x2a bytes), align: 1
  Segment part 168.           Intra module refs:   main
           ENTRY                   ADDRESS         REF BY
           =====                   =======         ======
           GPIO_setAsOutputPin     C4F8 
    -------------------------------------------------------------------------
<CODE> 1 (was CODE)
  Relative segment, address: C566 - C585 (0x20 bytes), align: 1
  Segment part 174.           Intra module refs:   Port_1
           ENTRY                   ADDRESS         REF BY
           =====                   =======         ======
           GPIO_toggleOutputOnPin
                                   C566 
    -------------------------------------------------------------------------
<CODE> 1 (was CODE)
  Relative segment, address: C488 - C4C3 (0x3c bytes), align: 1
  Segment part 176.           Intra module refs:   main
           ENTRY                   ADDRESS         REF BY
           =====                   =======         ======
           GPIO_setAsInputPinWithPullUpResistor
                                   C488 
    -------------------------------------------------------------------------
<CODE> 1 (was CODE)
  Relative segment, address: C522 - C543 (0x22 bytes), align: 1
  Segment part 178.           Intra module refs:   main
           ENTRY                   ADDRESS         REF BY
           =====                   =======         ======
           GPIO_enableInterrupt    C522 
    -------------------------------------------------------------------------
<CODE> 1 (was CODE)
  Relative segment, address: C544 - C565 (0x22 bytes), align: 1
  Segment part 181.           Intra module refs:   Port_1
                                                   main
           ENTRY                   ADDRESS         REF BY
           =====                   =======         ======
           GPIO_clearInterrupt     C544 
    -------------------------------------------------------------------------
<CODE> 1 (was CODE)
  Relative segment, address: C4C4 - C4F7 (0x34 bytes), align: 1
  Segment part 182.           Intra module refs:   main
           ENTRY                   ADDRESS         REF BY
           =====                   =======         ======
           GPIO_selectInterruptEdge
                                   C4C4 
    -------------------------------------------------------------------------
<CODE> 1 (was CODE)
  Relative segment, address: C440 - C487 (0x48 bytes), align: 1
  Segment part 185.
           ENTRY                   ADDRESS         REF BY
           =====                   =======         ======
           main                    C440            Segment part 26 (?cstart)
               calls direct
    -------------------------------------------------------------------------
ISR_CODE
  Relative segment, address: C428 - C43F (0x18 bytes), align: 1
  Segment part 307.           Intra module refs:   Port_1::??INTVEC 94
           ENTRY                   ADDRESS         REF BY
           =====                   =======         ======
           Port_1                  C428 
               interrupt function
               calls direct
    -------------------------------------------------------------------------
<CODE> 1 (was CODE)
  Relative segment, address: C5AC - C5B1 (0x6 bytes), align: 1
  Segment part 183.           Intra module refs:   main
           ENTRY                   ADDRESS         REF BY
           =====                   =======         ======
           PMM_unlockLPM5          C5AC 
    -------------------------------------------------------------------------
<CODE> 1 (was CODE)
  Relative segment, address: C59A - C5AB (0x12 bytes), align: 1
  Segment part 184.           Intra module refs:   main
           ENTRY                   ADDRESS         REF BY
           =====                   =======         ======
           WDT_A_hold              C59A 
    -------------------------------------------------------------------------
INTVEC
  Common segment, address: FF88 - FFE7 (0x60 bytes), align: 1
  Segment part 2. ROOT 
           ENTRY                   ADDRESS         REF BY
           =====                   =======         ======
           Port_1::??INTVEC 94     FFE6 

    *************************************************************************

  FILE NAME : D:\examples\DriverLib Examples\MSP430FR2xx_4xx\gpio\Debug\Obj\crc.r43
    *************************************************************************

  FILE NAME : D:\examples\DriverLib Examples\MSP430FR2xx_4xx\gpio\Debug\Obj\cs.r43
    *************************************************************************

  FILE NAME : D:\examples\DriverLib Examples\MSP430FR2xx_4xx\gpio\Debug\Obj\ecomp.r43
    *************************************************************************

  FILE NAME : D:\examples\DriverLib Examples\MSP430FR2xx_4xx\gpio\Debug\Obj\eusci_a_spi.r43
    *************************************************************************

  FILE NAME : D:\examples\DriverLib Examples\MSP430FR2xx_4xx\gpio\Debug\Obj\eusci_a_uart.r43
    *************************************************************************

  FILE NAME : D:\examples\DriverLib Examples\MSP430FR2xx_4xx\gpio\Debug\Obj\eusci_b_i2c.r43
    *************************************************************************

  FILE NAME : D:\examples\DriverLib Examples\MSP430FR2xx_4xx\gpio\Debug\Obj\eusci_b_spi.r43
    *************************************************************************

  FILE NAME : D:\examples\DriverLib Examples\MSP430FR2xx_4xx\gpio\Debug\Obj\framctl.r43
    *************************************************************************

  FILE NAME : D:\examples\DriverLib Examples\MSP430FR2xx_4xx\gpio\Debug\Obj\gpio.r43
    *************************************************************************

  FILE NAME : D:\examples\DriverLib Examples\MSP430FR2xx_4xx\gpio\Debug\Obj\gpio_ex2_inputCapture.r43
    *************************************************************************

  FILE NAME : D:\examples\DriverLib Examples\MSP430FR2xx_4xx\gpio\Debug\Obj\lcd_e.r43
    *************************************************************************

  FILE NAME : D:\examples\DriverLib Examples\MSP430FR2xx_4xx\gpio\Debug\Obj\mpy32.r43
    *************************************************************************

  FILE NAME : D:\examples\DriverLib Examples\MSP430FR2xx_4xx\gpio\Debug\Obj\pmm.r43
    *************************************************************************

  FILE NAME : D:\examples\DriverLib Examples\MSP430FR2xx_4xx\gpio\Debug\Obj\rtc.r43
    *************************************************************************

  FILE NAME : D:\examples\DriverLib Examples\MSP430FR2xx_4xx\gpio\Debug\Obj\sac.r43
    *************************************************************************

  FILE NAME : D:\examples\DriverLib Examples\MSP430FR2xx_4xx\gpio\Debug\Obj\sfr.r43
    *************************************************************************

  FILE NAME : D:\examples\DriverLib Examples\MSP430FR2xx_4xx\gpio\Debug\Obj\sysctl.r43
    *************************************************************************

  FILE NAME : D:\examples\DriverLib Examples\MSP430FR2xx_4xx\gpio\Debug\Obj\tia.r43
    *************************************************************************

  FILE NAME : D:\examples\DriverLib Examples\MSP430FR2xx_4xx\gpio\Debug\Obj\timer_a.r43
    *************************************************************************

  FILE NAME : D:\examples\DriverLib Examples\MSP430FR2xx_4xx\gpio\Debug\Obj\timer_b.r43
    *************************************************************************

  FILE NAME : D:\examples\DriverLib Examples\MSP430FR2xx_4xx\gpio\Debug\Obj\tlv.r43
    *************************************************************************

  FILE NAME : D:\examples\DriverLib Examples\MSP430FR2xx_4xx\gpio\Debug\Obj\wdt_a.r43
    *************************************************************************

  FILE NAME : C:\Program Files (x86)\IAR Systems\Embedded Workbench 8.0\430\lib\dlib\dl430xlsfn.r43
  LIBRARY MODULE, NAME : ?__dbg_break

  SEGMENTS IN THE MODULE
  ======================
<CODE> 1 (was CODE)
  Relative segment, address: C5BA - C5BB (0x2 bytes), align: 1
  Segment part 2.
           ENTRY                   ADDRESS         REF BY
           =====                   =======         ======
           __DebugBreak            C5BA            __exit (?__exit)

    -------------------------------------------------------------------------
  LIBRARY MODULE, NAME : ?__exit

  SEGMENTS IN THE MODULE
  ======================
<CODE> 1 (was CODE)
  Relative segment, address: C586 - C599 (0x14 bytes), align: 1
  Segment part 2.
           ENTRY                   ADDRESS         REF BY
           =====                   =======         ======
           __exit                  C586            Segment part 6 (?_exit)
                                                   _exit (?_exit)
               calls direct

    -------------------------------------------------------------------------
  LIBRARY MODULE, NAME : ?_exit

  SEGMENTS IN THE MODULE
  ======================
<CODE> 1 (was CODE)
  Relative segment, address: C5B2, align: 1
  Segment part 0.
           ENTRY                   ADDRESS         REF BY
           =====                   =======         ======
           _exit                   C5B2            exit (?exit)
    -------------------------------------------------------------------------
<CODE> 1 (was CODE)
  Relative segment, address: C5B2 - C5B5 (0x4 bytes), align: 1
  Segment part 6.             Intra module refs:   _exit

    -------------------------------------------------------------------------
  LIBRARY MODULE, NAME : ?cstart

  SEGMENTS IN THE MODULE
  ======================
CSTACK
  Relative segment, address: 2760, align: 1
  Segment part 1.
    -------------------------------------------------------------------------
CODE_I
  Relative segment, address: 2000, align: 1
  Segment part 5.
    -------------------------------------------------------------------------
CODE_ID
  Relative segment, address: C440, align: 1
  Segment part 6.
    -------------------------------------------------------------------------
DATA20_Z
  Relative segment, address: 2000, align: 1
  Segment part 7.
    -------------------------------------------------------------------------
DATA20_I
  Relative segment, address: 2000, align: 1
  Segment part 8.
    -------------------------------------------------------------------------
DATA20_ID
  Relative segment, address: C41C, align: 1
  Segment part 9.
    -------------------------------------------------------------------------
DATA20_C
  Relative segment, address: C41C, align: 1
  Segment part 10.
    -------------------------------------------------------------------------
DATA20_N
  Relative segment, address: 2000, align: 1
  Segment part 12.
    -------------------------------------------------------------------------
CSTART
  Relative segment, address: C41C - C41F (0x4 bytes), align: 1
  Segment part 15.
           ENTRY                   ADDRESS         REF BY
           =====                   =======         ======
           __program_start         C41C            ?reset_vector (?reset_vector)
                                                   Absolute parts (?ABS_ENTRY_MOD)
           ?cstart_begin           C41C 
    -------------------------------------------------------------------------
CSTART
  Relative segment, address: C420 - C427 (0x8 bytes), align: 1
  Segment part 26.            Intra module refs:   Segment part 15
           ENTRY                   ADDRESS         REF BY
           =====                   =======         ======
           ?cstart_call_main       C420 
           ?cstart_end             C428 
    -------------------------------------------------------------------------
CODE_ID
  Relative segment, address: C440, align: 1
  Segment part 27.            Intra module refs:   Segment part 5

    -------------------------------------------------------------------------
  LIBRARY MODULE, NAME : ?reset_vector

  SEGMENTS IN THE MODULE
  ======================
RESET
  Relative segment, address: FFFE - FFFF (0x2 bytes), align: 1
  Segment part 0.
           ENTRY                   ADDRESS         REF BY
           =====                   =======         ======
           ?reset_vector           FFFE            Segment part 15 (?cstart)

    -------------------------------------------------------------------------
  LIBRARY MODULE, NAME : ?exit

  SEGMENTS IN THE MODULE
  ======================
<CODE> 1 (was CODE)
  Relative segment, address: C5B6 - C5B9 (0x4 bytes), align: 1
  Segment part 2.
           ENTRY                   ADDRESS         REF BY
           =====                   =======         ======
           exit                    C5B6            Segment part 26 (?cstart)
               calls direct




                ****************************************
                *                                      *
                *      SEGMENTS IN ADDRESS ORDER       *
                *                                      *
                ****************************************


SEGMENT              SPACE    START ADDRESS   END ADDRESS     SIZE  TYPE  ALIGN
=======              =====    =============   ===========     ====  ====  =====
DATA16_AN                              0130 - 0131               2   rel    0
DATA20_I                                  2000                       rel    1
DATA20_Z                                  2000                       rel    1
DATA20_N                                  2000                       rel    1
CODE_I                                    2000                       rel    1
CSTACK                                 2760 - 27FF              A0   rel    1
DATA16_C                               C400 - C41B              1C   rel    1
DATA20_C                                  C41C                       rel    1
DATA20_ID                                 C41C                       rel    1
CSTART                                 C41C - C427               C   rel    1
ISR_CODE                               C428 - C43F              18   rel    1
CODE_ID                                   C440                       rel    1
<CODE> 1                               C440 - C5BB             17C   rel    1
INTVEC                                 FF88 - FFE7              60   com    1
RESET                                  FFFE - FFFF               2   rel    1

                ****************************************
                *                                      *
                *        END OF CROSS REFERENCE        *
                *                                      *
                ****************************************

 514 bytes of CODE  memory
 160 bytes of DATA  memory (+ 2 absolute )
  28 bytes of CONST memory

Errors: none
Warnings: none

